08-09 15:56:54.665 I/DEBUG   (  166):          bfcf931c  b75e2f17  /system/lib/libc.so (__swrite+103)
08-09 15:56:54.665 I/DEBUG   (  166):          bfcf9320  00000001  
08-09 15:56:54.665 I/DEBUG   (  166):          bfcf9324  b96f9fd0  [heap]
08-09 15:56:54.665 I/DEBUG   (  166):          bfcf9328  00000002  
08-09 15:56:54.665 I/DEBUG   (  166):          bfcf932c  b75b8b33  /system/lib/libc.so (fputs+99)
08-09 15:56:54.665 I/DEBUG   (  166):          bfcf9330  b763c214  /system/lib/libc.so
08-09 15:56:54.665 I/DEBUG   (  166):          bfcf9334  b763bfcc  /system/lib/libc.so
08-09 15:56:54.665 I/DEBUG   (  166):          bfcf9338  00000002  
08-09 15:56:54.665 I/DEBUG   (  166):          bfcf933c  b75e10e9  /system/lib/libc.so (fflush+185)
08-09 15:56:54.665 I/DEBUG   (  166):          bfcf9340  b763c214  /system/lib/libc.so
08-09 15:56:54.665 I/DEBUG   (  166):          bfcf9344  b96f9fd0  [heap]
08-09 15:56:54.665 I/DEBUG   (  166):          bfcf9348  00000002  
08-09 15:56:54.665 I/DEBUG   (  166):          bfcf934c  b96f9980  [heap]
08-09 15:56:54.665 I/BootReceiver(  374): Copying /data/tombstones/tombstone_06 to DropBox (SYSTEM_TOMBSTONE)
08-09 15:56:54.805 W/NetworkManagementSocketTagger(  374): setKernelCountSet(10029, 1) failed with errno -13
08-09 15:56:54.875 I/dalvikvm( 2450): ignoring registerObject request in thread=1
08-09 15:56:54.875 I/dalvikvm( 2450): ignoring registerObject request in thread=1
08-09 15:56:55.025 I/dalvikvm( 2450): Could not find method android.view.Window.setStatusBarColor, referenced from method com.lib.Rock.setStatusColor
08-09 15:56:55.025 W/dalvikvm( 2450): VFY: unable to resolve virtual method 853: Landroid/view/Window;.setStatusBarColor (I)V
08-09 15:56:55.025 D/dalvikvm( 2450): VFY: replacing opcode 0x6e at 0x001a
08-09 15:56:55.235 D/dalvikvm( 2450): JIT code cache reset in 0 ms (0 bytes 1/0)
08-09 15:56:55.235 D/dalvikvm( 2450): GC_FOR_ALLOC freed 75K, 5% free 3239K/3376K, paused 105ms, total 106ms
08-09 15:56:55.245 I/dalvikvm-heap( 2450): Grow heap (frag case) to 4.291MB for 1127532-byte allocation
08-09 15:56:55.265 D/dalvikvm( 2450): GC_FOR_ALLOC freed 1K, 4% free 4339K/4480K, paused 19ms, total 19ms
08-09 15:56:55.265 D/dalvikvm( 2450): GC_CONCURRENT freed 0K, 4% free 4339K/4480K, paused 2ms+1ms, total 4ms
08-09 15:56:55.315 D/dalvikvm( 2450): GC_CONCURRENT freed 9K, 3% free 4729K/4856K, paused 2ms+0ms, total 7ms
08-09 15:56:55.385 D/dalvikvm( 2450): GC_CONCURRENT freed 117K, 4% free 5080K/5256K, paused 2ms+0ms, total 6ms
08-09 15:56:55.535 D/dalvikvm( 2450): GC_CONCURRENT freed 371K, 8% free 5333K/5764K, paused 2ms+17ms, total 22ms
08-09 15:56:55.685 D/dalvikvm( 2450): GC_CONCURRENT freed 371K, 8% free 5683K/6112K, paused 2ms+8ms, total 19ms
08-09 15:56:55.695 V/xiaomi  ( 2450): [Thread:1] Don't send message before initialization succeeded!
08-09 15:56:55.695 V/xiaomi  ( 2450): [Thread:101] failure to get gaid:com.android.vending
08-09 15:56:55.695 V/xiaomi  ( 2379): [Thread:96] JOB: Handle intent action = com.xiaomi.mipush.CLEAR_NOTIFICATION
08-09 15:56:55.815 V/xiaomi  ( 2450): [Thread:101] Don't send message before initialization succeeded!
08-09 15:56:55.815 V/xiaomi  ( 2379): [Thread:96] JOB: Handle intent action = com.xiaomi.mipush.REGISTER_APP
08-09 15:56:55.815 V/xiaomi  ( 2379): [Thread:96] JOB: register app
08-09 15:56:55.815 V/xiaomi  ( 2379): [Thread:96] try send mi push message. packagename:com.rock.xinhuapk action:Registration
08-09 15:56:55.835 V/xiaomi  ( 2450): [Thread:101] Don't send message before initialization succeeded!
08-09 15:56:55.835 V/xiaomi  ( 2379): [Thread:96] JOB: Handle intent action = action_cr_config
08-09 15:56:56.045 D/libEGL  ( 2450): loaded /system/lib/egl/libEGL_adreno.so
08-09 15:56:56.065 D/        ( 2450): HostConnection::get() New Host Connection established 0xb7bdc7b0, tid 2450
08-09 15:56:56.065 D/libEGL  ( 2450): loaded /system/lib/egl/libGLESv1_CM_adreno.so
08-09 15:56:56.075 D/libEGL  ( 2450): loaded /system/lib/egl/libGLESv2_adreno.so
08-09 15:56:56.125 W/EGL_emulation( 2450): eglSurfaceAttrib not implemented 3093 12436
08-09 15:56:56.125 D/OpenGLRenderer( 2450): Enabling debug mode 0
08-09 15:56:56.545 I/ActivityManager(  374): Displayed com.rock.xinhuapk/.IndexActivity: +2s251ms
08-09 15:56:56.575 D/dalvikvm( 2450): GC_FOR_ALLOC freed 759K, 13% free 5697K/6512K, paused 4ms, total 10ms
08-09 15:56:56.585 D/dalvikvm( 2450): GC_FOR_ALLOC freed 46K, 13% free 5834K/6672K, paused 3ms, total 3ms
08-09 15:56:56.975 W/ContextImpl(  374): Calling a method in the system process without a qualified user: android.app.ContextImpl.sendBroadcast:1123 com.android.server.InputMethodManagerService.hideCurrentInputLocked:1880 com.android.server.InputMethodManagerService.windowGainedFocus:1968 com.android.internal.view.IInputMethodManager$Stub.onTransact:221 com.android.server.InputMethodManagerService.onTransact:818 
08-09 15:56:56.975 W/InputMethodManagerService(  374): Got RemoteException sending setActive(false) notification to pid 2330 uid 10029
08-09 15:56:56.985 W/Binder  (  699): Caught a RuntimeException from the binder stub implementation.
08-09 15:56:56.985 W/Binder  (  699): java.lang.NullPointerException
08-09 15:56:56.985 W/Binder  (  699): 	at android.inputmethodservice.IInputMethodWrapper.setSessionEnabled(IInputMethodWrapper.java:280)
08-09 15:56:56.985 W/Binder  (  699): 	at com.android.internal.view.IInputMethod$Stub.onTransact(IInputMethod.java:129)
08-09 15:56:56.985 W/Binder  (  699): 	at android.os.Binder.execTransact(Binder.java:404)
08-09 15:56:56.985 W/Binder  (  699): 	at dalvik.system.NativeStart.run(Native Method)
08-09 15:56:57.625 D/dalvikvm( 2450): GC_CONCURRENT freed 800K, 13% free 5986K/6848K, paused 6ms+1ms, total 17ms
08-09 15:56:57.625 D/dalvikvm( 2450): WAIT_FOR_CONCURRENT_GC blocked 7ms
08-09 15:56:57.945 D/dalvikvm( 2450): GC_CONCURRENT freed 1074K, 17% free 5916K/7052K, paused 1ms+6ms, total 13ms
08-09 15:56:58.635 D/dalvikvm( 2450): GC_CONCURRENT freed 963K, 18% free 5836K/7052K, paused 2ms+1ms, total 9ms
08-09 15:57:28.135 I/Choreographer(  587): Skipped 34 frames!  The application may be doing too much work on its main thread.
08-09 15:57:39.655 I/Choreographer(  587): Skipped 55 frames!  The application may be doing too much work on its main thread.
08-09 15:58:16.884 D/dalvikvm( 2450): GC_FOR_ALLOC freed 271K, 17% free 5901K/7052K, paused 4ms, total 5ms
08-09 15:58:16.884 I/dalvikvm-heap( 2450): Grow heap (frag case) to 5.968MB for 160012-byte allocation
08-09 15:58:16.884 D/dalvikvm( 2450): GC_FOR_ALLOC freed <1K, 17% free 6056K/7212K, paused 8ms, total 8ms
08-09 15:58:27.004 V/xiaomi  ( 2379): [Thread:96] receive a message, appid=2882303761517610798, msgid= RooV0
08-09 15:58:27.094 V/xiaomi  ( 2379): [Thread:96] receive a message, appid=2882303761517610798, msgid= g8ar0
08-09 15:58:27.174 V/xiaomi  ( 2379): [Thread:96] JOB: Handle intent action = com.xiaomi.mipush.SEND_MESSAGE
08-09 15:58:27.174 V/xiaomi  ( 2379): [Thread:96] try send mi push message. packagename:com.rock.xinhuapk action:Notification
08-09 15:58:27.194 V/xiaomi  ( 2379): [Thread:96] JOB: Handle intent action = com.xiaomi.mipush.SEND_MESSAGE
08-09 15:58:27.194 V/xiaomi  ( 2379): [Thread:96] JOB: Handle intent action = com.xiaomi.mipush.SEND_MESSAGE
08-09 15:58:27.194 V/xiaomi  ( 2379): [Thread:96] try send mi push message. packagename:com.rock.xinhuapk action:Notification
08-09 15:58:27.204 V/xiaomi  ( 2379): [Thread:96] try send mi push message. packagename:com.rock.xinhuapk action:Command
08-09 15:58:27.424 V/xiaomi  ( 2379): [Thread:96] receive a message, appid=2882303761517610798, msgid= dcn_1596959926350
08-09 15:58:28.204 V/xiaomi  ( 2379): [Thread:96] receive a message, appid=2882303761517610798, msgid= g8ar2
08-09 15:58:30.064 I/ActivityManager(  374): START u0 {act=android.settings.APPLICATION_DETAILS_SETTINGS dat=package:com.rock.xinhuapk cmp=com.android.settings/.applications.InstalledAppDetails} from pid 2450
08-09 15:58:30.174 D/android.widget.GridLayout(  711): vertical constraints: y1-y0>=53, y2-y1>=269, y2-y0<=96 are inconsistent; permanently removing: y2-y0<=96. 
08-09 15:58:30.284 D/dalvikvm(  711): GC_CONCURRENT freed 359K, 5% free 8615K/9028K, paused 23ms+0ms, total 91ms
08-09 15:58:30.344 D/        (  711): HostConnection::get() New Host Connection established 0xb7b63250, tid 711
08-09 15:58:30.494 W/EGL_emulation(  711): eglSurfaceAttrib not implemented 3093 12436
08-09 15:58:31.654 I/ActivityManager(  374): Displayed com.android.settings/.applications.InstalledAppDetails: +1s585ms
08-09 15:58:31.674 W/ContextImpl(  374): Calling a method in the system process without a qualified user: android.app.ContextImpl.sendBroadcast:1123 com.android.server.InputMethodManagerService.hideCurrentInputLocked:1880 com.android.server.InputMethodManagerService.windowGainedFocus:1968 com.android.internal.view.IInputMethodManager$Stub.onTransact:221 com.android.server.InputMethodManagerService.onTransact:818 
08-09 15:58:32.234 W/IInputConnectionWrapper(  711): showStatusIcon on inactive InputConnection
08-09 15:58:32.394 W/NetworkManagementSocketTagger(  374): setKernelCountSet(10029, 0) failed with errno -13
08-09 15:58:32.424 D/dalvikvm( 2202): JIT code cache reset in 0 ms (0 bytes 1/0)
08-09 15:58:32.434 D/dalvikvm( 2202): GC_CONCURRENT freed 364K, 13% free 2972K/3396K, paused 4ms+0ms, total 14ms
08-09 15:58:33.564 W/EGL_emulation(  711): eglSurfaceAttrib not implemented 3093 12436
08-09 15:58:35.014 I/InstalledAppDetails(  711): Clearing user data for package : com.rock.xinhuapk
08-09 15:58:35.014 I/ActivityManager(  374): Force stopping com.rock.xinhuapk appid=10029 user=0: clear data
08-09 15:58:35.014 I/ActivityManager(  374): Killing 2450:com.rock.xinhuapk/u0a29 (adj 7): stop com.rock.xinhuapk
08-09 15:58:35.014 I/ActivityManager(  374): Killing 2379:com.rock.xinhuapk:pushservice/u0a29 (adj 5): stop com.rock.xinhuapk
08-09 15:58:35.054 I/ActivityManager(  374):   Force finishing activity ActivityRecord{4ab2932c u0 com.rock.xinhuapk/.IndexActivity t6}
08-09 15:58:35.054 I/ActivityManager(  374):   Force finishing activity ActivityRecord{4a817a84 u0 com.android.settings/.applications.InstalledAppDetails t6}
08-09 15:58:35.304 D/dalvikvm(  374): GC_FOR_ALLOC freed 893K, 16% free 10047K/11876K, paused 29ms, total 35ms
08-09 15:58:35.324 D/dalvikvm(  374): GC_FOR_ALLOC freed 436K, 16% free 9983K/11876K, paused 6ms, total 8ms
08-09 15:58:35.324 I/ActivityManager(  374):   Force stopping service ServiceRecord{4a9a1950 u0 com.rock.xinhuapk/com.xiaomi.push.service.XMPushService}
08-09 15:58:35.994 W/EGL_emulation(  734): eglSurfaceAttrib not implemented 3093 12436
08-09 15:58:36.084 W/ContextImpl(  374): Calling a method in the system process without a qualified user: android.app.ContextImpl.sendBroadcast:1123 com.android.server.InputMethodManagerService.hideCurrentInputLocked:1880 com.android.server.InputMethodManagerService.windowGainedFocus:1968 com.android.internal.view.IInputMethodManager$Stub.onTransact:221 com.android.server.InputMethodManagerService.onTransact:818 
08-09 15:58:36.354 D/dalvikvm(  374): GC_FOR_ALLOC freed 640K, 16% free 10014K/11876K, paused 135ms, total 139ms
08-09 15:58:36.634 W/EGL_emulation(  587): eglSurfaceAttrib not implemented 3093 12436
08-09 15:58:37.094 W/WindowManager(  374): Rebuild removed 6 windows but added 5
08-09 15:58:37.094 W/WindowManager(  374): java.lang.RuntimeException: here
08-09 15:58:37.094 W/WindowManager(  374): 	at com.android.server.wm.WindowManagerService.rebuildAppWindowListLocked(WindowManagerService.java:8199)
08-09 15:58:37.094 W/WindowManager(  374): 	at com.android.server.wm.WindowManagerService.rebuildAppWindowListLocked(WindowManagerService.java:8135)
08-09 15:58:37.094 W/WindowManager(  374): 	at com.android.server.wm.WindowManagerService.handleAnimatingStoppedAndTransitionLocked(WindowManagerService.java:8879)
08-09 15:58:37.094 W/WindowManager(  374): 	at com.android.server.wm.WindowManagerService.performLayoutAndPlaceSurfacesLockedInner(WindowManagerService.java:9393)
08-09 15:58:37.094 W/WindowManager(  374): 	at com.android.server.wm.WindowManagerService.performLayoutAndPlaceSurfacesLockedLoop(WindowManagerService.java:8351)
08-09 15:58:37.094 W/WindowManager(  374): 	at com.android.server.wm.WindowManagerService.performLayoutAndPlaceSurfacesLocked(WindowManagerService.java:8293)
08-09 15:58:37.094 W/WindowManager(  374): 	at com.android.server.wm.WindowManagerService.access$400(WindowManagerService.java:165)
08-09 15:58:37.094 W/WindowManager(  374): 	at com.android.server.wm.WindowManagerService$H.handleMessage(WindowManagerService.java:7327)
08-09 15:58:37.094 W/WindowManager(  374): 	at android.os.Handler.dispatchMessage(Handler.java:102)
08-09 15:58:37.094 W/WindowManager(  374): 	at android.os.Looper.loop(Looper.java:136)
08-09 15:58:37.094 W/WindowManager(  374): 	at android.os.HandlerThread.run(HandlerThread.java:61)
08-09 15:58:37.094 W/WindowManager(  374): This window was lost: Window{4a90cf48 u0 com.rock.xinhuapk/com.rock.xinhuapk.IndexActivity}
08-09 15:58:37.094 W/WindowManager(  374): mDisplayId=0 mSession=Session{4a8da15c 2450:u0a10029} mClient=android.os.BinderProxy@4a8d3038
08-09 15:58:37.094 W/WindowManager(  374): mOwnerUid=10029 mShowToOwnerOnly=true package=com.rock.xinhuapk appop=NONE
08-09 15:58:37.094 W/WindowManager(  374): mAttrs=WM.LayoutParams{(0,0)(fillxfill) sim=#20 ty=1 fl=#1810100 pfl=0x8 wanim=0x7f0a0002}
08-09 15:58:37.094 W/WindowManager(  374): Requested w=1080 h=1920 mLayoutSeq=668
08-09 15:58:37.094 W/WindowManager(  374): mBaseLayer=21000 mSubLayer=0 mAnimLayer=21005+0=21005 mLastLayer=21020
08-09 15:58:37.094 W/WindowManager(  374): mToken=AppWindowToken{4aaa2b74 token=Token{4ab293dc ActivityRecord{4ab2932c u0 com.rock.xinhuapk/.IndexActivity t6}}}
08-09 15:58:37.094 W/WindowManager(  374): mRootToken=AppWindowToken{4aaa2b74 token=Token{4ab293dc ActivityRecord{4ab2932c u0 com.rock.xinhuapk/.IndexActivity t6}}}
08-09 15:58:37.094 W/WindowManager(  374): mAppToken=AppWindowToken{4aaa2b74 token=Token{4ab293dc ActivityRecord{4ab2932c u0 com.rock.xinhuapk/.IndexActivity t6}}}
08-09 15:58:37.094 W/WindowManager(  374): mViewVisibility=0x8 mHaveFrame=true mObscured=false
08-09 15:58:37.094 W/WindowManager(  374): mSeq=0 mSystemUiVisibility=0x0
08-09 15:58:37.094 W/WindowManager(  374): mGivenContentInsets=[0,0][0,0] mGivenVisibleInsets=[0,0][0,0]
08-09 15:58:37.094 W/WindowManager(  374): mConfiguration={1.0 460mcc7mnc zh_CN ldltr sw540dp w540dp h935dp 320dpi lrg long port finger qwerty/v/v dpad/v s.6}
08-09 15:58:37.094 W/WindowManager(  374): mHasSurface=false mShownFrame=[0.0,0.0][1080.0,1920.0] isReadyForDisplay()=false
08-09 15:58:37.094 W/WindowManager(  374): mFrame=[0,0][1080,1920] last=[0,0][1080,1920]
08-09 15:58:37.094 W/WindowManager(  374): mSystemDecorRect=[0,50][1080,1920] last=[0,50][1080,1920]
08-09 15:58:37.094 W/WindowManager(  374): Frames: containing=[0,0][1080,1920] parent=[0,0][1080,1920]
08-09 15:58:37.094 W/WindowManager(  374):     display=[0,0][1080,1920] overscan=[0,0][1080,1920]
08-09 15:58:37.094 W/WindowManager(  374):     content=[0,50][1080,1920] visible=[0,50][1080,1920]
08-09 15:58:37.094 W/WindowManager(  374):     decor=[0,50][1080,1920]
08-09 15:58:37.094 W/WindowManager(  374): Cur insets: overscan=[0,0][0,0] content=[0,50][0,0] visible=[0,50][0,0]
08-09 15:58:37.094 W/WindowManager(  374): Lst insets: overscan=[0,0][0,0] content=[0,50][0,0] visible=[0,50][0,0]
08-09 15:58:37.094 W/WindowManager(  374): WindowStateAnimator{4ab2fcec com.rock.xinhuapk/com.rock.xinhuapk.IndexActivity}:
08-09 15:58:37.094 W/WindowManager(  374):   mShownAlpha=1.0 mAlpha=1.0 mLastAlpha=0.0
08-09 15:58:37.094 W/WindowManager(  374): Current app token list:
08-09 15:58:37.094 V/WindowManager(  374):   Display 0
08-09 15:58:37.094 V/WindowManager(  374):   #2: Token{4a8a9c1c ActivityRecord{4a8a9b08 u0 com.vphone.launcher/.Launcher t1}}
08-09 15:58:37.094 V/WindowManager(  374):   #1: Token{4a9a14b4 ActivityRecord{4a817a84 u0 com.android.settings/.applications.InstalledAppDetails t6 f}}
08-09 15:58:37.094 V/WindowManager(  374):   #0: Token{4aa474f8 ActivityRecord{4aa7e164 u0 com.android.camera/.Camera t5}}
08-09 15:58:37.094 W/WindowManager(  374): Final window list:
08-09 15:58:37.094 V/WindowManager(  374):   #0: Window{4a8eafe4 u0 StatusBar}
08-09 15:58:37.094 V/WindowManager(  374):   #1: Window{4a8c9aec u0 KeyguardScrim}
08-09 15:58:37.094 V/WindowManager(  374):   #2: Window{4a88f190 u0 com.vphone.launcher/com.vphone.launcher.Launcher}
08-09 15:58:37.094 V/WindowManager(  374):   #3: Window{4a99e220 u0 com.android.settings/com.android.settings.applications.InstalledAppDetails}
08-09 15:58:37.094 V/WindowManager(  374):   #4: Window{4a9a16f0 u0 com.android.settings/com.android.settings.applications.InstalledAppDetails}
08-09 15:58:37.094 V/WindowManager(  374):   #5: Window{4a8b67b0 u0 com.android.camera/com.android.camera.Camera}
08-09 15:58:37.094 V/WindowManager(  374):   #6: Window{4a8b7088 u0 SurfaceView}
08-09 15:58:37.094 V/WindowManager(  374):   #7: Window{4a90ed7c u0 com.android.systemui.ImageWallpaper}
08-09 15:58:37.294 D/Documents( 2240): Used cached roots for com.android.providers.downloads.documents
08-09 15:58:37.294 D/Documents( 2240): Used cached roots for com.android.externalstorage.documents
08-09 15:58:37.294 D/Documents( 2240): Used cached roots for com.android.providers.media.documents
08-09 15:58:37.294 D/Documents( 2240): Update found 6 roots in 134ms
08-09 15:58:37.294 I/WindowState(  374): WIN DEATH: Window{4a90cf48 u0 com.rock.xinhuapk/com.rock.xinhuapk.IndexActivity}
08-09 15:58:37.354 E/EGL_emulation(  711): egl: destroying current context refused
08-09 15:58:37.394 E/EGL_emulation( 2289): egl: destroying current context refused
08-09 15:58:37.404 W/libEGL  (  711): eglTerminate() called w/ 1 objects remaining
08-09 15:58:37.444 W/libEGL  ( 2289): eglTerminate() called w/ 1 objects remaining
08-09 15:58:37.464 D/keystore(  173): calling clear_uid in state: 3
08-09 15:59:47.163 W/PropertyValuesHolder(  734): Method setBrightness() with type int not found on target class class kn
08-09 15:59:47.163 W/PropertyValuesHolder(  734): Method getBrightness() with type int not found on target class class kn
08-09 15:59:47.543 I/ActivityManager(  374): START u0 {act=android.intent.action.MAIN cat=[android.intent.category.LAUNCHER] flg=0x10200000 cmp=com.rock.xinhuapk/.MainActivity bnds=[858,930][1070,1290] (has extras)} from pid 734
08-09 15:59:47.563 D/dalvikvm(  374): GC_FOR_ALLOC freed 175K, 16% free 9991K/11876K, paused 10ms, total 17ms
08-09 15:59:47.573 W/ContextImpl(  734): Calling a method in the system process without a qualified user: android.app.ContextImpl.sendBroadcast:1137 android.content.ContextWrapper.sendBroadcast:370 com.vphone.launcher.Stats.recordLaunch:129 com.vphone.launcher.Launcher.b:3179 com.vphone.launcher.Launcher.onClickAppShortcut:3117 
08-09 15:59:47.803 D/dalvikvm( 2500): Late-enabling CheckJNI
08-09 15:59:47.803 I/ActivityManager(  374): Start proc com.rock.xinhuapk for activity com.rock.xinhuapk/.MainActivity: pid=2500 uid=10029 gids={50029, 3003, 1028, 1015, 1023}
08-09 15:59:47.813 I/ActivityManager(  374): START u0 {act=android.intent.action.MAIN cat=[android.intent.category.LAUNCHER] flg=0x10200000 cmp=com.rock.xinhuapk/.MainActivity bnds=[858,930][1070,1290] (has extras)} from pid 734
08-09 15:59:47.823 W/ContextImpl(  734): Calling a method in the system process without a qualified user: android.app.ContextImpl.sendBroadcast:1137 android.content.ContextWrapper.sendBroadcast:370 com.vphone.launcher.Stats.recordLaunch:129 com.vphone.launcher.Launcher.b:3179 com.vphone.launcher.Launcher.onClickAppShortcut:3117 
08-09 15:59:48.453 W/NetworkManagementSocketTagger(  374): setKernelCountSet(10029, 1) failed with errno -13
08-09 15:59:48.533 I/dalvikvm( 2500): ignoring registerObject request in thread=1
08-09 15:59:48.533 I/dalvikvm( 2500): ignoring registerObject request in thread=1
08-09 15:59:48.943 I/dalvikvm( 2500): Could not find method android.view.Window.setStatusBarColor, referenced from method com.lib.Rock.setStatusColor
08-09 15:59:48.943 W/dalvikvm( 2500): VFY: unable to resolve virtual method 853: Landroid/view/Window;.setStatusBarColor (I)V
08-09 15:59:48.943 D/dalvikvm( 2500): VFY: replacing opcode 0x6e at 0x001a
08-09 15:59:49.023 W/DebugConnManager(  734): getNetworkInfo() on networkType 1
08-09 15:59:49.033 D/dalvikvm( 2500): JIT code cache reset in 0 ms (0 bytes 1/0)
08-09 15:59:49.033 D/dalvikvm( 2500): GC_FOR_ALLOC freed 95K, 5% free 3050K/3204K, paused 5ms, total 9ms
08-09 15:59:49.053 I/dalvikvm-heap( 2500): Grow heap (frag case) to 7.032MB for 4194316-byte allocation
08-09 15:59:49.053 D/dalvikvm( 2500): GC_FOR_ALLOC freed 2K, 3% free 7144K/7304K, paused 8ms, total 8ms
08-09 15:59:49.063 D/dalvikvm( 2500): GC_CONCURRENT freed 0K, 3% free 7144K/7304K, paused 5ms+2ms, total 8ms
08-09 15:59:49.103 I/Choreographer(  734): Skipped 32 frames!  The application may be doing too much work on its main thread.
08-09 15:59:49.303 D/libEGL  ( 2500): loaded /system/lib/egl/libEGL_adreno.so
08-09 15:59:49.483 D/        ( 2500): HostConnection::get() New Host Connection established 0xb7a7d340, tid 2500
08-09 15:59:49.493 D/libEGL  ( 2500): loaded /system/lib/egl/libGLESv1_CM_adreno.so
08-09 15:59:49.493 D/libEGL  ( 2500): loaded /system/lib/egl/libGLESv2_adreno.so
08-09 15:59:49.553 W/EGL_emulation( 2500): eglSurfaceAttrib not implemented 3093 12436
08-09 15:59:49.563 D/OpenGLRenderer( 2500): Enabling debug mode 0
08-09 15:59:49.593 W/ContextImpl(  374): Calling a method in the system process without a qualified user: android.app.ContextImpl.sendBroadcast:1123 com.android.server.InputMethodManagerService.hideCurrentInputLocked:1880 com.android.server.InputMethodManagerService.windowGainedFocus:1968 com.android.internal.view.IInputMethodManager$Stub.onTransact:221 com.android.server.InputMethodManagerService.onTransact:818 
08-09 15:59:49.643 I/Choreographer(  734): Skipped 31 frames!  The application may be doing too much work on its main thread.
08-09 15:59:49.883 I/ActivityManager(  374): Displayed com.rock.xinhuapk/.MainActivity: +2s208ms
08-09 15:59:50.123 I/ActivityManager(  374): START u0 {cmp=com.rock.xinhuapk/.LoginActivity} from pid 2500
08-09 15:59:50.793 W/EGL_emulation( 2500): eglSurfaceAttrib not implemented 3093 12436
08-09 15:59:50.813 W/ContextImpl(  374): Calling a method in the system process without a qualified user: android.app.ContextImpl.sendBroadcast:1123 com.android.server.InputMethodManagerService.hideCurrentInputLocked:1880 com.android.server.InputMethodManagerService.windowGainedFocus:1968 com.android.internal.view.IInputMethodManager$Stub.onTransact:221 com.android.server.InputMethodManagerService.onTransact:818 
08-09 15:59:51.073 I/ActivityManager(  374): Displayed com.rock.xinhuapk/.LoginActivity: +510ms
