08-09 15:17:06.202 D/dalvikvm(  734): GC_CONCURRENT freed 3217K, 13% free 23548K/26820K, paused 297ms+2ms, total 352ms
08-09 15:17:06.202 D/dalvikvm(  734): WAIT_FOR_CONCURRENT_GC blocked 72ms
08-09 15:17:06.212 D/dalvikvm(  734): WAIT_FOR_CONCURRENT_GC blocked 78ms
08-09 15:17:06.212 D/dalvikvm(  734): WAIT_FOR_CONCURRENT_GC blocked 67ms
08-09 15:17:06.502 D/dalvikvm( 1142): GC_CONCURRENT freed 381K, 9% free 3646K/4004K, paused 1120ms+18ms, total 3412ms
08-09 15:17:06.532 I/qtaguid ( 1142): Untagging socket 64 failed errno=-13
08-09 15:17:06.532 W/NetworkManagementSocketTagger( 1142): untagSocket(64) failed with errno -13
08-09 15:17:06.532 D/Volley  ( 1142): [47] BasicNetwork.logSlowRequests: HTTP response for request=<[ ] https://app.yeshen.com/api/download/xunlei/swith?imsi=89860081010012291401&timestamp=1596957417038&vcode=274&signature=YTgyODg2ODQ4NjY3MjA0ZDg3N2EyZWMxNWVmZjA1YjRiOTYyNzEzNTgyZjRkM2JkOGEwNjMxNzFjZDZkNmE4ZmJiZDMyYTU4NGQwOTlhNGU4OWQ1N2RkZGY3ZjAzZjFlMDllMTYxNTc5NGY0MWI4YWUzZTkwNGQ2ZTFlNmM3YmQ= 0xdd102e4a NORMAL 1> [lifetime=8219], [size=164], [rc=200], [retryCount=0]
08-09 15:17:06.842 I/ActivityManager(  374): Resuming delayed broadcast
08-09 15:17:07.402 D/dalvikvm(  734): GC_CONCURRENT freed 3953K, 14% free 26462K/30468K, paused 28ms+2ms, total 42ms
08-09 15:17:07.402 D/dalvikvm(  734): WAIT_FOR_CONCURRENT_GC blocked 30ms
08-09 15:17:07.402 D/dalvikvm(  734): WAIT_FOR_CONCURRENT_GC blocked 28ms
08-09 15:17:07.402 D/dalvikvm(  734): WAIT_FOR_CONCURRENT_GC blocked 18ms
08-09 15:17:07.402 D/dalvikvm(  734): WAIT_FOR_CONCURRENT_GC blocked 18ms
08-09 15:17:07.492 I/ActivityManager(  374): Delay finish: com.android.providers.media/.MediaScannerReceiver
08-09 15:17:07.682 I/ActivityManager(  374): Delaying start of: ServiceRecord{4a91d104 u0 com.android.providers.calendar/.EmptyService}
08-09 15:17:08.202 D/Event   ( 1142): No subscribers registered for event class com.bignox.app.store.hd.providers.downloads.CountEvent
08-09 15:17:08.202 D/Event   ( 1142): No subscribers registered for event class de.greenrobot.event.NoSubscriberEvent
08-09 15:17:08.272 D/dalvikvm(  734): GC_CONCURRENT freed 5380K, 16% free 28924K/34356K, paused 21ms+3ms, total 78ms
08-09 15:17:08.272 D/dalvikvm(  734): WAIT_FOR_CONCURRENT_GC blocked 37ms
08-09 15:17:08.272 D/dalvikvm(  734): WAIT_FOR_CONCURRENT_GC blocked 23ms
08-09 15:17:08.272 D/dalvikvm(  734): WAIT_FOR_CONCURRENT_GC blocked 8ms
08-09 15:17:08.972 I/CalendarProvider2( 1205): Sending notification intent: Intent { act=android.intent.action.PROVIDER_CHANGED dat=content://com.android.calendar }
08-09 15:17:08.972 W/ContentResolver( 1205): Failed to get type for: content://com.android.calendar (Unknown URL content://com.android.calendar)
08-09 15:17:09.462 I/ActivityManager(  374): Resuming delayed broadcast
08-09 15:17:09.522 I/ActivityManager(  374): Start proc com.android.onetimeinitializer for broadcast com.android.onetimeinitializer/.OneTimeInitializerReceiver: pid=1288 uid=10007 gids={50007}
08-09 15:17:09.882 D/dalvikvm(  734): GC_FOR_ALLOC freed 4707K, 14% free 32028K/37140K, paused 22ms, total 23ms
08-09 15:17:10.082 I/dalvikvm( 1288): ignoring registerObject request in thread=1
08-09 15:17:10.082 I/dalvikvm( 1288): ignoring registerObject request in thread=1
08-09 15:17:10.132 V/OneTimeInitializerRece( 1288): OneTimeInitializerReceiver.onReceive
08-09 15:17:10.142 I/ActivityManager(  374): Delay finish: com.android.onetimeinitializer/.OneTimeInitializerReceiver
08-09 15:17:10.232 I/ActivityManager(  374): Resuming delayed broadcast
08-09 15:17:10.252 W/ContextImpl( 1142): Calling a method in the system process without a qualified user: android.app.ContextImpl.startService:1492 android.content.ContextWrapper.startService:494 android.content.ContextWrapper.startService:494 com.bignox.app.store.hd.providers.downloads.DownloadReceiver.startService:188 com.bignox.app.store.hd.providers.downloads.DownloadReceiver.onReceive:48 
08-09 15:17:10.252 I/ActivityManager(  374): Delay finish: com.bignox.app.store.hd/.providers.downloads.DownloadReceiver
08-09 15:17:10.342 D/Event   ( 1142): No subscribers registered for event class com.bignox.app.store.hd.providers.downloads.CountEvent
08-09 15:17:10.342 D/Event   ( 1142): No subscribers registered for event class de.greenrobot.event.NoSubscriberEvent
08-09 15:17:10.352 I/ActivityManager(  374): Resuming delayed broadcast
08-09 15:17:10.362 W/ContextImpl(  734): Calling a method in the system process without a qualified user: android.app.ContextImpl.startService:1492 android.content.ContextWrapper.startService:494 android.content.ContextWrapper.startService:494 com.vphone.launcher.providers.downloads.DownloadReceiver.a:188 com.vphone.launcher.providers.downloads.DownloadReceiver.onReceive:48 
08-09 15:17:10.392 D/dalvikvm(  374): GC_EXPLICIT freed 395K, 8% free 5712K/6168K, paused 4ms+2ms, total 26ms
08-09 15:17:10.432 D/Event   ( 1142): No subscribers registered for event class com.bignox.app.store.hd.model.Game
08-09 15:17:10.432 D/Event   ( 1142): No subscribers registered for event class de.greenrobot.event.NoSubscriberEvent
08-09 15:17:10.932 D/Event   ( 1142): No subscribers registered for event class com.bignox.app.store.hd.providers.downloads.CountEvent
08-09 15:17:10.932 D/Event   ( 1142): No subscribers registered for event class de.greenrobot.event.NoSubscriberEvent
08-09 15:17:10.952 I/qtaguid ( 1142): Untagging socket 62 failed errno=-13
08-09 15:17:10.952 W/NetworkManagementSocketTagger( 1142): untagSocket(62) failed with errno -13
08-09 15:17:10.952 D/Volley  ( 1142): [48] BasicNetwork.logSlowRequests: HTTP response for request=<[ ] https://app.yeshen.com/startup/pics 0xdd102e4a NORMAL 2> [lifetime=10406], [size=134], [rc=200], [retryCount=0]
08-09 15:17:10.972 D/BluetoothAdapter(  711): 1249517332: getState() :  mService = null. Returning STATE_OFF
08-09 15:17:11.062 I/ActivityManager(  374): Start proc com.tencent.mm for broadcast com.tencent.mm/.booter.BluetoothReceiver: pid=1318 uid=10027 gids={50027, 3003, 1028, 1015, 1023, 3002, 3001}
08-09 15:17:11.242 W/DebugConnManager(  734): getNetworkInfo() on networkType 1
08-09 15:17:11.292 I/dalvikvm( 1318): ignoring registerObject request in thread=1
08-09 15:17:11.292 I/dalvikvm( 1318): ignoring registerObject request in thread=1
08-09 15:17:11.322 D/Event   ( 1142): No subscribers registered for event class com.bignox.app.store.hd.model.Game
08-09 15:17:11.322 D/Event   ( 1142): No subscribers registered for event class de.greenrobot.event.NoSubscriberEvent
08-09 15:17:11.322 D/Event   ( 1142): No subscribers registered for event class com.bignox.app.store.hd.providers.downloads.CountEvent
08-09 15:17:11.322 D/Event   ( 1142): No subscribers registered for event class de.greenrobot.event.NoSubscriberEvent
08-09 15:17:11.352 D/Event   ( 1142): No subscribers registered for event class com.bignox.app.store.hd.providers.downloads.CountEvent
08-09 15:17:11.352 D/Event   ( 1142): No subscribers registered for event class de.greenrobot.event.NoSubscriberEvent
08-09 15:17:11.352 W/ContextImpl( 1142): Calling a method in the system process without a qualified user: android.app.ContextImpl.sendBroadcast:1123 android.content.ContextWrapper.sendBroadcast:365 com.bignox.app.store.hd.asynctask.InitPackageMapTask.onPostExecute:284 com.bignox.app.store.hd.asynctask.InitPackageMapTask.onPostExecute:32 android.os.AsyncTask.finish:632 
08-09 15:17:11.482 I/dalvikvm( 1318): Could not find method android.app.ActivityManager.getAppTasks, referenced from method com.tencent.mm.sdk.platformtools.bi.fX
08-09 15:17:11.482 W/dalvikvm( 1318): VFY: unable to resolve virtual method 90: Landroid/app/ActivityManager;.getAppTasks ()Ljava/util/List;
08-09 15:17:11.482 D/dalvikvm( 1318): VFY: replacing opcode 0x6e at 0x0011
08-09 15:17:11.482 D/dalvikvm( 1318): DexOpt: couldn't find field Landroid/app/ActivityManager$RecentTaskInfo;.topActivity
08-09 15:17:11.482 I/dalvikvm( 1318): DexOpt: unable to optimize instance field ref 0x0004 at 0x35 in Lcom/tencent/mm/sdk/platformtools/bi;.fX
08-09 15:17:11.532 D/dalvikvm( 1318): Trying to load lib /data/app-lib/com.tencent.mm-1/libstlport_shared.so 0x94f3b8a0
08-09 15:17:11.552 I/qtaguid ( 1142): Tagging socket 62 with tag dd102e4a00000000(-586142134) for uid -1 failed errno=-13
08-09 15:17:11.552 I/NetworkManagementSocketTagger( 1142): tagSocketFd(62, -586142134, -1) failed with errno-13
08-09 15:17:11.552 I/qtaguid ( 1142): Tagging socket 76 with tag dd102e4a00000000(-586142134) for uid -1 failed errno=-13
08-09 15:17:11.552 I/NetworkManagementSocketTagger( 1142): tagSocketFd(76, -586142134, -1) failed with errno-13
08-09 15:17:11.692 I/qtaguid ( 1142): Untagging socket 62 failed errno=-13
08-09 15:17:11.692 W/NetworkManagementSocketTagger( 1142): untagSocket(62) failed with errno -13
08-09 15:17:11.732 D/dalvikvm( 1142): GC_CONCURRENT freed 414K, 12% free 3628K/4096K, paused 6ms+0ms, total 17ms
08-09 15:17:11.752 W/ContextImpl(  374): Calling a method in the system process without a qualified user: android.app.ContextImpl.sendBroadcast:1123 com.android.server.NotificationManagerService$6.run:1838 android.os.Handler.handleCallback:733 android.os.Handler.dispatchMessage:95 android.os.Looper.loop:136 
08-09 15:17:12.042 D/houdini ( 1318): [1318] Loading library(version: 4.0.8.45720 RELEASE)... successfully.
08-09 15:17:12.412 D/dalvikvm( 1318): Added shared lib /data/app-lib/com.tencent.mm-1/libstlport_shared.so 0x94f3b8a0
08-09 15:17:12.412 D/dalvikvm( 1318): No JNI_OnLoad found in /data/app-lib/com.tencent.mm-1/libstlport_shared.so 0x94f3b8a0, skipping init
08-09 15:17:12.412 D/dalvikvm( 1318): Trying to load lib /data/app-lib/com.tencent.mm-1/libc++_shared.so 0x94f3b8a0
08-09 15:17:12.482 D/dalvikvm( 1126): JIT code cache reset in 0 ms (0 bytes 1/0)
08-09 15:17:12.502 D/dalvikvm( 1126): GC_CONCURRENT freed 217K, 9% free 3112K/3384K, paused 46ms+0ms, total 77ms
08-09 15:17:12.502 D/dalvikvm( 1318): Added shared lib /data/app-lib/com.tencent.mm-1/libc++_shared.so 0x94f3b8a0
08-09 15:17:12.502 D/dalvikvm( 1318): No JNI_OnLoad found in /data/app-lib/com.tencent.mm-1/libc++_shared.so 0x94f3b8a0, skipping init
08-09 15:17:12.502 D/dalvikvm( 1318): Trying to load lib /data/app-lib/com.tencent.mm-1/libwechatxlog.so 0x94f3b8a0
08-09 15:17:12.512 D/dalvikvm( 1318): Trying to load lib /data/app-lib/com.tencent.mm-1/libc++_shared.so 0x94f3b8a0
08-09 15:17:12.512 D/dalvikvm( 1318): Shared lib '/data/app-lib/com.tencent.mm-1/libc++_shared.so' already loaded in same CL 0x94f3b8a0
08-09 15:17:12.552 D/dalvikvm( 1318): Added shared lib /data/app-lib/com.tencent.mm-1/libwechatxlog.so 0x94f3b8a0
08-09 15:17:12.552 E/ActivityThread( 1318): Failed to find provider info for com.tencent.mm.coolassist.debugprovider
08-09 15:17:12.722 W/dalvikvm( 1318): VFY: unable to resolve static field 3326 (ENOSPC) in Landroid/system/OsConstants;
08-09 15:17:12.722 D/dalvikvm( 1318): VFY: replacing opcode 0x60 at 0x007d
08-09 15:17:12.972 D/dalvikvm( 1318): JIT code cache reset in 0 ms (0 bytes 1/0)
08-09 15:17:12.992 D/dalvikvm( 1318): GC_CONCURRENT freed 270K, 10% free 3097K/3424K, paused 1ms+25ms, total 58ms
08-09 15:17:13.332 I/ActivityManager(  374): Waited long enough for: ServiceRecord{4a8f7d14 u0 com.bignox.app.store.hd/.services.StoreService}
08-09 15:17:13.622 D/dalvikvm( 1318): GC_FOR_ALLOC freed 297K, 14% free 3155K/3632K, paused 10ms, total 17ms
08-09 15:17:14.763 D/dalvikvm( 1318): GC_FOR_ALLOC freed 212K, 14% free 3155K/3632K, paused 3ms, total 4ms
08-09 15:17:15.373 E/NOX     (   64): recv() error
08-09 15:17:15.373 D/NOX     (   64): Socket read error
08-09 15:17:15.553 D/dalvikvm( 1318): GC_FOR_ALLOC freed 221K, 14% free 3156K/3632K, paused 2ms, total 4ms
08-09 15:17:15.603 D/MediaProvider( 1126): object removed 41
08-09 15:17:15.603 D/MediaProvider( 1126): object removed 44
08-09 15:17:15.603 D/MediaProvider( 1126): object removed 59
08-09 15:17:15.603 D/MediaProvider( 1126): object removed 74
08-09 15:17:15.603 D/MediaProvider( 1126): object removed 77
08-09 15:17:15.603 D/MediaProvider( 1126): object removed 109
08-09 15:17:15.603 D/MediaProvider( 1126): object removed 111
08-09 15:17:15.603 D/MediaProvider( 1126): object removed 114
08-09 15:17:15.603 D/MediaProvider( 1126): object removed 144
08-09 15:17:15.603 D/MediaProvider( 1126): object removed 153
08-09 15:17:15.603 D/MediaProvider( 1126): object removed 162
08-09 15:17:15.603 D/MediaProvider( 1126): object removed 166
08-09 15:17:15.603 D/MediaProvider( 1126): object removed 172
08-09 15:17:15.603 D/MediaProvider( 1126): object removed 173
08-09 15:17:15.603 D/MediaProvider( 1126): object removed 196
08-09 15:17:15.603 D/MediaProvider( 1126): object removed 199
08-09 15:17:15.603 D/MediaProvider( 1126): object removed 200
08-09 15:17:15.663 D/dalvikvm( 1318): GC_FOR_ALLOC freed 221K, 14% free 3157K/3632K, paused 2ms, total 7ms
08-09 15:17:15.853 D/dalvikvm( 1318): GC_FOR_ALLOC freed 222K, 14% free 3157K/3632K, paused 5ms, total 136ms
08-09 15:17:16.043 D/dalvikvm( 1126): GC_CONCURRENT freed 244K, 9% free 3252K/3552K, paused 3ms+0ms, total 14ms
08-09 15:17:16.693 D/dalvikvm( 1318): GC_FOR_ALLOC freed 305K, 13% free 3185K/3632K, paused 4ms, total 5ms
08-09 15:17:16.923 D/dalvikvm( 1318): GC_CONCURRENT freed 132K, 6% free 3436K/3632K, paused 3ms+0ms, total 9ms
08-09 15:17:17.103 D/dalvikvm( 1318): GC_CONCURRENT freed 271K, 9% free 3558K/3888K, paused 2ms+3ms, total 12ms
08-09 15:17:17.253 D/dalvikvm( 1318): GC_CONCURRENT freed 155K, 7% free 3797K/4080K, paused 5ms+4ms, total 14ms
08-09 15:17:17.383 D/dalvikvm( 1318): GC_CONCURRENT freed 287K, 9% free 3894K/4240K, paused 2ms+0ms, total 5ms
08-09 15:17:17.443 D/dalvikvm( 1318): GC_CONCURRENT freed 340K, 10% free 4037K/4440K, paused 7ms+4ms, total 15ms
08-09 15:17:17.713 D/dalvikvm( 1318): GC_CONCURRENT freed 176K, 6% free 4251K/4484K, paused 3ms+2ms, total 18ms
08-09 15:17:18.123 D/dalvikvm( 1318): GC_CONCURRENT freed 207K, 6% free 4461K/4728K, paused 45ms+10ms, total 64ms
08-09 15:17:18.323 D/dalvikvm( 1318): Trying to load lib /data/app-lib/com.tencent.mm-1/libmatrixmrs.so 0x94f3b8a0
08-09 15:17:18.323 D/dalvikvm( 1318): Trying to load lib /data/app-lib/com.tencent.mm-1/libwechatxlog.so 0x94f3b8a0
08-09 15:17:18.323 D/dalvikvm( 1318): Shared lib '/data/app-lib/com.tencent.mm-1/libwechatxlog.so' already loaded in same CL 0x94f3b8a0
08-09 15:17:18.323 D/dalvikvm( 1318): Trying to load lib /data/app-lib/com.tencent.mm-1/libstlport_shared.so 0x94f3b8a0
08-09 15:17:18.323 D/dalvikvm( 1318): Shared lib '/data/app-lib/com.tencent.mm-1/libstlport_shared.so' already loaded in same CL 0x94f3b8a0
08-09 15:17:18.443 D/dalvikvm( 1318): Added shared lib /data/app-lib/com.tencent.mm-1/libmatrixmrs.so 0x94f3b8a0
08-09 15:17:18.463 D/dalvikvm( 1318): Trying to load lib /data/app-lib/com.tencent.mm-1/libSqliteLint-lib.so 0x94f3b8a0
08-09 15:17:18.753 D/dalvikvm( 1318): Added shared lib /data/app-lib/com.tencent.mm-1/libSqliteLint-lib.so 0x94f3b8a0
08-09 15:17:18.803 I/dalvikvm( 1318): Could not find method android.content.res.Resources.getDrawable, referenced from method com.tencent.mm.bq.a.getDrawable
08-09 15:17:18.803 W/dalvikvm( 1318): VFY: unable to resolve virtual method 436: Landroid/content/res/Resources;.getDrawable (ILandroid/content/res/Resources$Theme;)Landroid/graphics/drawable/Drawable;
08-09 15:17:18.803 D/dalvikvm( 1318): VFY: replacing opcode 0x6f at 0x000d
08-09 15:17:18.803 I/dalvikvm( 1318): Could not find method android.content.res.Resources.getDrawableForDensity, referenced from method com.tencent.mm.bq.a.getDrawableForDensity
08-09 15:17:18.803 W/dalvikvm( 1318): VFY: unable to resolve virtual method 438: Landroid/content/res/Resources;.getDrawableForDensity (IILandroid/content/res/Resources$Theme;)Landroid/graphics/drawable/Drawable;
08-09 15:17:18.803 D/dalvikvm( 1318): VFY: replacing opcode 0x6f at 0x000d
08-09 15:17:18.823 D/dalvikvm( 1318): GC_CONCURRENT freed 363K, 9% free 4526K/4948K, paused 14ms+0ms, total 23ms
08-09 15:17:18.873 D/dalvikvm( 1318): Trying to load lib /data/app-lib/com.tencent.mm-1/libhardcoder.so 0x94f3b8a0
08-09 15:17:18.883 D/dalvikvm( 1318): Trying to load lib /data/app-lib/com.tencent.mm-1/libwechatxlog.so 0x94f3b8a0
08-09 15:17:18.883 D/dalvikvm( 1318): Shared lib '/data/app-lib/com.tencent.mm-1/libwechatxlog.so' already loaded in same CL 0x94f3b8a0
08-09 15:17:18.893 D/dalvikvm( 1318): Added shared lib /data/app-lib/com.tencent.mm-1/libhardcoder.so 0x94f3b8a0
08-09 15:17:18.993 W/dalvikvm( 1318): No implementation found for native Lcom/tencent/wcdb/database/SQLiteGlobal;.nativeSetDefaultPageSize:(I)V
08-09 15:17:18.993 D/dalvikvm( 1318): Trying to load lib /data/app-lib/com.tencent.mm-1/libwcdb.so 0x94f3b8a0
08-09 15:17:19.013 D/dalvikvm( 1318): Added shared lib /data/app-lib/com.tencent.mm-1/libwcdb.so 0x94f3b8a0
08-09 15:17:19.023 I/WCDB    ( 1318): Initialize JNI module (1/11) CursorWindow...
08-09 15:17:19.023 V/WCDB.JNIHelp( 1318): Registering com/tencent/wcdb/CursorWindow natives
08-09 15:17:19.023 I/WCDB    ( 1318): Initialize JNI module (2/11) ChunkedCursorWindow...
08-09 15:17:19.023 V/WCDB.JNIHelp( 1318): Registering com/tencent/wcdb/database/ChunkedCursorWindow natives
08-09 15:17:19.023 V/WCDB.JNIHelp( 1318): Registering com/tencent/wcdb/database/SQLiteAsyncQuery natives
08-09 15:17:19.023 I/WCDB    ( 1318): Initialize JNI module (3/11) SQLiteConnection...
08-09 15:17:19.023 I/WCDB    ( 1318): Initialize JNI module (4/11) SQLiteDebug...
08-09 15:17:19.023 V/WCDB.JNIHelp( 1318): Registering com/tencent/wcdb/database/SQLiteDebug natives
08-09 15:17:19.023 I/WCDB    ( 1318): Initialize JNI module (5/11) SQLiteDirectCursor...
08-09 15:17:19.023 V/WCDB.JNIHelp( 1318): Registering com/tencent/wcdb/database/SQLiteDirectQuery natives
08-09 15:17:19.023 I/WCDB    ( 1318): Initialize JNI module (6/11) SQLiteGlobal...
08-09 15:17:19.023 V/WCDB.JNIHelp( 1318): Registering com/tencent/wcdb/database/SQLiteGlobal natives
08-09 15:17:19.023 I/WCDB    ( 1318): Initialize JNI module (7/11) FileUtils...
08-09 15:17:19.023 V/WCDB.JNIHelp( 1318): Registering com/tencent/wcdb/FileUtils natives
08-09 15:17:19.023 I/WCDB    ( 1318): Initialize JNI module (8/11) DBBackup...
08-09 15:17:19.023 V/WCDB.JNIHelp( 1318): Registering com/tencent/wcdb/repair/BackupKit natives
08-09 15:17:19.023 V/WCDB.JNIHelp( 1318): Registering com/tencent/wcdb/repair/RecoverKit natives
08-09 15:17:19.023 I/WCDB    ( 1318): Initialize JNI module (9/11) DBDumpUtil...
08-09 15:17:19.023 V/WCDB.JNIHelp( 1318): Registering com/tencent/wcdb/repair/DBDumpUtil natives
08-09 15:17:19.023 I/WCDB    ( 1318): Initialize JNI module (10/11) DBRepair...
08-09 15:17:19.023 V/WCDB.JNIHelp( 1318): Registering com/tencent/wcdb/repair/RepairKit$RepairCursor natives
08-09 15:17:19.023 D/dalvikvm( 1126): GC_CONCURRENT freed 426K, 14% free 3210K/3692K, paused 6ms+1ms, total 64ms
08-09 15:17:19.033 I/WCDB    ( 1318): Initialize JNI module (11/11) Log...
08-09 15:17:19.033 V/WCDB.JNIHelp( 1318): Registering com/tencent/wcdb/support/Log natives
08-09 15:17:19.033 D/dalvikvm( 1318): GC_CONCURRENT freed 312K, 8% free 4617K/4988K, paused 7ms+0ms, total 14ms
08-09 15:17:19.083 I/dalvikvm( 1318): Could not find method com.tencent.mm.ui.MMActivity.getReferrer, referenced from method com.tencent.mm.ui.MMActivity.cqk
08-09 15:17:19.083 W/dalvikvm( 1318): VFY: unable to resolve virtual method 29565: Lcom/tencent/mm/ui/MMActivity;.getReferrer ()Landroid/net/Uri;
08-09 15:17:19.083 D/dalvikvm( 1318): VFY: replacing opcode 0x6e at 0x0045
08-09 15:17:19.083 I/dalvikvm( 1318): Could not find method android.view.Window.getStatusBarColor, referenced from method com.tencent.mm.ui.MMActivity.lF
08-09 15:17:19.083 W/dalvikvm( 1318): VFY: unable to resolve virtual method 7672: Landroid/view/Window;.getStatusBarColor ()I
08-09 15:17:19.083 D/dalvikvm( 1318): VFY: replacing opcode 0x6e at 0x001d
08-09 15:17:19.093 W/dalvikvm( 1318): VFY: unable to find class referenced in signature (Landroid/app/SharedElementCallback;)
08-09 15:17:19.093 I/dalvikvm( 1318): Could not find method android.app.Activity.setEnterSharedElementCallback, referenced from method android.support.v4.app.FragmentActivity.setEnterSharedElementCallback
08-09 15:17:19.093 W/dalvikvm( 1318): VFY: unable to resolve virtual method 76: Landroid/app/Activity;.setEnterSharedElementCallback (Landroid/app/SharedElementCallback;)V
08-09 15:17:19.093 D/dalvikvm( 1318): VFY: replacing opcode 0x6e at 0x000e
08-09 15:17:19.093 W/dalvikvm( 1318): VFY: unable to find class referenced in signature (Landroid/app/SharedElementCallback;)
08-09 15:17:19.093 I/dalvikvm( 1318): Could not find method android.app.Activity.setExitSharedElementCallback, referenced from method android.support.v4.app.FragmentActivity.setExitSharedElementCallback
08-09 15:17:19.093 W/dalvikvm( 1318): VFY: unable to resolve virtual method 77: Landroid/app/Activity;.setExitSharedElementCallback (Landroid/app/SharedElementCallback;)V
08-09 15:17:19.093 D/dalvikvm( 1318): VFY: replacing opcode 0x6e at 0x000e
08-09 15:17:19.093 E/dalvikvm( 1318): Could not find class 'android.media.session.MediaController', referenced from method android.support.v4.app.FragmentActivity.setSupportMediaController
08-09 15:17:19.093 W/dalvikvm( 1318): VFY: unable to resolve check-cast 208 (Landroid/media/session/MediaController;) in Landroid/support/v4/app/FragmentActivity;
08-09 15:17:19.093 D/dalvikvm( 1318): VFY: replacing opcode 0x1f at 0x000e
08-09 15:17:19.093 I/dalvikvm( 1318): Could not find method android.app.Activity.finishAfterTransition, referenced from method android.support.v4.app.FragmentActivity.supportFinishAfterTransition
08-09 15:17:19.093 W/dalvikvm( 1318): VFY: unable to resolve virtual method 42: Landroid/app/Activity;.finishAfterTransition ()V
08-09 15:17:19.093 D/dalvikvm( 1318): VFY: replacing opcode 0x6e at 0x0006
08-09 15:17:19.093 I/dalvikvm( 1318): Could not find method android.app.Activity.postponeEnterTransition, referenced from method android.support.v4.app.FragmentActivity.supportPostponeEnterTransition
08-09 15:17:19.093 W/dalvikvm( 1318): VFY: unable to resolve virtual method 73: Landroid/app/Activity;.postponeEnterTransition ()V
08-09 15:17:19.093 D/dalvikvm( 1318): VFY: replacing opcode 0x6e at 0x0006
08-09 15:17:19.093 I/dalvikvm( 1318): Could not find method android.app.Activity.startPostponedEnterTransition, referenced from method android.support.v4.app.FragmentActivity.supportStartPostponedEnterTransition
08-09 15:17:19.093 W/dalvikvm( 1318): VFY: unable to resolve virtual method 87: Landroid/app/Activity;.startPostponedEnterTransition ()V
08-09 15:17:19.093 D/dalvikvm( 1318): VFY: replacing opcode 0x6e at 0x0006
08-09 15:17:19.093 I/dalvikvm( 1318): Could not find method android.view.Window.setStatusBarColor, referenced from method com.tencent.mm.ui.s.k
08-09 15:17:19.093 W/dalvikvm( 1318): VFY: unable to resolve virtual method 7682: Landroid/view/Window;.setStatusBarColor (I)V
08-09 15:17:19.093 D/dalvikvm( 1318): VFY: replacing opcode 0x6e at 0x0018
08-09 15:17:19.113 W/dalvikvm( 1318): No implementation found for native Lcom/tencent/mars/smc/SmcLogic;.getLoadLibraries:()Ljava/util/ArrayList;
08-09 15:17:19.123 D/dalvikvm( 1318): Trying to load lib /data/app-lib/com.tencent.mm-1/libc++_shared.so 0x94f3b8a0
08-09 15:17:19.123 D/dalvikvm( 1318): Shared lib '/data/app-lib/com.tencent.mm-1/libc++_shared.so' already loaded in same CL 0x94f3b8a0
08-09 15:17:19.123 D/dalvikvm( 1318): Trying to load lib /data/app-lib/com.tencent.mm-1/libwechatmm.so 0x94f3b8a0
08-09 15:17:19.133 D/dalvikvm( 1318): Trying to load lib /data/app-lib/com.tencent.mm-1/libwechatxlog.so 0x94f3b8a0
08-09 15:17:19.133 D/dalvikvm( 1318): Shared lib '/data/app-lib/com.tencent.mm-1/libwechatxlog.so' already loaded in same CL 0x94f3b8a0
08-09 15:17:19.133 D/dalvikvm( 1318): Trying to load lib /data/app-lib/com.tencent.mm-1/libc++_shared.so 0x94f3b8a0
08-09 15:17:19.133 D/dalvikvm( 1318): Shared lib '/data/app-lib/com.tencent.mm-1/libc++_shared.so' already loaded in same CL 0x94f3b8a0
08-09 15:17:19.153 D/dalvikvm( 1318): GC_FOR_ALLOC freed 171K, 5% free 4855K/5088K, paused 25ms, total 34ms
08-09 15:17:19.153 I/dalvikvm-heap( 1318): Grow heap (frag case) to 5.870MB for 1127532-byte allocation
08-09 15:17:19.193 D/dalvikvm( 1318): GC_FOR_ALLOC freed <1K, 4% free 5956K/6192K, paused 35ms, total 35ms
08-09 15:17:19.273 D/dalvikvm( 1318): Added shared lib /data/app-lib/com.tencent.mm-1/libwechatmm.so 0x94f3b8a0
08-09 15:17:19.273 D/dalvikvm( 1318): GC_CONCURRENT freed <1K, 4% free 5982K/6192K, paused 26ms+25ms, total 80ms
08-09 15:17:20.573 I/dalvikvm( 1318): Could not find method android.widget.ListView.dispatchNestedPreScroll, referenced from method com.tencent.mm.ui.conversation.ConversationWithAppBrandListView.dispatchNestedPreScroll
08-09 15:17:20.573 W/dalvikvm( 1318): VFY: unable to resolve virtual method 3858: Landroid/widget/ListView;.dispatchNestedPreScroll (II[I[I)Z
08-09 15:17:20.573 D/dalvikvm( 1318): VFY: replacing opcode 0x6f at 0x0016
08-09 15:17:20.583 I/dalvikvm( 1318): Could not find method android.widget.ListView.dispatchNestedPreScroll, referenced from method com.tencent.mm.ui.conversation.ConversationWithAppBrandListView.dispatchNestedPreScroll
08-09 15:17:20.583 W/dalvikvm( 1318): VFY: unable to resolve virtual method 3858: Landroid/widget/ListView;.dispatchNestedPreScroll (II[I[I)Z
08-09 15:17:20.583 D/dalvikvm( 1318): VFY: replacing opcode 0x6f at 0x001a
08-09 15:17:21.233 D/dalvikvm( 1318): GC_CONCURRENT freed 601K, 10% free 6351K/7008K, paused 13ms+2ms, total 123ms
08-09 15:17:21.233 D/dalvikvm( 1318): Trying to load lib /data/app-lib/com.tencent.mm-1/libMMProtocalJni.so 0x94f3b8a0
08-09 15:17:21.253 D/dalvikvm( 1318): Trying to load lib /data/app-lib/com.tencent.mm-1/libwechatxlog.so 0x94f3b8a0
08-09 15:17:21.253 D/dalvikvm( 1318): Shared lib '/data/app-lib/com.tencent.mm-1/libwechatxlog.so' already loaded in same CL 0x94f3b8a0
08-09 15:17:21.253 D/dalvikvm( 1318): Trying to load lib /data/app-lib/com.tencent.mm-1/libstlport_shared.so 0x94f3b8a0
08-09 15:17:21.253 D/dalvikvm( 1318): Shared lib '/data/app-lib/com.tencent.mm-1/libstlport_shared.so' already loaded in same CL 0x94f3b8a0
08-09 15:17:21.293 D/dalvikvm( 1318): Added shared lib /data/app-lib/com.tencent.mm-1/libMMProtocalJni.so 0x94f3b8a0
08-09 15:17:21.293 D/dalvikvm( 1318): No JNI_OnLoad found in /data/app-lib/com.tencent.mm-1/libMMProtocalJni.so 0x94f3b8a0, skipping init
08-09 15:17:21.623 I/dalvikvm( 1318): Could not find method android.content.Context.checkSelfPermission, referenced from method com.tinkerboots.sdk.a.na
08-09 15:17:21.623 W/dalvikvm( 1318): VFY: unable to resolve virtual method 261: Landroid/content/Context;.checkSelfPermission (Ljava/lang/String;)I
08-09 15:17:21.623 D/dalvikvm( 1318): VFY: replacing opcode 0x6e at 0x0035
08-09 15:17:21.633 E/dalvikvm( 1318): Could not find class 'android.app.job.JobInfo$Builder', referenced from method com.tencent.tinker.lib.service.TinkerPatchService.bM
08-09 15:17:21.633 W/dalvikvm( 1318): VFY: unable to resolve new-instance 47 (Landroid/app/job/JobInfo$Builder;) in Lcom/tencent/tinker/lib/service/TinkerPatchService;
08-09 15:17:21.633 D/dalvikvm( 1318): VFY: replacing opcode 0x22 at 0x0018
08-09 15:17:21.633 W/dalvikvm( 1318): Unable to resolve superclass of Lcom/tencent/tinker/lib/service/TinkerPatchService$JobServiceRunner; (50)
08-09 15:17:21.633 W/dalvikvm( 1318): Link of class 'Lcom/tencent/tinker/lib/service/TinkerPatchService$JobServiceRunner;' failed
08-09 15:17:21.633 E/dalvikvm( 1318): Could not find class 'com.tencent.tinker.lib.service.TinkerPatchService$JobServiceRunner', referenced from method com.tencent.tinker.lib.service.TinkerPatchService.cGW
08-09 15:17:21.633 W/dalvikvm( 1318): VFY: unable to resolve const-class 20529 (Lcom/tencent/tinker/lib/service/TinkerPatchService$JobServiceRunner;) in Lcom/tencent/tinker/lib/service/TinkerPatchService;
08-09 15:17:21.633 D/dalvikvm( 1318): VFY: replacing opcode 0x1c at 0x0009
08-09 15:17:21.633 D/dalvikvm( 1318): DexOpt: unable to opt direct call 0x00a5 at 0x22 in Lcom/tencent/tinker/lib/service/TinkerPatchService;.bM
08-09 15:17:21.633 D/dalvikvm( 1318): DexOpt: unable to opt direct call 0x04f3 at 0x27 in Lcom/tencent/tinker/lib/service/TinkerPatchService;.bM
08-09 15:17:21.693 D/dalvikvm( 1318): Trying to load lib /data/app-lib/com.tencent.mm-1/libwechatcommon.so 0x94f3b8a0
08-09 15:17:21.703 D/dalvikvm( 1318): Trying to load lib /data/app-lib/com.tencent.mm-1/libwechatxlog.so 0x94f3b8a0
08-09 15:17:21.703 D/dalvikvm( 1318): Shared lib '/data/app-lib/com.tencent.mm-1/libwechatxlog.so' already loaded in same CL 0x94f3b8a0
08-09 15:17:21.703 D/dalvikvm( 1318): Trying to load lib /data/app-lib/com.tencent.mm-1/libwcdb.so 0x94f3b8a0
08-09 15:17:21.703 D/dalvikvm( 1318): Shared lib '/data/app-lib/com.tencent.mm-1/libwcdb.so' already loaded in same CL 0x94f3b8a0
08-09 15:17:21.703 D/dalvikvm( 1318): Trying to load lib /data/app-lib/com.tencent.mm-1/libstlport_shared.so 0x94f3b8a0
08-09 15:17:21.703 D/dalvikvm( 1318): Shared lib '/data/app-lib/com.tencent.mm-1/libstlport_shared.so' already loaded in same CL 0x94f3b8a0
08-09 15:17:21.783 D/dalvikvm( 1318): Added shared lib /data/app-lib/com.tencent.mm-1/libwechatcommon.so 0x94f3b8a0
08-09 15:17:22.003 D/dalvikvm( 1318): Trying to load lib /data/app-lib/com.tencent.mm-1/libwcdb.so 0x94f3b8a0
08-09 15:17:22.003 D/dalvikvm( 1318): Shared lib '/data/app-lib/com.tencent.mm-1/libwcdb.so' already loaded in same CL 0x94f3b8a0
08-09 15:17:22.213 D/dalvikvm( 1318): GC_CONCURRENT freed 1014K, 15% free 6466K/7536K, paused 26ms+27ms, total 95ms
08-09 15:17:22.273 D/dalvikvm( 1318): Trying to load lib /data/app-lib/com.tencent.mm-1/libtencentloc.so 0x94f3b8a0
08-09 15:17:22.293 D/dalvikvm( 1318): Added shared lib /data/app-lib/com.tencent.mm-1/libtencentloc.so 0x94f3b8a0
08-09 15:17:22.303 D/dalvikvm( 1318): Trying to load lib /data/app-lib/com.tencent.mm-1/libtxmapengine.so 0x94f3b8a0
08-09 15:17:22.373 I/ActivityManager(  374): Waited long enough for: ServiceRecord{4a91c42c u0 com.android.providers.media/.MediaScannerService}
08-09 15:17:22.443 D/dalvikvm( 1318): Added shared lib /data/app-lib/com.tencent.mm-1/libtxmapengine.so 0x94f3b8a0
08-09 15:17:22.593 D/dalvikvm( 1318): Trying to load lib /data/app-lib/com.tencent.mm-1/libwechatvoicereco.so 0x94f3b8a0
08-09 15:17:22.633 D/dalvikvm( 1318): Added shared lib /data/app-lib/com.tencent.mm-1/libwechatvoicereco.so 0x94f3b8a0
08-09 15:17:22.663 D/dalvikvm( 1318): Trying to load lib /data/app-lib/com.tencent.mm-1/libFFmpeg.so 0x94f3b8a0
08-09 15:17:22.683 D/dalvikvm( 1318): Trying to load lib /data/app-lib/com.tencent.mm-1/libwechatxlog.so 0x94f3b8a0
08-09 15:17:22.683 D/dalvikvm( 1318): Shared lib '/data/app-lib/com.tencent.mm-1/libwechatxlog.so' already loaded in same CL 0x94f3b8a0
08-09 15:17:22.683 D/dalvikvm( 1318): Trying to load lib /data/app-lib/com.tencent.mm-1/libstlport_shared.so 0x94f3b8a0
08-09 15:17:22.683 D/dalvikvm( 1318): Shared lib '/data/app-lib/com.tencent.mm-1/libstlport_shared.so' already loaded in same CL 0x94f3b8a0
08-09 15:17:22.733 D/dalvikvm( 1318): Added shared lib /data/app-lib/com.tencent.mm-1/libFFmpeg.so 0x94f3b8a0
08-09 15:17:22.733 D/dalvikvm( 1318): No JNI_OnLoad found in /data/app-lib/com.tencent.mm-1/libFFmpeg.so 0x94f3b8a0, skipping init
08-09 15:17:22.733 D/dalvikvm( 1318): Trying to load lib /data/app-lib/com.tencent.mm-1/libwechatpack.so 0x94f3b8a0
08-09 15:17:22.743 D/dalvikvm( 1318): Trying to load lib /data/app-lib/com.tencent.mm-1/libwechatxlog.so 0x94f3b8a0
08-09 15:17:22.743 D/dalvikvm( 1318): Shared lib '/data/app-lib/com.tencent.mm-1/libwechatxlog.so' already loaded in same CL 0x94f3b8a0
08-09 15:17:22.743 D/dalvikvm( 1318): Trying to load lib /data/app-lib/com.tencent.mm-1/libstlport_shared.so 0x94f3b8a0
08-09 15:17:22.743 D/dalvikvm( 1318): Shared lib '/data/app-lib/com.tencent.mm-1/libstlport_shared.so' already loaded in same CL 0x94f3b8a0
08-09 15:17:22.923 D/dalvikvm( 1318): Added shared lib /data/app-lib/com.tencent.mm-1/libwechatpack.so 0x94f3b8a0
08-09 15:17:22.923 D/dalvikvm( 1318): No JNI_OnLoad found in /data/app-lib/com.tencent.mm-1/libwechatpack.so 0x94f3b8a0, skipping init
08-09 15:17:22.973 D/dalvikvm( 1318): Trying to load lib /data/app-lib/com.tencent.mm-1/libwechatsight_v7a.so 0x94f3b8a0
08-09 15:17:22.983 D/dalvikvm( 1318): Trying to load lib /data/app-lib/com.tencent.mm-1/libwechatpack.so 0x94f3b8a0
08-09 15:17:22.983 D/dalvikvm( 1318): Shared lib '/data/app-lib/com.tencent.mm-1/libwechatpack.so' already loaded in same CL 0x94f3b8a0
08-09 15:17:22.983 D/dalvikvm( 1318): Trying to load lib /data/app-lib/com.tencent.mm-1/libFFmpeg.so 0x94f3b8a0
08-09 15:17:22.983 D/dalvikvm( 1318): Shared lib '/data/app-lib/com.tencent.mm-1/libFFmpeg.so' already loaded in same CL 0x94f3b8a0
08-09 15:17:22.983 D/dalvikvm( 1318): Trying to load lib /data/app-lib/com.tencent.mm-1/libwechatxlog.so 0x94f3b8a0
08-09 15:17:22.983 D/dalvikvm( 1318): Shared lib '/data/app-lib/com.tencent.mm-1/libwechatxlog.so' already loaded in same CL 0x94f3b8a0
08-09 15:17:22.983 D/dalvikvm( 1318): Trying to load lib /data/app-lib/com.tencent.mm-1/libstlport_shared.so 0x94f3b8a0
08-09 15:17:22.983 D/dalvikvm( 1318): Shared lib '/data/app-lib/com.tencent.mm-1/libstlport_shared.so' already loaded in same CL 0x94f3b8a0
08-09 15:17:23.023 D/dalvikvm( 1318): Added shared lib /data/app-lib/com.tencent.mm-1/libwechatsight_v7a.so 0x94f3b8a0
08-09 15:17:23.023 D/dalvikvm( 1318): No JNI_OnLoad found in /data/app-lib/com.tencent.mm-1/libwechatsight_v7a.so 0x94f3b8a0, skipping init
08-09 15:17:23.553 D/dalvikvm( 1318): GC_CONCURRENT freed 865K, 13% free 6648K/7572K, paused 7ms+1ms, total 22ms
08-09 15:17:23.673 D/dalvikvm( 1318): Trying to load lib /data/app-lib/com.tencent.mm-1/libappbrandcommon.so 0x94f3b8a0
08-09 15:17:23.703 D/dalvikvm( 1318): Trying to load lib /data/app-lib/com.tencent.mm-1/libwechatxlog.so 0x94f3b8a0
08-09 15:17:23.703 D/dalvikvm( 1318): Shared lib '/data/app-lib/com.tencent.mm-1/libwechatxlog.so' already loaded in same CL 0x94f3b8a0
08-09 15:17:23.703 D/dalvikvm( 1318): Trying to load lib /data/app-lib/com.tencent.mm-1/libstlport_shared.so 0x94f3b8a0
08-09 15:17:23.703 D/dalvikvm( 1318): Shared lib '/data/app-lib/com.tencent.mm-1/libstlport_shared.so' already loaded in same CL 0x94f3b8a0
08-09 15:17:23.733 D/dalvikvm( 1318): Added shared lib /data/app-lib/com.tencent.mm-1/libappbrandcommon.so 0x94f3b8a0
08-09 15:17:23.733 D/dalvikvm( 1318): No JNI_OnLoad found in /data/app-lib/com.tencent.mm-1/libappbrandcommon.so 0x94f3b8a0, skipping init
08-09 15:17:24.313 D/BluetoothManagerService(  374): Message: 20
08-09 15:17:24.313 D/BluetoothManagerService(  374): Added callback: android.bluetooth.IBluetoothManagerCallback$Stub$Proxy@4a8dee64:true
08-09 15:17:24.313 D/BluetoothAdapter( 1318): 1251760688: getState() :  mService = null. Returning STATE_OFF
08-09 15:17:24.363 D/BluetoothAdapter( 1318): 1251760688: getState() :  mService = null. Returning STATE_OFF
08-09 15:17:24.623 E/BandwidthController(  165): Updating quota globalAlert failed (No such file or directory)
08-09 15:17:24.623 W/NetworkStats(  374): problem registering for global alert: java.lang.IllegalStateException: command '19 bandwidth setglobalalert 2097152' failed with '400 19 Bandwidth command failed'
08-09 15:17:24.633 D/ConnectivityService(  374): Sampling interval elapsed, updating statistics ..
08-09 15:17:24.633 D/ConnectivityService(  374): Done.
08-09 15:17:24.633 D/ConnectivityService(  374): Setting timer for 720seconds
08-09 15:17:25.433 D/dalvikvm( 1318): GC_CONCURRENT freed 953K, 13% free 6931K/7940K, paused 34ms+4ms, total 349ms
08-09 15:17:25.433 D/dalvikvm( 1318): WAIT_FOR_CONCURRENT_GC blocked 56ms
08-09 15:17:25.723 D/dalvikvm( 1318): GC_CONCURRENT freed 1084K, 14% free 7151K/8296K, paused 13ms+0ms, total 21ms
08-09 15:17:26.073 D/dalvikvm( 1126): GC_CONCURRENT freed 344K, 12% free 3252K/3692K, paused 2ms+0ms, total 9ms
08-09 15:17:30.983 D/SettingsProvider(  374): User 0 external modification to /data/data/com.android.providers.settings/databases/settings.db; event=8
08-09 15:17:30.983 D/SettingsProvider(  374): User 0 updating our caches for /data/data/com.android.providers.settings/databases/settings.db
08-09 15:17:39.523 D/dalvikvm(  374): GC_CONCURRENT freed 499K, 9% free 5780K/6344K, paused 1ms+1ms, total 42ms
08-09 15:17:39.533 I/ActivityManager(  374): Start proc com.tencent.mm:push for service com.tencent.mm/.booter.CoreService: pid=1444 uid=10027 gids={50027, 3003, 1028, 1015, 1023, 3002, 3001}
08-09 15:17:39.583 I/dalvikvm( 1444): ignoring registerObject request in thread=1
08-09 15:17:39.583 I/dalvikvm( 1444): ignoring registerObject request in thread=1
08-09 15:17:39.633 I/dalvikvm( 1444): Could not find method android.app.ActivityManager.getAppTasks, referenced from method com.tencent.mm.sdk.platformtools.bi.fX
08-09 15:17:39.633 W/dalvikvm( 1444): VFY: unable to resolve virtual method 90: Landroid/app/ActivityManager;.getAppTasks ()Ljava/util/List;
08-09 15:17:39.633 D/dalvikvm( 1444): VFY: replacing opcode 0x6e at 0x0011
08-09 15:17:39.633 D/dalvikvm( 1444): DexOpt: couldn't find field Landroid/app/ActivityManager$RecentTaskInfo;.topActivity
08-09 15:17:39.633 I/dalvikvm( 1444): DexOpt: unable to optimize instance field ref 0x0004 at 0x35 in Lcom/tencent/mm/sdk/platformtools/bi;.fX
08-09 15:17:39.643 D/dalvikvm( 1444): Trying to load lib /data/app-lib/com.tencent.mm-1/libstlport_shared.so 0x94f37880
08-09 15:17:39.763 D/houdini ( 1444): [1444] Loading library(version: 4.0.8.45720 RELEASE)... successfully.
08-09 15:17:39.793 D/dalvikvm( 1444): Added shared lib /data/app-lib/com.tencent.mm-1/libstlport_shared.so 0x94f37880
08-09 15:17:39.793 D/dalvikvm( 1444): No JNI_OnLoad found in /data/app-lib/com.tencent.mm-1/libstlport_shared.so 0x94f37880, skipping init
08-09 15:17:39.793 D/dalvikvm( 1444): Trying to load lib /data/app-lib/com.tencent.mm-1/libc++_shared.so 0x94f37880
08-09 15:17:39.803 D/dalvikvm( 1444): Added shared lib /data/app-lib/com.tencent.mm-1/libc++_shared.so 0x94f37880
08-09 15:17:39.803 D/dalvikvm( 1444): No JNI_OnLoad found in /data/app-lib/com.tencent.mm-1/libc++_shared.so 0x94f37880, skipping init
08-09 15:17:39.803 D/dalvikvm( 1444): Trying to load lib /data/app-lib/com.tencent.mm-1/libwechatxlog.so 0x94f37880
08-09 15:17:39.803 D/dalvikvm( 1444): Trying to load lib /data/app-lib/com.tencent.mm-1/libc++_shared.so 0x94f37880
08-09 15:17:39.803 D/dalvikvm( 1444): Shared lib '/data/app-lib/com.tencent.mm-1/libc++_shared.so' already loaded in same CL 0x94f37880
08-09 15:17:39.823 D/dalvikvm( 1444): Added shared lib /data/app-lib/com.tencent.mm-1/libwechatxlog.so 0x94f37880
08-09 15:17:39.823 E/ActivityThread( 1444): Failed to find provider info for com.tencent.mm.coolassist.debugprovider
08-09 15:17:39.943 W/dalvikvm( 1444): VFY: unable to resolve static field 3326 (ENOSPC) in Landroid/system/OsConstants;
08-09 15:17:39.943 D/dalvikvm( 1444): VFY: replacing opcode 0x60 at 0x007d
08-09 15:17:40.003 D/dalvikvm( 1444): JIT code cache reset in 0 ms (0 bytes 1/0)
08-09 15:17:40.003 D/dalvikvm( 1444): GC_CONCURRENT freed 338K, 12% free 3095K/3492K, paused 2ms+0ms, total 11ms
08-09 15:17:40.003 D/dalvikvm( 1444): WAIT_FOR_CONCURRENT_GC blocked 3ms
08-09 15:17:40.023 D/dalvikvm( 1444): GC_FOR_ALLOC freed 107K, 14% free 3094K/3596K, paused 2ms, total 3ms
08-09 15:17:40.063 D/dalvikvm( 1444): GC_FOR_ALLOC freed 106K, 14% free 3094K/3596K, paused 3ms, total 6ms
08-09 15:17:40.093 D/dalvikvm( 1444): GC_FOR_ALLOC freed 106K, 14% free 3094K/3596K, paused 3ms, total 3ms
08-09 15:17:40.113 D/dalvikvm( 1444): GC_FOR_ALLOC freed 105K, 14% free 3094K/3596K, paused 2ms, total 3ms
08-09 15:17:40.143 D/dalvikvm( 1444): GC_FOR_ALLOC freed 106K, 14% free 3094K/3596K, paused 2ms, total 6ms
08-09 15:17:40.183 D/dalvikvm( 1444): GC_FOR_ALLOC freed 115K, 14% free 3095K/3596K, paused 2ms, total 4ms
08-09 15:17:40.203 D/dalvikvm( 1444): GC_FOR_ALLOC freed 111K, 14% free 3096K/3596K, paused 3ms, total 3ms
08-09 15:17:40.233 D/dalvikvm( 1444): GC_FOR_ALLOC freed 111K, 14% free 3096K/3596K, paused 2ms, total 3ms
08-09 15:17:40.263 D/dalvikvm( 1444): GC_FOR_ALLOC freed 111K, 14% free 3096K/3596K, paused 2ms, total 3ms
08-09 15:17:40.293 D/dalvikvm( 1444): GC_FOR_ALLOC freed 111K, 14% free 3096K/3596K, paused 2ms, total 11ms
08-09 15:17:40.323 D/dalvikvm( 1444): GC_FOR_ALLOC freed 111K, 14% free 3097K/3596K, paused 2ms, total 3ms
08-09 15:17:40.463 D/dalvikvm( 1444): GC_CONCURRENT freed 292K, 12% free 3188K/3596K, paused 2ms+0ms, total 6ms
08-09 15:17:40.533 D/dalvikvm( 1444): GC_CONCURRENT freed 216K, 8% free 3403K/3696K, paused 3ms+1ms, total 5ms
08-09 15:17:40.583 D/dalvikvm( 1444): GC_CONCURRENT freed 138K, 6% free 3678K/3908K, paused 2ms+2ms, total 14ms
08-09 15:17:40.643 D/dalvikvm( 1444): GC_CONCURRENT freed 287K, 9% free 3778K/4124K, paused 2ms+0ms, total 4ms
08-09 15:17:40.673 D/dalvikvm( 1444): GC_CONCURRENT freed 295K, 9% free 3882K/4224K, paused 2ms+0ms, total 6ms
08-09 15:17:40.773 D/dalvikvm( 1444): GC_CONCURRENT freed 244K, 8% free 4025K/4328K, paused 2ms+0ms, total 5ms
08-09 15:17:41.023 D/dalvikvm( 1444): Trying to load lib /data/app-lib/com.tencent.mm-1/libwechatnetwork.so 0x94f37880
08-09 15:17:41.023 D/dalvikvm( 1444): Trying to load lib /data/app-lib/com.tencent.mm-1/libwechatxlog.so 0x94f37880
08-09 15:17:41.023 D/dalvikvm( 1444): Shared lib '/data/app-lib/com.tencent.mm-1/libwechatxlog.so' already loaded in same CL 0x94f37880
08-09 15:17:41.023 D/dalvikvm( 1444): Trying to load lib /data/app-lib/com.tencent.mm-1/libc++_shared.so 0x94f37880
08-09 15:17:41.023 D/dalvikvm( 1444): Shared lib '/data/app-lib/com.tencent.mm-1/libc++_shared.so' already loaded in same CL 0x94f37880
08-09 15:17:41.093 D/dalvikvm( 1444): Added shared lib /data/app-lib/com.tencent.mm-1/libwechatnetwork.so 0x94f37880
08-09 15:17:41.123 D/dalvikvm( 1444): GC_CONCURRENT freed 120K, 5% free 4288K/4468K, paused 2ms+0ms, total 5ms
08-09 15:17:41.153 D/dalvikvm( 1444): Trying to load lib /data/app-lib/com.tencent.mm-1/libSqliteLint-lib.so 0x94f37880
08-09 15:17:41.233 D/dalvikvm( 1444): Added shared lib /data/app-lib/com.tencent.mm-1/libSqliteLint-lib.so 0x94f37880
08-09 15:17:41.263 I/dalvikvm( 1444): Could not find method android.content.res.Resources.getDrawable, referenced from method com.tencent.mm.bq.a.getDrawable
08-09 15:17:41.263 W/dalvikvm( 1444): VFY: unable to resolve virtual method 436: Landroid/content/res/Resources;.getDrawable (ILandroid/content/res/Resources$Theme;)Landroid/graphics/drawable/Drawable;
08-09 15:17:41.263 D/dalvikvm( 1444): VFY: replacing opcode 0x6f at 0x000d
08-09 15:17:41.263 I/dalvikvm( 1444): Could not find method android.content.res.Resources.getDrawableForDensity, referenced from method com.tencent.mm.bq.a.getDrawableForDensity
08-09 15:17:41.263 W/dalvikvm( 1444): VFY: unable to resolve virtual method 438: Landroid/content/res/Resources;.getDrawableForDensity (IILandroid/content/res/Resources$Theme;)Landroid/graphics/drawable/Drawable;
08-09 15:17:41.263 D/dalvikvm( 1444): VFY: replacing opcode 0x6f at 0x000d
08-09 15:17:41.283 D/dalvikvm( 1444): GC_CONCURRENT freed 314K, 8% free 4382K/4732K, paused 2ms+0ms, total 14ms
08-09 15:17:41.343 D/dalvikvm( 1444): Trying to load lib /data/app-lib/com.tencent.mm-1/libMMProtocalJni.so 0x94f37880
08-09 15:17:41.343 D/dalvikvm( 1444): Trying to load lib /data/app-lib/com.tencent.mm-1/libwechatxlog.so 0x94f37880
08-09 15:17:41.343 D/dalvikvm( 1444): Shared lib '/data/app-lib/com.tencent.mm-1/libwechatxlog.so' already loaded in same CL 0x94f37880
08-09 15:17:41.343 D/dalvikvm( 1444): Trying to load lib /data/app-lib/com.tencent.mm-1/libstlport_shared.so 0x94f37880
08-09 15:17:41.343 D/dalvikvm( 1444): Shared lib '/data/app-lib/com.tencent.mm-1/libstlport_shared.so' already loaded in same CL 0x94f37880
08-09 15:17:41.353 D/dalvikvm( 1444): Added shared lib /data/app-lib/com.tencent.mm-1/libMMProtocalJni.so 0x94f37880
08-09 15:17:41.353 D/dalvikvm( 1444): No JNI_OnLoad found in /data/app-lib/com.tencent.mm-1/libMMProtocalJni.so 0x94f37880, skipping init
08-09 15:17:41.383 D/dalvikvm( 1444): GC_CONCURRENT freed 358K, 9% free 4411K/4828K, paused 3ms+0ms, total 6ms
08-09 15:17:41.413 D/dalvikvm( 1444): Trying to load lib /data/app-lib/com.tencent.mm-1/libappbrandcommon.so 0x94f37880
08-09 15:17:41.413 D/dalvikvm( 1444): Trying to load lib /data/app-lib/com.tencent.mm-1/libwechatxlog.so 0x94f37880
08-09 15:17:41.413 D/dalvikvm( 1444): Shared lib '/data/app-lib/com.tencent.mm-1/libwechatxlog.so' already loaded in same CL 0x94f37880
08-09 15:17:41.413 D/dalvikvm( 1444): Trying to load lib /data/app-lib/com.tencent.mm-1/libstlport_shared.so 0x94f37880
08-09 15:17:41.413 D/dalvikvm( 1444): Shared lib '/data/app-lib/com.tencent.mm-1/libstlport_shared.so' already loaded in same CL 0x94f37880
08-09 15:17:41.423 D/dalvikvm( 1444): Added shared lib /data/app-lib/com.tencent.mm-1/libappbrandcommon.so 0x94f37880
08-09 15:17:41.423 D/dalvikvm( 1444): No JNI_OnLoad found in /data/app-lib/com.tencent.mm-1/libappbrandcommon.so 0x94f37880, skipping init
08-09 15:17:41.443 D/dalvikvm( 1444): GC_CONCURRENT freed 280K, 7% free 4517K/4856K, paused 2ms+0ms, total 5ms
08-09 15:17:41.493 D/dalvikvm( 1444): GC_CONCURRENT freed 315K, 8% free 4598K/4972K, paused 3ms+0ms, total 6ms
08-09 15:17:41.563 D/dalvikvm( 1444): GC_CONCURRENT freed 450K, 10% free 4698K/5204K, paused 2ms+1ms, total 16ms
08-09 15:17:41.563 D/dalvikvm( 1444): WAIT_FOR_CONCURRENT_GC blocked 2ms
08-09 15:17:41.623 D/dalvikvm( 1444): GC_CONCURRENT freed 488K, 11% free 4792K/5340K, paused 4ms+1ms, total 22ms
08-09 15:17:41.623 D/dalvikvm( 1444): WAIT_FOR_CONCURRENT_GC blocked 2ms
08-09 15:17:41.713 D/dalvikvm( 1444): GC_CONCURRENT freed 407K, 10% free 4874K/5396K, paused 3ms+0ms, total 6ms
08-09 15:17:41.943 I/dalvikvm( 1444): Could not find method android.app.ActivityManager.getAppTasks, referenced from method com.tencent.mm.sdk.platformtools.l.bQ
08-09 15:17:41.943 W/dalvikvm( 1444): VFY: unable to resolve virtual method 90: Landroid/app/ActivityManager;.getAppTasks ()Ljava/util/List;
08-09 15:17:41.943 D/dalvikvm( 1444): VFY: replacing opcode 0x6e at 0x001b
08-09 15:17:41.943 I/dalvikvm( 1444): Could not find method android.os.PowerManager.isInteractive, referenced from method com.tencent.mm.sdk.platformtools.l.fs
08-09 15:17:41.943 W/dalvikvm( 1444): VFY: unable to resolve virtual method 1236: Landroid/os/PowerManager;.isInteractive ()Z
08-09 15:17:41.943 D/dalvikvm( 1444): VFY: replacing opcode 0x6e at 0x0010
08-09 15:17:41.943 D/dalvikvm( 1444): DexOpt: couldn't find field Landroid/app/ActivityManager$RecentTaskInfo;.topActivity
08-09 15:17:41.943 I/dalvikvm( 1444): DexOpt: unable to optimize instance field ref 0x0004 at 0x3f in Lcom/tencent/mm/sdk/platformtools/l;.bQ
08-09 15:17:42.033 D/dalvikvm( 1444): threadid=25: thread exiting, not yet detached (count=0)
08-09 15:17:42.103 D/dalvikvm( 1444): threadid=25: thread exiting, not yet detached (count=0)
08-09 15:17:42.133 D/dalvikvm( 1444): threadid=23: thread exiting, not yet detached (count=0)
08-09 15:17:42.163 D/dalvikvm( 1444): GC_CONCURRENT freed 426K, 10% free 4970K/5508K, paused 4ms+1ms, total 22ms
08-09 15:17:42.223 D/dalvikvm( 1444): threadid=23: thread exiting, not yet detached (count=0)
08-09 15:17:42.253 D/dalvikvm( 1444): threadid=24: thread exiting, not yet detached (count=0)
08-09 15:17:42.403 D/dalvikvm( 1444): threadid=26: thread exiting, not yet detached (count=0)
08-09 15:17:42.583 D/dalvikvm( 1444): threadid=27: thread exiting, not yet detached (count=0)
08-09 15:17:43.013 D/dalvikvm( 1444): threadid=26: thread exiting, not yet detached (count=0)
08-09 15:17:43.423 D/dalvikvm( 1318): GC_FOR_ALLOC freed 1036K, 13% free 7520K/8612K, paused 9ms, total 9ms
08-09 15:17:43.463 D/dalvikvm( 1444): threadid=26: thread exiting, not yet detached (count=0)
08-09 15:17:43.473 D/dalvikvm( 1318): GC_CONCURRENT freed 974K, 13% free 7534K/8612K, paused 1ms+1ms, total 38ms
08-09 15:17:56.163 D/SettingsProvider(  374): User 0 external modification to /data/data/com.android.providers.settings/databases/settings.db; event=8
08-09 15:17:56.163 D/SettingsProvider(  374): User 0 updating our caches for /data/data/com.android.providers.settings/databases/settings.db
08-09 15:18:08.953 W/PropertyValuesHolder(  734): Method setBrightness() with type int not found on target class class kn
08-09 15:18:08.953 W/PropertyValuesHolder(  734): Method getBrightness() with type int not found on target class class kn
08-09 15:18:09.003 I/AudioMixer(  171): found effect "Multichannel Downmix To Stereo" from The Android Open Source Project
08-09 15:18:09.123 I/ActivityManager(  374): START u0 {act=android.intent.action.MAIN cat=[android.intent.category.LAUNCHER] flg=0x10200000 cmp=com.rock.xinhuapk/.MainActivity bnds=[1421,458][1728,656] (has extras)} from pid 734
08-09 15:18:09.143 D/PermissionCache(  168): checking android.permission.READ_FRAME_BUFFER for uid=1000 => granted (608 us)
08-09 15:18:09.203 D/dalvikvm(  374): GC_FOR_ALLOC freed 134K, 9% free 5803K/6344K, paused 10ms, total 10ms
08-09 15:18:09.203 I/dalvikvm-heap(  374): Grow heap (frag case) to 6.088MB for 380492-byte allocation
08-09 15:18:09.213 D/dalvikvm(  374): GC_FOR_ALLOC freed <1K, 9% free 6174K/6716K, paused 8ms, total 8ms
08-09 15:18:09.233 D/dalvikvm(  374): GC_FOR_ALLOC freed 4K, 9% free 6170K/6716K, paused 10ms, total 10ms
