08-09 15:21:51.673 I/DEBUG   (  166):          bfd07768  bfd077c4  [stack]
08-09 15:21:51.673 I/DEBUG   (  166):          bfd0776c  b760ffcc  /system/lib/libc.so
08-09 15:21:51.673 I/DEBUG   (  166):     #00  bfd07770  b761eab8  
08-09 15:21:51.673 I/DEBUG   (  166):          bfd07774  00001000  
08-09 15:21:51.673 I/DEBUG   (  166):          bfd07778  b760ffcc  /system/lib/libc.so
08-09 15:21:51.673 I/DEBUG   (  166):          bfd0777c  b75b6f17  /system/lib/libc.so (__swrite+103)
08-09 15:21:51.673 I/DEBUG   (  166):          bfd07780  00000001  
08-09 15:21:51.673 I/DEBUG   (  166):          bfd07784  b7efdfd0  [heap]
08-09 15:21:51.673 I/DEBUG   (  166):          bfd07788  00000002  
08-09 15:21:51.673 I/DEBUG   (  166):          bfd0778c  b758cb33  /system/lib/libc.so (fputs+99)
08-09 15:21:51.673 I/DEBUG   (  166):          bfd07790  b7610214  /system/lib/libc.so
08-09 15:21:51.673 I/DEBUG   (  166):          bfd07794  b760ffcc  /system/lib/libc.so
08-09 15:21:51.673 I/DEBUG   (  166):          bfd07798  00000002  
08-09 15:21:51.673 I/DEBUG   (  166):          bfd0779c  b75b50e9  /system/lib/libc.so (fflush+185)
08-09 15:21:51.673 I/DEBUG   (  166):          bfd077a0  b7610214  /system/lib/libc.so
08-09 15:21:51.673 I/DEBUG   (  166):          bfd077a4  b7efdfd0  [heap]
08-09 15:21:51.673 I/DEBUG   (  166):          bfd077a8  00000002  
08-09 15:21:51.673 I/DEBUG   (  166):          bfd077ac  b7efd980  [heap]
08-09 15:21:51.673 I/BootReceiver(  374): Copying /data/tombstones/tombstone_08 to DropBox (SYSTEM_TOMBSTONE)
08-09 15:21:51.873 W/InputDispatcher(  374): channel '4a932b70 com.zzb.memoryleak/com.zzb.memoryleak.MainActivity (server)' ~ Consumer closed input channel or an error occurred.  events=0x9
08-09 15:21:51.873 E/InputDispatcher(  374): channel '4a932b70 com.zzb.memoryleak/com.zzb.memoryleak.MainActivity (server)' ~ Channel is unrecoverably broken and will be disposed!
08-09 15:21:51.883 W/InputDispatcher(  374): Attempted to unregister already unregistered input channel '4a932b70 com.zzb.memoryleak/com.zzb.memoryleak.MainActivity (server)'
08-09 15:21:51.883 I/ActivityManager(  374): Process com.zzb.memoryleak (pid 1678) has died.
08-09 15:21:51.883 I/WindowState(  374): WIN DEATH: Window{4a932b70 u0 com.zzb.memoryleak/com.zzb.memoryleak.MainActivity}
08-09 15:21:52.403 F/libc    ( 1709): Fatal signal 13 (SIGPIPE) at 0x000006ad (code=0), thread 1709 (busybox)
08-09 15:21:52.563 I/DEBUG   (  166): *** *** *** *** *** *** *** *** *** *** *** *** *** *** *** ***
08-09 15:21:52.563 I/DEBUG   (  166): Build fingerprint: 'samsung/SM-G955N/dream2lteks:4.4.2/NRD90M/381181018:user/release-keys'
08-09 15:21:52.563 I/DEBUG   (  166): Revision: '0'
08-09 15:21:52.563 I/DEBUG   (  166): pid: 1709, tid: 1709, name: busybox  >>> busybox <<<
08-09 15:21:52.563 I/DEBUG   (  166): signal 13 (SIGPIPE), code -6 (SI_TKILL), fault addr --------
08-09 15:21:52.573 W/NativeCrashListener(  374): Couldn't find ProcessRecord for pid 1709
08-09 15:21:52.643 I/DEBUG   (  166):     eax ffffffe0  ebx 00000001  ecx b9031fd0  edx 00000002
08-09 15:21:52.643 I/DEBUG   (  166): AM write failure (32 / Broken pipe)
08-09 15:21:52.643 I/DEBUG   (  166):     esi b764b214  edi b9031fd0
08-09 15:21:52.643 I/DEBUG   (  166):     xcs 00000073  xds 0000007b  xes 0000007b  xfs 00000000  xss 0000007b
08-09 15:21:52.643 I/DEBUG   (  166):     eip b75e6456  ebp b764b214  esp bf979c60  flags 00010202
08-09 15:21:52.643 I/DEBUG   (  166): 
08-09 15:21:52.643 I/DEBUG   (  166): backtrace:
08-09 15:21:52.643 I/DEBUG   (  166):     #00  pc 0003c456  /system/lib/libc.so (write+22)
08-09 15:21:52.643 I/DEBUG   (  166):     #01  pc 0000bab7  <unknown>
08-09 15:21:52.643 I/DEBUG   (  166): 
08-09 15:21:52.643 I/DEBUG   (  166): stack:
08-09 15:21:52.643 I/DEBUG   (  166):          bf979c20  b75c8fd7  /system/lib/libc.so (__swsetup+7)
08-09 15:21:52.643 I/DEBUG   (  166):          bf979c24  b764b214  /system/lib/libc.so
08-09 15:21:52.643 I/DEBUG   (  166):          bf979c28  00000888  
08-09 15:21:52.643 I/DEBUG   (  166):          bf979c2c  b75f16e7  /system/lib/libc.so
08-09 15:21:52.643 I/DEBUG   (  166):          bf979c30  b9031fd1  [heap]
08-09 15:21:52.643 I/DEBUG   (  166):          bf979c34  b9030920  [heap]
08-09 15:21:52.643 I/DEBUG   (  166):          bf979c38  00000001  
08-09 15:21:52.643 I/DEBUG   (  166):          bf979c3c  b75bcd4f  /system/lib/libc.so (dlmalloc+351)
08-09 15:21:52.643 I/DEBUG   (  166):          bf979c40  00000000  
08-09 15:21:52.643 I/DEBUG   (  166):          bf979c44  00000000  
08-09 15:21:52.643 I/DEBUG   (  166):          bf979c48  b779eb90  /system/bin/busybox
08-09 15:21:52.643 I/DEBUG   (  166):          bf979c4c  b76c7cc7  /system/bin/busybox (next_token+359)
08-09 15:21:52.643 I/DEBUG   (  166):          bf979c50  b9030921  [heap]
08-09 15:21:52.643 I/DEBUG   (  166):          bf979c54  00000001  
08-09 15:21:52.643 I/DEBUG   (  166):          bf979c58  bf979cb4  [stack]
08-09 15:21:52.643 I/DEBUG   (  166):          bf979c5c  b764afcc  /system/lib/libc.so
08-09 15:21:52.643 I/DEBUG   (  166):     #00  bf979c60  b7659ab8  
08-09 15:21:52.643 I/DEBUG   (  166):          bf979c64  00001000  
08-09 15:21:52.643 I/DEBUG   (  166):          bf979c68  b764afcc  /system/lib/libc.so
08-09 15:21:52.643 I/DEBUG   (  166):          bf979c6c  b75f1f17  /system/lib/libc.so (__swrite+103)
08-09 15:21:52.643 I/DEBUG   (  166):          bf979c70  00000001  
08-09 15:21:52.643 I/DEBUG   (  166):          bf979c74  b9031fd0  [heap]
08-09 15:21:52.643 I/DEBUG   (  166):          bf979c78  00000002  
08-09 15:21:52.653 I/DEBUG   (  166):          bf979c7c  b75c7b33  /system/lib/libc.so (fputs+99)
08-09 15:21:52.653 I/DEBUG   (  166):          bf979c80  b764b214  /system/lib/libc.so
08-09 15:21:52.653 I/DEBUG   (  166):          bf979c84  b764afcc  /system/lib/libc.so
08-09 15:21:52.653 I/DEBUG   (  166):          bf979c88  00000002  
08-09 15:21:52.653 I/DEBUG   (  166):          bf979c8c  b75f00e9  /system/lib/libc.so (fflush+185)
08-09 15:21:52.653 I/DEBUG   (  166):          bf979c90  b764b214  /system/lib/libc.so
08-09 15:21:52.653 I/DEBUG   (  166):          bf979c94  b9031fd0  [heap]
08-09 15:21:52.653 I/DEBUG   (  166):          bf979c98  00000002  
08-09 15:21:52.653 I/DEBUG   (  166):          bf979c9c  b9031980  [heap]
08-09 15:21:52.693 I/BootReceiver(  374): Copying /data/tombstones/tombstone_09 to DropBox (SYSTEM_TOMBSTONE)
08-09 15:22:24.613 D/dalvikvm(  374): GC_CONCURRENT freed 1311K, 14% free 8752K/10152K, paused 10ms+2ms, total 42ms
08-09 15:25:02.593 V/xiaomi  ( 1577): [Thread:57] JOB: Handle intent action = com.xiaomi.push.timer
08-09 15:25:02.593 V/xiaomi  ( 1577): [Thread:57] Service called on timer
08-09 15:25:02.603 V/xiaomi  ( 1577): [Thread:57] [Slim] SND ping id=0
08-09 15:25:02.763 V/xiaomi  ( 1577): [Thread:67] [Slim] RCV ping id=0
08-09 15:25:02.783 V/xiaomi  ( 1577): [Thread:57] TinyData TinyDataCacheProcessor.pingFollowUpAction ts:1596957902790
08-09 15:25:02.793 V/xiaomi  ( 1577): [Thread:57] TinyData TinyDataCacheProcessor.pingFollowUpAction !canUpload(uploader) ts:1596957902805
08-09 15:25:12.613 V/xiaomi  ( 1577): [Thread:57] JOB: check the ping-pong.1596957902611
08-09 15:27:19.333 I/dalvikvm( 1318): Could not find method android.app.ActivityManager.getAppTasks, referenced from method com.tencent.mm.sdk.platformtools.l.bQ
08-09 15:27:19.333 W/dalvikvm( 1318): VFY: unable to resolve virtual method 90: Landroid/app/ActivityManager;.getAppTasks ()Ljava/util/List;
08-09 15:27:19.343 D/dalvikvm( 1318): VFY: replacing opcode 0x6e at 0x001b
08-09 15:27:19.343 I/dalvikvm( 1318): Could not find method android.os.PowerManager.isInteractive, referenced from method com.tencent.mm.sdk.platformtools.l.fs
08-09 15:27:19.343 W/dalvikvm( 1318): VFY: unable to resolve virtual method 1236: Landroid/os/PowerManager;.isInteractive ()Z
08-09 15:27:19.353 D/dalvikvm( 1318): VFY: replacing opcode 0x6e at 0x0010
08-09 15:27:19.363 D/dalvikvm( 1318): DexOpt: couldn't find field Landroid/app/ActivityManager$RecentTaskInfo;.topActivity
08-09 15:27:19.363 I/dalvikvm( 1318): DexOpt: unable to optimize instance field ref 0x0004 at 0x3f in Lcom/tencent/mm/sdk/platformtools/l;.bQ
08-09 15:29:24.643 D/ConnectivityService(  374): Sampling interval elapsed, updating statistics ..
08-09 15:29:24.643 D/ConnectivityService(  374): Done.
08-09 15:29:24.643 D/ConnectivityService(  374): Setting timer for 720seconds
08-09 15:29:25.033 W/PropertyValuesHolder(  734): Method setBrightness() with type int not found on target class class kn
08-09 15:29:25.033 W/PropertyValuesHolder(  734): Method getBrightness() with type int not found on target class class kn
08-09 15:29:25.233 I/ActivityManager(  374): START u0 {act=android.intent.action.MAIN cat=[android.intent.category.LAUNCHER] flg=0x10200000 cmp=com.rock.xinhuapk/.MainActivity bnds=[1421,458][1728,656] (has extras)} from pid 734
08-09 15:29:25.263 W/ContextImpl(  734): Calling a method in the system process without a qualified user: android.app.ContextImpl.sendBroadcast:1137 android.content.ContextWrapper.sendBroadcast:370 com.vphone.launcher.Stats.recordLaunch:129 com.vphone.launcher.Launcher.b:3179 com.vphone.launcher.Launcher.onClickAppShortcut:3117 
08-09 15:29:25.413 W/NetworkManagementSocketTagger(  374): setKernelCountSet(10029, 1) failed with errno -13
08-09 15:29:25.443 V/xiaomi  ( 1577): [Thread:57] JOB: Handle intent action = com.xiaomi.mipush.CLEAR_NOTIFICATION
08-09 15:29:26.363 I/Choreographer( 1631): Skipped 57 frames!  The application may be doing too much work on its main thread.
08-09 15:29:27.623 D/        ( 1631): HostConnection::get() New Host Connection established 0xb7be9a30, tid 1631
08-09 15:29:28.843 W/EGL_emulation( 1631): eglSurfaceAttrib not implemented 3093 12436
08-09 15:29:29.813 I/Choreographer( 1631): Skipped 206 frames!  The application may be doing too much work on its main thread.
08-09 15:29:30.283 D/dalvikvm( 1631): GC_CONCURRENT freed 599K, 13% free 5790K/6624K, paused 233ms+5ms, total 712ms
08-09 15:29:32.083 W/ContextImpl(  374): Calling a method in the system process without a qualified user: android.app.ContextImpl.sendBroadcast:1123 com.android.server.InputMethodManagerService.hideCurrentInputLocked:1880 com.android.server.InputMethodManagerService.windowGainedFocus:1968 com.android.internal.view.IInputMethodManager$Stub.onTransact:221 com.android.server.InputMethodManagerService.onTransact:818 
08-09 15:29:32.363 I/ActivityManager(  374): START u0 {cmp=com.rock.xinhuapk/.YingActivity (has extras)} from pid 1631
08-09 15:29:32.403 W/IInputConnectionWrapper( 1631): showStatusIcon on inactive InputConnection
08-09 15:29:33.023 V/WebViewChromium( 1631): Binding Chromium to the background looper Looper (main, tid 1) {4a79aabc}
08-09 15:29:33.103 I/chromium( 1631): [INFO:library_loader_hooks.cc(112)] Chromium logging enabled: level = 0, default verbosity = 0
08-09 15:29:33.163 I/BrowserProcessMain( 1631): Initializing chromium process, renderers=0
08-09 15:29:33.483 W/chromium( 1631): [WARNING:proxy_service.cc(888)] PAC support disabled because there is no system implementation
08-09 15:29:34.893 I/Choreographer( 1631): Skipped 138 frames!  The application may be doing too much work on its main thread.
08-09 15:29:35.253 W/ActivityManager(  374): Launch timeout has expired, giving up wake lock!
08-09 15:29:35.563 W/EGL_emulation( 1631): eglSurfaceAttrib not implemented 3093 12436
08-09 15:29:37.623 W/DebugConnManager(  734): getNetworkInfo() on networkType 1
08-09 15:29:38.203 W/ContextImpl(  374): Calling a method in the system process without a qualified user: android.app.ContextImpl.sendBroadcast:1123 com.android.server.InputMethodManagerService.hideCurrentInputLocked:1880 com.android.server.InputMethodManagerService.windowGainedFocus:1995 com.android.internal.view.IInputMethodManager$Stub.onTransact:221 com.android.server.InputMethodManagerService.onTransact:818 
08-09 15:29:38.213 I/Choreographer( 1631): Skipped 154 frames!  The application may be doing too much work on its main thread.
08-09 15:29:38.293 D/dalvikvm( 1631): GC_FOR_ALLOC freed 116K, 10% free 6003K/6624K, paused 58ms, total 69ms
08-09 15:29:38.353 I/dalvikvm-heap( 1631): Grow heap (frag case) to 12.726MB for 7142412-byte allocation
08-09 15:29:38.393 D/dalvikvm( 1631): GC_FOR_ALLOC freed 1K, 5% free 12976K/13600K, paused 45ms, total 45ms
08-09 15:29:38.403 W/AwContents( 1631): nativeOnDraw failed; clearing to background color.
08-09 15:29:38.503 D/dalvikvm( 1631): GC_CONCURRENT freed 28K, 5% free 12949K/13600K, paused 25ms+3ms, total 105ms
08-09 15:29:39.163 I/ActivityManager(  374): Displayed com.rock.xinhuapk/.YingActivity: +6s711ms
08-09 15:29:41.223 W/EGL_emulation( 1631): eglSurfaceAttrib not implemented 3093 12436
08-09 15:29:54.653 D/AndroidRuntime( 1748): 
08-09 15:29:54.653 D/AndroidRuntime( 1748): >>>>>> AndroidRuntime START com.android.internal.os.RuntimeInit <<<<<<
08-09 15:29:55.903 D/AndroidRuntime( 1748): CheckJNI is OFF
08-09 15:29:55.903 D/dalvikvm( 1748): Using executionMode 2
08-09 15:29:56.233 D/dalvikvm( 1748): Trying to load lib libjavacore.so 0x0
08-09 15:29:56.233 D/dalvikvm( 1748): Added shared lib libjavacore.so 0x0
08-09 15:29:56.273 D/dalvikvm( 1748): Trying to load lib libnativehelper.so 0x0
08-09 15:29:56.273 D/dalvikvm( 1748): Added shared lib libnativehelper.so 0x0
08-09 15:29:56.273 D/dalvikvm( 1748): No JNI_OnLoad found in libnativehelper.so 0x0, skipping init
08-09 15:29:56.543 D/dalvikvm( 1748): Note: class Landroid/app/ActivityManagerNative; has 179 unimplemented (abstract) methods
08-09 15:29:57.103 E/memtrack( 1748): Couldn't load memtrack module (No such file or directory)
08-09 15:29:57.103 E/android.os.Debug( 1748): failed to load memtrack module: -2
08-09 15:29:57.353 D/AndroidRuntime( 1748): Calling main entry com.android.commands.settings.SettingsCmd
08-09 15:29:58.253 D/AndroidRuntime( 1748): Shutting down VM
08-09 15:29:58.253 E/cutils-trace( 1748): Error opening trace file: No such file or directory (2)
08-09 15:29:58.263 D/dalvikvm( 1748): GC_CONCURRENT freed 99K, 16% free 562K/664K, paused 0ms+0ms, total 9ms
08-09 15:29:59.413 D/Sensors (  374): Client connection accepted (192)
08-09 15:30:00.243 I/Choreographer( 1631): Skipped 52 frames!  The application may be doing too much work on its main thread.
08-09 15:30:00.273 F/libc    ( 1761): Fatal signal 13 (SIGPIPE) at 0x000006e1 (code=0), thread 1761 (busybox)
08-09 15:30:00.363 I/DEBUG   (  166): *** *** *** *** *** *** *** *** *** *** *** *** *** *** *** ***
08-09 15:30:00.363 I/DEBUG   (  166): Build fingerprint: 'samsung/SM-G955N/dream2lteks:4.4.2/NRD90M/381181018:user/release-keys'
08-09 15:30:00.363 I/DEBUG   (  166): Revision: '0'
08-09 15:30:00.363 I/DEBUG   (  166): pid: 1761, tid: 1761, name: busybox  >>> busybox <<<
08-09 15:30:00.363 I/DEBUG   (  166): signal 13 (SIGPIPE), code -6 (SI_TKILL), fault addr --------
08-09 15:30:00.363 W/NativeCrashListener(  374): Couldn't find ProcessRecord for pid 1761
08-09 15:30:00.413 I/DEBUG   (  166):     eax ffffffe0  ebx 00000001  ecx b962bfd0  edx 00000002
08-09 15:30:00.413 I/DEBUG   (  166): AM write failure (32 / Broken pipe)
08-09 15:30:00.413 I/DEBUG   (  166):     esi b7662214  edi b962bfd0
08-09 15:30:00.413 I/DEBUG   (  166):     xcs 00000073  xds 0000007b  xes 0000007b  xfs 00000000  xss 0000007b
08-09 15:30:00.413 I/DEBUG   (  166):     eip b75fd456  ebp b7662214  esp bf88b920  flags 00010202
08-09 15:30:00.433 I/DEBUG   (  166): 
08-09 15:30:00.433 I/DEBUG   (  166): backtrace:
08-09 15:30:00.433 I/DEBUG   (  166):     #00  pc 0003c456  /system/lib/libc.so (write+22)
08-09 15:30:00.433 I/DEBUG   (  166):     #01  pc 0000bab7  <unknown>
08-09 15:30:00.433 I/DEBUG   (  166): 
08-09 15:30:00.433 I/DEBUG   (  166): stack:
08-09 15:30:00.433 I/DEBUG   (  166):          bf88b8e0  b75dffd7  /system/lib/libc.so (__swsetup+7)
08-09 15:30:00.433 I/DEBUG   (  166):          bf88b8e4  b7662214  /system/lib/libc.so
08-09 15:30:00.433 I/DEBUG   (  166):          bf88b8e8  00000888  
08-09 15:30:00.433 I/DEBUG   (  166):          bf88b8ec  b76086e7  /system/lib/libc.so
08-09 15:30:00.433 I/DEBUG   (  166):          bf88b8f0  b962bfd1  [heap]
08-09 15:30:00.433 I/DEBUG   (  166):          bf88b8f4  b962a920  [heap]
08-09 15:30:00.433 I/DEBUG   (  166):          bf88b8f8  00000001  
08-09 15:30:00.433 I/DEBUG   (  166):          bf88b8fc  b75d3d4f  /system/lib/libc.so (dlmalloc+351)
08-09 15:30:00.433 I/DEBUG   (  166):          bf88b900  00000000  
08-09 15:30:00.433 I/DEBUG   (  166):          bf88b904  00000000  
08-09 15:30:00.433 I/DEBUG   (  166):          bf88b908  b77b5b90  /system/bin/busybox
08-09 15:30:00.433 I/DEBUG   (  166):          bf88b90c  b76decc7  /system/bin/busybox (next_token+359)
08-09 15:30:00.433 I/DEBUG   (  166):          bf88b910  b962a921  [heap]
08-09 15:30:00.433 I/DEBUG   (  166):          bf88b914  00000001  
08-09 15:30:00.433 I/DEBUG   (  166):          bf88b918  bf88b974  [stack]
08-09 15:30:00.433 I/DEBUG   (  166):          bf88b91c  b7661fcc  /system/lib/libc.so
08-09 15:30:00.433 I/DEBUG   (  166):     #00  bf88b920  b7670ab8  
08-09 15:30:00.433 I/DEBUG   (  166):          bf88b924  00001000  
08-09 15:30:00.433 I/DEBUG   (  166):          bf88b928  b7661fcc  /system/lib/libc.so
08-09 15:30:00.433 I/DEBUG   (  166):          bf88b92c  b7608f17  /system/lib/libc.so (__swrite+103)
08-09 15:30:00.433 I/DEBUG   (  166):          bf88b930  00000001  
08-09 15:30:00.433 I/DEBUG   (  166):          bf88b934  b962bfd0  [heap]
08-09 15:30:00.433 I/DEBUG   (  166):          bf88b938  00000002  
08-09 15:30:00.433 I/DEBUG   (  166):          bf88b93c  b75deb33  /system/lib/libc.so (fputs+99)
08-09 15:30:00.433 I/DEBUG   (  166):          bf88b940  b7662214  /system/lib/libc.so
08-09 15:30:00.433 I/DEBUG   (  166):          bf88b944  b7661fcc  /system/lib/libc.so
08-09 15:30:00.433 I/DEBUG   (  166):          bf88b948  00000002  
08-09 15:30:00.433 I/DEBUG   (  166):          bf88b94c  b76070e9  /system/lib/libc.so (fflush+185)
08-09 15:30:00.433 I/DEBUG   (  166):          bf88b950  b7662214  /system/lib/libc.so
08-09 15:30:00.453 I/DEBUG   (  166):          bf88b954  b962bfd0  [heap]
08-09 15:30:00.453 I/DEBUG   (  166):          bf88b958  00000002  
08-09 15:30:00.453 I/DEBUG   (  166):          bf88b95c  b962b980  [heap]
08-09 15:30:00.483 D/Sensors (  374): Client connection accepted (193)
08-09 15:30:00.503 E/SurfaceFlinger(  168): glCheckFramebufferStatusOES error 36054
08-09 15:30:00.503 E/SurfaceFlinger(  168): got GL_FRAMEBUFFER_COMPLETE_OES error while taking screenshot
08-09 15:30:00.513 I/BootReceiver(  374): Copying /data/tombstones/tombstone_00 to DropBox (SYSTEM_TOMBSTONE)
08-09 15:30:00.623 D/SurfaceFlinger(  168): setOrientation, mFbdev=0xb87fdde0, mFbDev->setOrientation=0xb68fad70, orientation=3
08-09 15:30:00.623 I/gralloc_nox(  168): setOrientation: orientation=3
08-09 15:30:00.873 I/InputReader(  374): Reconfiguring input devices.  changes=0x00000004
08-09 15:30:00.873 I/InputReader(  374): Device reconfigured: id=1, name='seamless mouse', size 1920x1080, orientation 3, mode 1, display id 0
08-09 15:30:00.873 I/InputReader(  374): Device reconfigured: id=3, name='Android Input', size 1920x1080, orientation 3, mode 1, display id 0
08-09 15:30:00.883 I/ActivityManager(  374): Config changes=480 {1.0 460mcc7mnc zh_CN ldltr sw540dp w540dp h935dp 320dpi lrg long port finger qwerty/v/v dpad/v s.6}
08-09 15:30:00.923 I/InputReader(  374): Reconfiguring input devices.  changes=0x00000004
08-09 15:30:01.223 F/libc    ( 1766): Fatal signal 13 (SIGPIPE) at 0x000006e6 (code=0), thread 1766 (busybox)
08-09 15:30:01.323 E/WindowManager( 1631): 
08-09 15:30:01.323 E/WindowManager( 1631): android.view.WindowLeaked: Activity com.rock.xinhuapk.YingActivity has leaked window com.android.internal.policy.impl.PhoneWindow$DecorView{4a923b88 V.E..... R....... 0,0-1248,200} that was originally added here
08-09 15:30:01.323 E/WindowManager( 1631): 	at android.view.ViewRootImpl.<init>(ViewRootImpl.java:348)
08-09 15:30:01.323 E/WindowManager( 1631): 	at android.view.WindowManagerGlobal.addView(WindowManagerGlobal.java:248)
08-09 15:30:01.323 E/WindowManager( 1631): 	at android.view.WindowManagerImpl.addView(WindowManagerImpl.java:69)
08-09 15:30:01.323 E/WindowManager( 1631): 	at android.app.Dialog.show(Dialog.java:286)
08-09 15:30:01.323 E/WindowManager( 1631): 	at com.view.ProgressDialogXinhu.show(ProgressDialogXinhu.java:56)
08-09 15:30:01.323 E/WindowManager( 1631): 	at com.rock.xinhuapk.WebActivity$2.onPageStarted(WebActivity.java:114)
08-09 15:30:01.323 E/WindowManager( 1631): 	at com.android.webview.chromium.WebViewContentsClientAdapter.onPageStarted(WebViewContentsClientAdapter.java:438)
08-09 15:30:01.323 E/WindowManager( 1631): 	at com.android.org.chromium.android_webview.AwContentsClientCallbackHelper$1.handleMessage(AwContentsClientCallbackHelper.java:100)
08-09 15:30:01.323 E/WindowManager( 1631): 	at android.os.Handler.dispatchMessage(Handler.java:102)
08-09 15:30:01.323 E/WindowManager( 1631): 	at android.os.Looper.loop(Looper.java:136)
08-09 15:30:01.323 E/WindowManager( 1631): 	at android.app.ActivityThread.main(ActivityThread.java:5019)
08-09 15:30:01.323 E/WindowManager( 1631): 	at java.lang.reflect.Method.invokeNative(Native Method)
08-09 15:30:01.323 E/WindowManager( 1631): 	at java.lang.reflect.Method.invoke(Method.java:515)
08-09 15:30:01.323 E/WindowManager( 1631): 	at com.android.internal.os.ZygoteInit$MethodAndArgsCaller.run(ZygoteInit.java:779)
08-09 15:30:01.323 E/WindowManager( 1631): 	at com.android.internal.os.ZygoteInit.main(ZygoteInit.java:595)
08-09 15:30:01.323 E/WindowManager( 1631): 	at dalvik.system.NativeStart.main(Native Method)
08-09 15:30:01.383 I/DEBUG   (  166): *** *** *** *** *** *** *** *** *** *** *** *** *** *** *** ***
08-09 15:30:01.393 I/DEBUG   (  166): Build fingerprint: 'samsung/SM-G955N/dream2lteks:4.4.2/NRD90M/381181018:user/release-keys'
08-09 15:30:01.393 I/DEBUG   (  166): Revision: '0'
08-09 15:30:01.393 I/DEBUG   (  166): pid: 1766, tid: 1766, name: busybox  >>> busybox <<<
08-09 15:30:01.393 I/DEBUG   (  166): signal 13 (SIGPIPE), code -6 (SI_TKILL), fault addr --------
08-09 15:30:01.403 W/NativeCrashListener(  374): Couldn't find ProcessRecord for pid 1766
08-09 15:30:01.453 I/DEBUG   (  166):     eax ffffffe0  ebx 00000001  ecx b95ebfd0  edx 00000002
08-09 15:30:01.453 I/DEBUG   (  166): AM write failure (32 / Broken pipe)
08-09 15:30:01.453 I/DEBUG   (  166):     esi b760c214  edi b95ebfd0
08-09 15:30:01.453 I/DEBUG   (  166):     xcs 00000073  xds 0000007b  xes 0000007b  xfs 00000000  xss 0000007b
08-09 15:30:01.453 I/DEBUG   (  166):     eip b75a7456  ebp b760c214  esp bfd7a0a0  flags 00010202
08-09 15:30:01.453 I/DEBUG   (  166): 
08-09 15:30:01.453 I/DEBUG   (  166): backtrace:
08-09 15:30:01.453 I/DEBUG   (  166):     #00  pc 0003c456  /system/lib/libc.so (write+22)
08-09 15:30:01.453 I/DEBUG   (  166):     #01  pc 0000bab7  <unknown>
08-09 15:30:01.453 I/DEBUG   (  166): 
08-09 15:30:01.453 I/DEBUG   (  166): stack:
08-09 15:30:01.453 I/DEBUG   (  166):          bfd7a060  b7589fd7  /system/lib/libc.so (__swsetup+7)
08-09 15:30:01.453 I/DEBUG   (  166):          bfd7a064  b760c214  /system/lib/libc.so
08-09 15:30:01.453 I/DEBUG   (  166):          bfd7a068  00000888  
08-09 15:30:01.453 I/DEBUG   (  166):          bfd7a06c  b75b26e7  /system/lib/libc.so
08-09 15:30:01.453 I/DEBUG   (  166):          bfd7a070  b95ebfd1  [heap]
08-09 15:30:01.453 I/DEBUG   (  166):          bfd7a074  b95ea920  [heap]
08-09 15:30:01.453 I/DEBUG   (  166):          bfd7a078  00000001  
08-09 15:30:01.453 I/DEBUG   (  166):          bfd7a07c  b757dd4f  /system/lib/libc.so (dlmalloc+351)
08-09 15:30:01.453 I/DEBUG   (  166):          bfd7a080  00000000  
08-09 15:30:01.453 I/DEBUG   (  166):          bfd7a084  00000000  
08-09 15:30:01.453 I/DEBUG   (  166):          bfd7a088  b775fb90  /system/bin/busybox
08-09 15:30:01.453 I/DEBUG   (  166):          bfd7a08c  b7688cc7  /system/bin/busybox (next_token+359)
08-09 15:30:01.453 I/DEBUG   (  166):          bfd7a090  b95ea921  [heap]
08-09 15:30:01.453 I/DEBUG   (  166):          bfd7a094  00000001  
08-09 15:30:01.453 I/DEBUG   (  166):          bfd7a098  bfd7a0f4  [stack]
08-09 15:30:01.453 I/DEBUG   (  166):          bfd7a09c  b760bfcc  /system/lib/libc.so
08-09 15:30:01.453 I/DEBUG   (  166):     #00  bfd7a0a0  b761aab8  
08-09 15:30:01.453 I/DEBUG   (  166):          bfd7a0a4  00001000  
08-09 15:30:01.453 I/DEBUG   (  166):          bfd7a0a8  b760bfcc  /system/lib/libc.so
08-09 15:30:01.453 I/DEBUG   (  166):          bfd7a0ac  b75b2f17  /system/lib/libc.so (__swrite+103)
08-09 15:30:01.473 I/DEBUG   (  166):          bfd7a0b0  00000001  
08-09 15:30:01.473 I/DEBUG   (  166):          bfd7a0b4  b95ebfd0  [heap]
08-09 15:30:01.473 I/DEBUG   (  166):          bfd7a0b8  00000002  
08-09 15:30:01.473 I/DEBUG   (  166):          bfd7a0bc  b7588b33  /system/lib/libc.so (fputs+99)
08-09 15:30:01.473 I/DEBUG   (  166):          bfd7a0c0  b760c214  /system/lib/libc.so
08-09 15:30:01.473 I/DEBUG   (  166):          bfd7a0c4  b760bfcc  /system/lib/libc.so
08-09 15:30:01.473 I/DEBUG   (  166):          bfd7a0c8  00000002  
08-09 15:30:01.473 I/DEBUG   (  166):          bfd7a0cc  b75b10e9  /system/lib/libc.so (fflush+185)
08-09 15:30:01.473 I/DEBUG   (  166):          bfd7a0d0  b760c214  /system/lib/libc.so
08-09 15:30:01.473 I/DEBUG   (  166):          bfd7a0d4  b95ebfd0  [heap]
08-09 15:30:01.473 I/DEBUG   (  166):          bfd7a0d8  00000002  
08-09 15:30:01.473 I/DEBUG   (  166):          bfd7a0dc  b95eb980  [heap]
08-09 15:30:01.493 I/BootReceiver(  374): Copying /data/tombstones/tombstone_01 to DropBox (SYSTEM_TOMBSTONE)
08-09 15:30:01.593 D/PhoneStatusBar(  587): mSettingsPanelGravity = 55
08-09 15:30:01.743 I/Choreographer( 1631): Skipped 40 frames!  The application may be doing too much work on its main thread.
08-09 15:30:01.853 W/WindowManager(  374): Window freeze timeout expired.
08-09 15:30:01.853 W/WindowManager(  374): Force clearing orientation change: Window{4a8eafe4 u0 StatusBar}
08-09 15:30:01.853 W/WindowManager(  374): Force clearing orientation change: Window{4aa46f44 u0 com.rock.xinhuapk/com.rock.xinhuapk.YingActivity}
08-09 15:30:01.853 W/WindowManager(  374): Force clearing orientation change: Window{4aad43f0 u0 com.rock.xinhuapk/com.rock.xinhuapk.YingActivity}
08-09 15:30:01.853 W/WindowManager(  374): Force clearing orientation change: Window{4a90ed7c u0 com.android.systemui.ImageWallpaper}
08-09 15:30:02.043 W/EGL_emulation(  587): eglSurfaceAttrib not implemented 3093 12436
08-09 15:30:02.083 W/EGL_emulation( 1631): eglSurfaceAttrib not implemented 3093 12436
08-09 15:30:02.203 D/dalvikvm( 1631): GC_FOR_ALLOC freed 7036K, 55% free 6231K/13660K, paused 42ms, total 49ms
08-09 15:30:02.273 I/dalvikvm-heap( 1631): Grow heap (frag case) to 13.430MB for 7646412-byte allocation
08-09 15:30:02.323 D/dalvikvm( 1631): GC_CONCURRENT freed 25K, 36% free 13673K/21128K, paused 14ms+2ms, total 50ms
08-09 15:30:02.323 D/dalvikvm( 1631): WAIT_FOR_CONCURRENT_GC blocked 36ms
08-09 15:30:02.323 W/AwContents( 1631): nativeOnDraw failed; clearing to background color.
08-09 15:30:02.343 D/dalvikvm( 1631): WAIT_FOR_CONCURRENT_GC blocked 46ms
08-09 15:30:02.843 I/Choreographer(  587): Skipped 70 frames!  The application may be doing too much work on its main thread.
08-09 15:30:02.863 W/ContextImpl(  374): Calling a method in the system process without a qualified user: android.app.ContextImpl.sendBroadcast:1123 com.android.server.InputMethodManagerService.hideCurrentInputLocked:1880 com.android.server.InputMethodManagerService.windowGainedFocus:1995 com.android.internal.view.IInputMethodManager$Stub.onTransact:221 com.android.server.InputMethodManagerService.onTransact:818 
08-09 15:30:02.883 I/WindowManager(  374): Screen frozen for +2s805ms due to AppWindowToken{4a935e90 token=Token{4a935db8 ActivityRecord{4a935d08 u0 com.rock.xinhuapk/.YingActivity t2}}}
08-09 15:30:02.973 D/AndroidRuntime( 1631): Shutting down VM
08-09 15:30:02.973 W/dalvikvm( 1631): threadid=1: thread exiting with uncaught exception (group=0x94c4db20)
08-09 15:30:02.993 E/AndroidRuntime( 1631): FATAL EXCEPTION: main
08-09 15:30:02.993 E/AndroidRuntime( 1631): Process: com.rock.xinhuapk, PID: 1631
08-09 15:30:02.993 E/AndroidRuntime( 1631): java.lang.IllegalArgumentException: View=com.android.internal.policy.impl.PhoneWindow$DecorView{4a923b88 V.E..... R......D 0,0-1248,200} not attached to window manager
08-09 15:30:02.993 E/AndroidRuntime( 1631): 	at android.view.WindowManagerGlobal.findViewLocked(WindowManagerGlobal.java:370)
08-09 15:30:02.993 E/AndroidRuntime( 1631): 	at android.view.WindowManagerGlobal.removeView(WindowManagerGlobal.java:299)
08-09 15:30:02.993 E/AndroidRuntime( 1631): 	at android.view.WindowManagerImpl.removeViewImmediate(WindowManagerImpl.java:84)
08-09 15:30:02.993 E/AndroidRuntime( 1631): 	at android.app.Dialog.dismissDialog(Dialog.java:329)
08-09 15:30:02.993 E/AndroidRuntime( 1631): 	at android.app.Dialog.dismiss(Dialog.java:312)
08-09 15:30:02.993 E/AndroidRuntime( 1631): 	at com.rock.xinhuapk.WebActivity$2.onPageFinished(WebActivity.java:117)
08-09 15:30:02.993 E/AndroidRuntime( 1631): 	at com.android.webview.chromium.WebViewContentsClientAdapter.onPageFinished(WebViewContentsClientAdapter.java:449)
08-09 15:30:02.993 E/AndroidRuntime( 1631): 	at com.android.org.chromium.android_webview.AwContentsClient$AwWebContentsObserver$1.run(AwContentsClient.java:73)
08-09 15:30:02.993 E/AndroidRuntime( 1631): 	at android.os.Handler.handleCallback(Handler.java:733)
08-09 15:30:02.993 E/AndroidRuntime( 1631): 	at android.os.Handler.dispatchMessage(Handler.java:95)
08-09 15:30:02.993 E/AndroidRuntime( 1631): 	at android.os.Looper.loop(Looper.java:136)
08-09 15:30:02.993 E/AndroidRuntime( 1631): 	at android.app.ActivityThread.main(ActivityThread.java:5019)
08-09 15:30:02.993 E/AndroidRuntime( 1631): 	at java.lang.reflect.Method.invokeNative(Native Method)
08-09 15:30:02.993 E/AndroidRuntime( 1631): 	at java.lang.reflect.Method.invoke(Method.java:515)
08-09 15:30:02.993 E/AndroidRuntime( 1631): 	at com.android.internal.os.ZygoteInit$MethodAndArgsCaller.run(ZygoteInit.java:779)
08-09 15:30:02.993 E/AndroidRuntime( 1631): 	at com.android.internal.os.ZygoteInit.main(ZygoteInit.java:595)
08-09 15:30:02.993 E/AndroidRuntime( 1631): 	at dalvik.system.NativeStart.main(Native Method)
08-09 15:30:03.073 W/ActivityManager(  374):   Force finishing activity com.rock.xinhuapk/.YingActivity
08-09 15:30:03.313 W/WindowManager(  374): updateFocusedWindowLocked, focusedAppToken is null.
08-09 15:30:03.843 W/ActivityManager(  374): Activity pause timeout for ActivityRecord{4a935d08 u0 com.rock.xinhuapk/.YingActivity t2 f}
08-09 15:30:05.103 D/dalvikvm(  374): GC_CONCURRENT freed 1292K, 14% free 8801K/10164K, paused 23ms+2ms, total 76ms
08-09 15:30:06.943 W/ContextImpl(  374): Calling a method in the system process without a qualified user: android.app.ContextImpl.sendBroadcast:1123 com.android.server.am.ActivityManagerService.handleApplicationCrashInner:9670 com.android.server.am.ActivityManagerService.handleApplicationCrash:9644 android.app.ActivityManagerNative.onTransact:1311 com.android.server.am.ActivityManagerService.onTransact:2071 
08-09 15:30:06.953 I/Process ( 1631): Sending signal. PID: 1631 SIG: 9
08-09 15:30:07.513 I/ActivityManager(  374): Process com.rock.xinhuapk (pid 1631) has died.
08-09 15:30:07.553 W/InputDispatcher(  374): channel '4a8fe324 com.rock.xinhuapk/com.rock.xinhuapk.IndexActivity (server)' ~ Consumer closed input channel or an error occurred.  events=0x9
08-09 15:30:07.553 E/InputDispatcher(  374): channel '4a8fe324 com.rock.xinhuapk/com.rock.xinhuapk.IndexActivity (server)' ~ Channel is unrecoverably broken and will be disposed!
08-09 15:30:07.583 W/NetworkManagementSocketTagger(  374): setKernelCountSet(10029, 0) failed with errno -13
08-09 15:30:07.593 W/InputDispatcher(  374): channel '4aad43f0 com.rock.xinhuapk/com.rock.xinhuapk.YingActivity (server)' ~ Consumer closed input channel or an error occurred.  events=0x9
08-09 15:30:07.593 E/InputDispatcher(  374): channel '4aad43f0 com.rock.xinhuapk/com.rock.xinhuapk.YingActivity (server)' ~ Channel is unrecoverably broken and will be disposed!
08-09 15:30:07.653 W/InputDispatcher(  374): Attempted to unregister already unregistered input channel '4a8fe324 com.rock.xinhuapk/com.rock.xinhuapk.IndexActivity (server)'
08-09 15:30:07.653 I/WindowState(  374): WIN DEATH: Window{4a8fe324 u0 com.rock.xinhuapk/com.rock.xinhuapk.IndexActivity}
08-09 15:30:07.673 W/InputDispatcher(  374): Attempted to unregister already unregistered input channel '4aad43f0 com.rock.xinhuapk/com.rock.xinhuapk.YingActivity (server)'
08-09 15:30:07.673 I/WindowState(  374): WIN DEATH: Window{4aad43f0 u0 com.rock.xinhuapk/com.rock.xinhuapk.YingActivity}
08-09 15:30:08.003 I/ActivityManager(  374): Start proc com.rock.xinhuapk for activity com.rock.xinhuapk/.IndexActivity: pid=1772 uid=10029 gids={50029, 3003, 1028, 1015, 1023}
08-09 15:30:08.253 D/dalvikvm( 1772): Late-enabling CheckJNI
08-09 15:30:08.293 I/Choreographer(  374): Skipped 33 frames!  The application may be doing too much work on its main thread.
08-09 15:30:08.383 F/libc    ( 1778): Fatal signal 13 (SIGPIPE) at 0x000006f2 (code=0), thread 1778 (busybox)
08-09 15:30:08.483 I/DEBUG   (  166): *** *** *** *** *** *** *** *** *** *** *** *** *** *** *** ***
08-09 15:30:08.493 I/DEBUG   (  166): Build fingerprint: 'samsung/SM-G955N/dream2lteks:4.4.2/NRD90M/381181018:user/release-keys'
08-09 15:30:08.493 I/DEBUG   (  166): AM write failure (32 / Broken pipe)
08-09 15:30:08.493 I/DEBUG   (  166): Revision: '0'
08-09 15:30:08.493 I/DEBUG   (  166): pid: 1778, tid: 1778, name: busybox  >>> busybox <<<
08-09 15:30:08.493 I/DEBUG   (  166): signal 13 (SIGPIPE), code -6 (SI_TKILL), fault addr --------
08-09 15:30:08.493 W/NativeCrashListener(  374): Couldn't find ProcessRecord for pid 1778
08-09 15:30:08.563 I/DEBUG   (  166):     eax ffffffe0  ebx 00000001  ecx b9649fd0  edx 00000002
08-09 15:30:08.563 I/DEBUG   (  166):     esi b7647214  edi b9649fd0
08-09 15:30:08.563 I/DEBUG   (  166):     xcs 00000073  xds 0000007b  xes 0000007b  xfs 00000000  xss 0000007b
08-09 15:30:08.563 I/DEBUG   (  166):     eip b75e2456  ebp b7647214  esp bfd34c60  flags 00010202
08-09 15:30:08.563 I/DEBUG   (  166): 
08-09 15:30:08.563 I/DEBUG   (  166): backtrace:
08-09 15:30:08.563 I/DEBUG   (  166):     #00  pc 0003c456  /system/lib/libc.so (write+22)
08-09 15:30:08.563 I/DEBUG   (  166):     #01  pc 0000bab7  <unknown>
08-09 15:30:08.563 I/DEBUG   (  166): 
08-09 15:30:08.563 I/DEBUG   (  166): stack:
08-09 15:30:08.563 I/DEBUG   (  166):          bfd34c20  b75c4fd7  /system/lib/libc.so (__swsetup+7)
08-09 15:30:08.563 I/DEBUG   (  166):          bfd34c24  b7647214  /system/lib/libc.so
08-09 15:30:08.563 I/DEBUG   (  166):          bfd34c28  00000888  
08-09 15:30:08.563 I/DEBUG   (  166):          bfd34c2c  b75ed6e7  /system/lib/libc.so
08-09 15:30:08.563 I/DEBUG   (  166):          bfd34c30  b9649fd1  [heap]
08-09 15:30:08.563 I/DEBUG   (  166):          bfd34c34  b9648920  [heap]
08-09 15:30:08.563 I/DEBUG   (  166):          bfd34c38  00000001  
08-09 15:30:08.563 I/DEBUG   (  166):          bfd34c3c  b75b8d4f  /system/lib/libc.so (dlmalloc+351)
08-09 15:30:08.563 I/DEBUG   (  166):          bfd34c40  00000000  
08-09 15:30:08.563 I/DEBUG   (  166):          bfd34c44  00000000  
08-09 15:30:08.563 I/DEBUG   (  166):          bfd34c48  b779ab90  /system/bin/busybox
08-09 15:30:08.563 I/DEBUG   (  166):          bfd34c4c  b76c3cc7  /system/bin/busybox (next_token+359)
08-09 15:30:08.563 I/DEBUG   (  166):          bfd34c50  b9648921  [heap]
08-09 15:30:08.563 I/DEBUG   (  166):          bfd34c54  00000001  
08-09 15:30:08.563 I/DEBUG   (  166):          bfd34c58  bfd34cb4  [stack]
08-09 15:30:08.563 I/DEBUG   (  166):          bfd34c5c  b7646fcc  /system/lib/libc.so
08-09 15:30:08.563 I/DEBUG   (  166):     #00  bfd34c60  b7655ab8  
08-09 15:30:08.563 I/DEBUG   (  166):          bfd34c64  00001000  
08-09 15:30:08.563 I/DEBUG   (  166):          bfd34c68  b7646fcc  /system/lib/libc.so
08-09 15:30:08.563 I/DEBUG   (  166):          bfd34c6c  b75edf17  /system/lib/libc.so (__swrite+103)
08-09 15:30:08.563 I/DEBUG   (  166):          bfd34c70  00000001  
08-09 15:30:08.563 I/DEBUG   (  166):          bfd34c74  b9649fd0  [heap]
08-09 15:30:08.563 I/DEBUG   (  166):          bfd34c78  00000002  
08-09 15:30:08.583 I/DEBUG   (  166):          bfd34c7c  b75c3b33  /system/lib/libc.so (fputs+99)
08-09 15:30:08.583 I/DEBUG   (  166):          bfd34c80  b7647214  /system/lib/libc.so
08-09 15:30:08.583 I/DEBUG   (  166):          bfd34c84  b7646fcc  /system/lib/libc.so
08-09 15:30:08.583 I/DEBUG   (  166):          bfd34c88  00000002  
08-09 15:30:08.583 I/DEBUG   (  166):          bfd34c8c  b75ec0e9  /system/lib/libc.so (fflush+185)
08-09 15:30:08.583 I/DEBUG   (  166):          bfd34c90  b7647214  /system/lib/libc.so
08-09 15:30:08.583 I/DEBUG   (  166):          bfd34c94  b9649fd0  [heap]
08-09 15:30:08.583 I/DEBUG   (  166):          bfd34c98  00000002  
08-09 15:30:08.583 I/DEBUG   (  166):          bfd34c9c  b9649980  [heap]
08-09 15:30:08.603 I/BootReceiver(  374): Copying /data/tombstones/tombstone_02 to DropBox (SYSTEM_TOMBSTONE)
08-09 15:30:08.883 I/Choreographer(  374): Skipped 35 frames!  The application may be doing too much work on its main thread.
08-09 15:30:08.993 W/NetworkManagementSocketTagger(  374): setKernelCountSet(10029, 1) failed with errno -13
08-09 15:30:09.653 I/dalvikvm( 1772): ignoring registerObject request in thread=1
08-09 15:30:09.653 I/dalvikvm( 1772): ignoring registerObject request in thread=1
08-09 15:30:09.903 I/dalvikvm( 1772): Could not find method android.view.Window.setStatusBarColor, referenced from method com.lib.Rock.setStatusColor
08-09 15:30:09.903 W/dalvikvm( 1772): VFY: unable to resolve virtual method 853: Landroid/view/Window;.setStatusBarColor (I)V
08-09 15:30:09.903 D/dalvikvm( 1772): VFY: replacing opcode 0x6e at 0x001a
08-09 15:30:10.013 D/dalvikvm( 1772): JIT code cache reset in 0 ms (0 bytes 1/0)
08-09 15:30:10.023 D/dalvikvm( 1772): GC_FOR_ALLOC freed 75K, 5% free 3239K/3376K, paused 21ms, total 25ms
08-09 15:30:10.033 I/dalvikvm-heap( 1772): Grow heap (frag case) to 4.291MB for 1127532-byte allocation
08-09 15:30:10.063 D/dalvikvm( 1772): GC_FOR_ALLOC freed 1K, 4% free 4339K/4480K, paused 23ms, total 24ms
08-09 15:30:10.093 D/dalvikvm( 1772): GC_CONCURRENT freed <1K, 4% free 4339K/4480K, paused 13ms+10ms, total 31ms
08-09 15:30:10.173 D/dalvikvm( 1772): GC_CONCURRENT freed 11K, 3% free 4739K/4856K, paused 17ms+2ms, total 38ms
08-09 15:30:10.303 D/dalvikvm( 1772): GC_CONCURRENT freed 117K, 4% free 5098K/5276K, paused 6ms+1ms, total 18ms
08-09 15:30:10.653 D/dalvikvm( 1772): GC_CONCURRENT freed 390K, 8% free 5381K/5836K, paused 16ms+10ms, total 53ms
08-09 15:30:11.033 D/dalvikvm( 1772): GC_CONCURRENT freed 498K, 9% free 5657K/6212K, paused 25ms+2ms, total 74ms
08-09 15:30:11.053 V/xiaomi  ( 1577): [Thread:57] JOB: Handle intent action = com.xiaomi.mipush.CLEAR_NOTIFICATION
08-09 15:30:11.143 D/dalvikvm(  374): GC_EXPLICIT freed 269K, 14% free 8734K/10156K, paused 4ms+13ms, total 54ms
08-09 15:30:11.193 V/xiaomi  ( 1772): [Thread:72] ASSEMBLE_PUSH : assemble push register
08-09 15:30:11.253 V/xiaomi  ( 1772): [Thread:68] empty local vid
08-09 15:30:11.313 V/xiaomi  ( 1577): [Thread:57] JOB: Handle intent action = com.xiaomi.mipush.SEND_MESSAGE
08-09 15:30:11.323 V/xiaomi  ( 1577): [Thread:57] try send mi push message. packagename:com.rock.xinhuapk action:Command
08-09 15:30:11.413 D/dalvikvm( 1772): GC_CONCURRENT freed 739K, 13% free 5754K/6548K, paused 24ms+2ms, total 69ms
08-09 15:30:11.413 D/dalvikvm( 1772): WAIT_FOR_CONCURRENT_GC blocked 26ms
08-09 15:30:11.523 V/xiaomi  ( 1577): [Thread:57] JOB: Handle intent action = action_cr_config
08-09 15:30:11.683 I/Choreographer( 1772): Skipped 30 frames!  The application may be doing too much work on its main thread.
08-09 15:30:12.153 D/libEGL  ( 1772): loaded /system/lib/egl/libEGL_adreno.so
08-09 15:30:12.333 D/        ( 1772): HostConnection::get() New Host Connection established 0xb7be54e0, tid 1772
08-09 15:30:12.343 D/libEGL  ( 1772): loaded /system/lib/egl/libGLESv1_CM_adreno.so
08-09 15:30:12.353 D/libEGL  ( 1772): loaded /system/lib/egl/libGLESv2_adreno.so
08-09 15:30:12.473 W/EGL_emulation( 1772): eglSurfaceAttrib not implemented 3093 12436
08-09 15:30:12.483 D/OpenGLRenderer( 1772): Enabling debug mode 0
08-09 15:30:12.543 I/Choreographer( 1772): Skipped 50 frames!  The application may be doing too much work on its main thread.
08-09 15:30:13.063 W/ContextImpl(  374): Calling a method in the system process without a qualified user: android.app.ContextImpl.sendBroadcast:1123 com.android.server.InputMethodManagerService.hideCurrentInputLocked:1880 com.android.server.InputMethodManagerService.windowGainedFocus:1968 com.android.internal.view.IInputMethodManager$Stub.onTransact:221 com.android.server.InputMethodManagerService.onTransact:818 
08-09 15:30:13.093 W/ActivityManager(  374): Launch timeout has expired, giving up wake lock!
08-09 15:30:13.093 W/InputMethodManagerService(  374): Got RemoteException sending setActive(false) notification to pid 1631 uid 10029
08-09 15:30:13.103 I/ActivityManager(  374): Displayed com.rock.xinhuapk/.IndexActivity: +5s381ms
08-09 15:30:13.673 W/Binder  (  699): Caught a RuntimeException from the binder stub implementation.
08-09 15:30:13.673 W/Binder  (  699): java.lang.NullPointerException
08-09 15:30:13.673 W/Binder  (  699): 	at android.inputmethodservice.IInputMethodWrapper.setSessionEnabled(IInputMethodWrapper.java:280)
08-09 15:30:13.673 W/Binder  (  699): 	at com.android.internal.view.IInputMethod$Stub.onTransact(IInputMethod.java:129)
08-09 15:30:13.673 W/Binder  (  699): 	at android.os.Binder.execTransact(Binder.java:404)
08-09 15:30:13.673 W/Binder  (  699): 	at dalvik.system.NativeStart.run(Native Method)
08-09 15:30:17.223 D/dalvikvm( 1772): GC_FOR_ALLOC freed 635K, 12% free 5920K/6676K, paused 18ms, total 24ms
08-09 15:30:17.293 D/dalvikvm( 1772): GC_CONCURRENT freed 267K, 5% free 6645K/6968K, paused 4ms+1ms, total 23ms
08-09 15:30:17.293 D/dalvikvm( 1772): WAIT_FOR_CONCURRENT_GC blocked 12ms
08-09 15:30:17.383 D/dalvikvm( 1772): GC_CONCURRENT freed 369K, 6% free 7481K/7908K, paused 4ms+7ms, total 27ms
08-09 15:30:17.553 D/dalvikvm( 1772): GC_CONCURRENT freed 498K, 7% free 8408K/8996K, paused 17ms+11ms, total 45ms
08-09 15:30:17.553 D/dalvikvm( 1772): WAIT_FOR_CONCURRENT_GC blocked 9ms
08-09 15:30:31.993 I/ActivityManager(  374): START u0 {cmp=com.rock.xinhuapk/.UserActivity (has extras)} from pid 1772
08-09 15:30:32.473 D/dalvikvm( 1772): GC_FOR_ALLOC freed 2247K, 23% free 7746K/10052K, paused 47ms, total 49ms
08-09 15:30:32.683 D/dalvikvm( 1772): GC_CONCURRENT freed 480K, 12% free 8866K/10052K, paused 20ms+11ms, total 57ms
08-09 15:30:32.683 D/dalvikvm( 1772): WAIT_FOR_CONCURRENT_GC blocked 37ms
08-09 15:30:33.303 W/EGL_emulation( 1772): eglSurfaceAttrib not implemented 3093 12436
08-09 15:30:33.403 W/ContextImpl(  374): Calling a method in the system process without a qualified user: android.app.ContextImpl.sendBroadcast:1123 com.android.server.InputMethodManagerService.hideCurrentInputLocked:1880 com.android.server.InputMethodManagerService.windowGainedFocus:1968 com.android.internal.view.IInputMethodManager$Stub.onTransact:221 com.android.server.InputMethodManagerService.onTransact:818 
08-09 15:30:34.663 I/ActivityManager(  374): Displayed com.rock.xinhuapk/.UserActivity: +2s604ms
08-09 15:30:59.583 V/xiaomi  ( 1577): [Thread:57] JOB: Handle intent action = com.xiaomi.mipush.CLEAR_NOTIFICATION
08-09 15:30:59.873 W/EGL_emulation( 1772): eglSurfaceAttrib not implemented 3093 12436
08-09 15:31:00.473 W/ContextImpl(  374): Calling a method in the system process without a qualified user: android.app.ContextImpl.sendBroadcast:1123 com.android.server.InputMethodManagerService.hideCurrentInputLocked:1880 com.android.server.InputMethodManagerService.windowGainedFocus:1968 com.android.internal.view.IInputMethodManager$Stub.onTransact:221 com.android.server.InputMethodManagerService.onTransact:818 
08-09 15:31:36.983 I/ActivityManager(  374): START u0 {cmp=com.rock.xinhuapk/.UserActivity (has extras)} from pid 1772
08-09 15:31:38.043 D/dalvikvm( 1772): GC_CONCURRENT freed 2490K, 24% free 8350K/10896K, paused 20ms+17ms, total 165ms
08-09 15:31:38.043 D/dalvikvm( 1772): WAIT_FOR_CONCURRENT_GC blocked 145ms
08-09 15:31:38.993 D/dalvikvm( 1772): GC_CONCURRENT freed 656K, 13% free 9495K/10896K, paused 132ms+1ms, total 332ms
08-09 15:31:38.993 D/dalvikvm( 1772): WAIT_FOR_CONCURRENT_GC blocked 232ms
08-09 15:31:39.663 W/EGL_emulation( 1772): eglSurfaceAttrib not implemented 3093 12436
08-09 15:31:39.813 W/ContextImpl(  374): Calling a method in the system process without a qualified user: android.app.ContextImpl.sendBroadcast:1123 com.android.server.InputMethodManagerService.hideCurrentInputLocked:1880 com.android.server.InputMethodManagerService.windowGainedFocus:1968 com.android.internal.view.IInputMethodManager$Stub.onTransact:221 com.android.server.InputMethodManagerService.onTransact:818 
08-09 15:31:41.443 I/ActivityManager(  374): Displayed com.rock.xinhuapk/.UserActivity: +4s339ms
08-09 15:31:44.383 I/ActivityManager(  374): START u0 {act=android.intent.action.DIAL dat=tel:xxxxxxxxxxx flg=0x10000000} from pid 1772
08-09 15:31:44.393 D/AndroidRuntime( 1772): Shutting down VM
08-09 15:31:44.393 W/dalvikvm( 1772): threadid=1: thread exiting with uncaught exception (group=0x94c4db20)
08-09 15:31:44.393 E/AndroidRuntime( 1772): FATAL EXCEPTION: main
08-09 15:31:44.393 E/AndroidRuntime( 1772): Process: com.rock.xinhuapk, PID: 1772
08-09 15:31:44.393 E/AndroidRuntime( 1772): android.content.ActivityNotFoundException: No Activity found to handle Intent { act=android.intent.action.DIAL dat=tel:xxxxxxxxxxx flg=0x10000000 }
08-09 15:31:44.393 E/AndroidRuntime( 1772): 	at android.app.Instrumentation.checkStartActivityResult(Instrumentation.java:1649)
08-09 15:31:44.393 E/AndroidRuntime( 1772): 	at android.app.Instrumentation.execStartActivity(Instrumentation.java:1441)
08-09 15:31:44.393 E/AndroidRuntime( 1772): 	at android.app.Activity.startActivityForResult(Activity.java:3424)
08-09 15:31:44.393 E/AndroidRuntime( 1772): 	at android.app.Activity.startActivityForResult(Activity.java:3385)
08-09 15:31:44.393 E/AndroidRuntime( 1772): 	at android.app.Activity.startActivity(Activity.java:3627)
08-09 15:31:44.393 E/AndroidRuntime( 1772): 	at android.app.Activity.startActivity(Activity.java:3595)
08-09 15:31:44.393 E/AndroidRuntime( 1772): 	at com.rock.xinhuapk.UserActivity.call(UserActivity.java:133)
08-09 15:31:44.393 E/AndroidRuntime( 1772): 	at com.rock.xinhuapk.UserActivity.callmobile(UserActivity.java:141)
08-09 15:31:44.393 E/AndroidRuntime( 1772): 	at com.rock.xinhuapk.UserActivity.ViewClick(UserActivity.java:104)
08-09 15:31:44.393 E/AndroidRuntime( 1772): 	at com.lib.RockActivity$1.onClick(RockActivity.java:57)
08-09 15:31:44.393 E/AndroidRuntime( 1772): 	at android.view.View.performClick(View.java:4438)
08-09 15:31:44.393 E/AndroidRuntime( 1772): 	at android.view.View$PerformClick.run(View.java:18422)
08-09 15:31:44.393 E/AndroidRuntime( 1772): 	at android.os.Handler.handleCallback(Handler.java:733)
08-09 15:31:44.393 E/AndroidRuntime( 1772): 	at android.os.Handler.dispatchMessage(Handler.java:95)
08-09 15:31:44.393 E/AndroidRuntime( 1772): 	at android.os.Looper.loop(Looper.java:136)
08-09 15:31:44.393 E/AndroidRuntime( 1772): 	at android.app.ActivityThread.main(ActivityThread.java:5019)
08-09 15:31:44.393 E/AndroidRuntime( 1772): 	at java.lang.reflect.Method.invokeNative(Native Method)
08-09 15:31:44.393 E/AndroidRuntime( 1772): 	at java.lang.reflect.Method.invoke(Method.java:515)
08-09 15:31:44.393 E/AndroidRuntime( 1772): 	at com.android.internal.os.ZygoteInit$MethodAndArgsCaller.run(ZygoteInit.java:779)
08-09 15:31:44.393 E/AndroidRuntime( 1772): 	at com.android.internal.os.ZygoteInit.main(ZygoteInit.java:595)
08-09 15:31:44.393 E/AndroidRuntime( 1772): 	at dalvik.system.NativeStart.main(Native Method)
08-09 15:31:44.453 W/ActivityManager(  374):   Force finishing activity com.rock.xinhuapk/.UserActivity
08-09 15:31:44.543 W/WindowManager(  374): updateFocusedWindowLocked, focusedAppToken is null.
08-09 15:31:45.423 W/ActivityManager(  374): Activity pause timeout for ActivityRecord{4a8d9474 u0 com.rock.xinhuapk/.UserActivity t2 f}
08-09 15:31:48.323 W/ContextImpl(  374): Calling a method in the system process without a qualified user: android.app.ContextImpl.sendBroadcast:1123 com.android.server.am.ActivityManagerService.handleApplicationCrashInner:9670 com.android.server.am.ActivityManagerService.handleApplicationCrash:9644 android.app.ActivityManagerNative.onTransact:1311 com.android.server.am.ActivityManagerService.onTransact:2071 
08-09 15:31:48.343 I/Process ( 1772): Sending signal. PID: 1772 SIG: 9
08-09 15:31:50.293 W/InputDispatcher(  374): channel '4a8b7088 com.rock.xinhuapk/com.rock.xinhuapk.IndexActivity (server)' ~ Consumer closed input channel or an error occurred.  events=0x9
