08-09 15:31:50.293 E/InputDispatcher(  374): channel '4a8b7088 com.rock.xinhuapk/com.rock.xinhuapk.IndexActivity (server)' ~ Channel is unrecoverably broken and will be disposed!
08-09 15:31:50.293 I/WindowState(  374): WIN DEATH: Window{4a8b7088 u0 com.rock.xinhuapk/com.rock.xinhuapk.IndexActivity}
08-09 15:31:50.293 I/ActivityManager(  374): Process com.rock.xinhuapk (pid 1772) has died.
08-09 15:31:50.303 W/InputDispatcher(  374): Attempted to unregister already unregistered input channel '4a8b7088 com.rock.xinhuapk/com.rock.xinhuapk.IndexActivity (server)'
08-09 15:31:50.333 W/InputDispatcher(  374): channel '4a9006d4 com.rock.xinhuapk/com.rock.xinhuapk.UserActivity (server)' ~ Consumer closed input channel or an error occurred.  events=0x9
08-09 15:31:50.333 E/InputDispatcher(  374): channel '4a9006d4 com.rock.xinhuapk/com.rock.xinhuapk.UserActivity (server)' ~ Channel is unrecoverably broken and will be disposed!
08-09 15:31:50.373 W/NetworkManagementSocketTagger(  374): setKernelCountSet(10029, 0) failed with errno -13
08-09 15:31:50.393 W/InputDispatcher(  374): Attempted to unregister already unregistered input channel '4a9006d4 com.rock.xinhuapk/com.rock.xinhuapk.UserActivity (server)'
08-09 15:31:50.393 I/WindowState(  374): WIN DEATH: Window{4a9006d4 u0 com.rock.xinhuapk/com.rock.xinhuapk.UserActivity}
08-09 15:31:50.993 I/ActivityManager(  374): Start proc com.rock.xinhuapk for activity com.rock.xinhuapk/.IndexActivity: pid=1823 uid=10029 gids={50029, 3003, 1028, 1015, 1023}
08-09 15:31:51.003 D/dalvikvm( 1823): Late-enabling CheckJNI
08-09 15:31:51.023 W/WindowManager(  374): Rebuild removed 3 windows but added 2
08-09 15:31:51.023 W/WindowManager(  374): java.lang.RuntimeException: here
08-09 15:31:51.023 W/WindowManager(  374): 	at com.android.server.wm.WindowManagerService.rebuildAppWindowListLocked(WindowManagerService.java:8199)
08-09 15:31:51.023 W/WindowManager(  374): 	at com.android.server.wm.WindowManagerService.rebuildAppWindowListLocked(WindowManagerService.java:8135)
08-09 15:31:51.023 W/WindowManager(  374): 	at com.android.server.wm.WindowManagerService.handleAnimatingStoppedAndTransitionLocked(WindowManagerService.java:8879)
08-09 15:31:51.023 W/WindowManager(  374): 	at com.android.server.wm.WindowManagerService.performLayoutAndPlaceSurfacesLockedInner(WindowManagerService.java:9393)
08-09 15:31:51.023 W/WindowManager(  374): 	at com.android.server.wm.WindowManagerService.performLayoutAndPlaceSurfacesLockedLoop(WindowManagerService.java:8351)
08-09 15:31:51.023 W/WindowManager(  374): 	at com.android.server.wm.WindowManagerService.performLayoutAndPlaceSurfacesLocked(WindowManagerService.java:8293)
08-09 15:31:51.023 W/WindowManager(  374): 	at com.android.server.wm.WindowManagerService.relayoutWindow(WindowManagerService.java:3179)
08-09 15:31:51.023 W/WindowManager(  374): 	at com.android.server.wm.Session.relayout(Session.java:190)
08-09 15:31:51.023 W/WindowManager(  374): 	at android.view.ViewRootImpl.relayoutWindow(ViewRootImpl.java:5173)
08-09 15:31:51.023 W/WindowManager(  374): 	at android.view.ViewRootImpl.performTraversals(ViewRootImpl.java:1438)
08-09 15:31:51.023 W/WindowManager(  374): 	at android.view.ViewRootImpl.doTraversal(ViewRootImpl.java:1024)
08-09 15:31:51.023 W/WindowManager(  374): 	at android.view.ViewRootImpl$TraversalRunnable.run(ViewRootImpl.java:5694)
08-09 15:31:51.023 W/WindowManager(  374): 	at android.view.Choreographer$CallbackRecord.run(Choreographer.java:761)
08-09 15:31:51.023 W/WindowManager(  374): 	at android.view.Choreographer.doCallbacks(Choreographer.java:574)
08-09 15:31:51.023 W/WindowManager(  374): 	at android.view.Choreographer.doFrame(Choreographer.java:544)
08-09 15:31:51.023 W/WindowManager(  374): 	at android.view.Choreographer$FrameDisplayEventReceiver.run(Choreographer.java:747)
08-09 15:31:51.023 W/WindowManager(  374): 	at android.os.Handler.handleCallback(Handler.java:733)
08-09 15:31:51.023 W/WindowManager(  374): 	at android.os.Handler.dispatchMessage(Handler.java:95)
08-09 15:31:51.023 W/WindowManager(  374): 	at android.os.Looper.loop(Looper.java:136)
08-09 15:31:51.023 W/WindowManager(  374): 	at android.os.HandlerThread.run(HandlerThread.java:61)
08-09 15:31:51.093 W/WindowManager(  374): This window was lost: Window{4a9006d4 u0 com.rock.xinhuapk/com.rock.xinhuapk.UserActivity}
08-09 15:31:51.093 W/WindowManager(  374): mDisplayId=0 mSession=Session{4a8d64a4 1772:u0a10029} mClient=android.os.BinderProxy@4a8d7890
08-09 15:31:51.093 W/WindowManager(  374): mOwnerUid=10029 mShowToOwnerOnly=true package=com.rock.xinhuapk appop=NONE
08-09 15:31:51.093 W/WindowManager(  374): mAttrs=WM.LayoutParams{(0,0)(fillxfill) sim=#120 ty=1 fl=#1810100 pfl=0x8 wanim=0x7f0a0002}
08-09 15:31:51.093 W/WindowManager(  374): Requested w=1080 h=1920 mLayoutSeq=187
08-09 15:31:51.093 W/WindowManager(  374): mBaseLayer=21000 mSubLayer=0 mAnimLayer=21005+0=21005 mLastLayer=21010
08-09 15:31:51.093 W/WindowManager(  374): mToken=AppWindowToken{4a8e334c token=Token{4a8dcbec ActivityRecord{4a8d9474 u0 com.rock.xinhuapk/.UserActivity t2}}}
08-09 15:31:51.093 W/WindowManager(  374): mRootToken=AppWindowToken{4a8e334c token=Token{4a8dcbec ActivityRecord{4a8d9474 u0 com.rock.xinhuapk/.UserActivity t2}}}
08-09 15:31:51.093 W/WindowManager(  374): mAppToken=AppWindowToken{4a8e334c token=Token{4a8dcbec ActivityRecord{4a8d9474 u0 com.rock.xinhuapk/.UserActivity t2}}}
08-09 15:31:51.093 W/WindowManager(  374): mViewVisibility=0x0 mHaveFrame=true mObscured=false
08-09 15:31:51.093 W/WindowManager(  374): mSeq=0 mSystemUiVisibility=0x0
08-09 15:31:51.093 W/WindowManager(  374): mGivenContentInsets=[0,0][0,0] mGivenVisibleInsets=[0,0][0,0]
08-09 15:31:51.093 W/WindowManager(  374): mConfiguration={1.0 460mcc7mnc zh_CN ldltr sw540dp w540dp h935dp 320dpi lrg long port finger qwerty/v/v dpad/v s.6}
08-09 15:31:51.093 W/WindowManager(  374): mHasSurface=true mShownFrame=[0.0,0.0][1080.0,1920.0] isReadyForDisplay()=false
08-09 15:31:51.093 W/WindowManager(  374): mFrame=[0,0][1080,1920] last=[0,0][1080,1920]
08-09 15:31:51.093 W/WindowManager(  374): mSystemDecorRect=[0,50][1080,1920] last=[0,50][1080,1920]
08-09 15:31:51.093 W/WindowManager(  374): Frames: containing=[0,0][1080,1920] parent=[0,0][1080,1920]
08-09 15:31:51.093 W/WindowManager(  374):     display=[0,0][1080,1920] overscan=[0,0][1080,1920]
08-09 15:31:51.093 W/WindowManager(  374):     content=[0,50][1080,1920] visible=[0,50][1080,1920]
08-09 15:31:51.093 W/WindowManager(  374):     decor=[0,50][1080,1920]
08-09 15:31:51.093 W/WindowManager(  374): Cur insets: overscan=[0,0][0,0] content=[0,50][0,0] visible=[0,50][0,0]
08-09 15:31:51.093 W/WindowManager(  374): Lst insets: overscan=[0,0][0,0] content=[0,50][0,0] visible=[0,50][0,0]
08-09 15:31:51.093 W/WindowManager(  374): WindowStateAnimator{4a91b334 com.rock.xinhuapk/com.rock.xinhuapk.UserActivity}:
08-09 15:31:51.093 W/WindowManager(  374):   mSurface=Surface(name=com.rock.xinhuapk/com.rock.xinhuapk.UserActivity)
08-09 15:31:51.093 W/WindowManager(  374):   mDrawState=HAS_DRAWN mLastHidden=true
08-09 15:31:51.093 W/WindowManager(  374):   Surface: shown=false layer=21010 alpha=1.0 rect=(0.0,0.0) 1080.0 x 1920.0
08-09 15:31:51.093 W/WindowManager(  374):   mGlobalScale=1.0 mDsDx=1.0 mDtDx=0.0 mDsDy=0.0 mDtDy=1.0
08-09 15:31:51.093 W/WindowManager(  374): mExiting=false mRemoveOnExit=false mDestroying=true mRemoved=false
08-09 15:31:51.273 W/WindowManager(  374): Current app token list:
08-09 15:31:51.273 V/WindowManager(  374):   Display 0
08-09 15:31:51.273 V/WindowManager(  374):   #1: Token{4a8b3644 ActivityRecord{4a9014fc u0 com.rock.xinhuapk/.IndexActivity t2}}
08-09 15:31:51.273 V/WindowManager(  374):   #0: Token{4a8a9c1c ActivityRecord{4a8a9b08 u0 com.vphone.launcher/.Launcher t1}}
08-09 15:31:51.273 W/WindowManager(  374): Final window list:
08-09 15:31:51.273 V/WindowManager(  374):   #0: Window{4a8eafe4 u0 StatusBar}
08-09 15:31:51.273 V/WindowManager(  374):   #1: Window{4a8c9aec u0 KeyguardScrim}
08-09 15:31:51.273 V/WindowManager(  374):   #2: Window{4a8c1f14 u0 Starting com.rock.xinhuapk}
08-09 15:31:51.273 V/WindowManager(  374):   #3: Window{4a90c320 u0 com.vphone.launcher/com.vphone.launcher.Launcher}
08-09 15:31:51.273 V/WindowManager(  374):   #4: Window{4a90ed7c u0 com.android.systemui.ImageWallpaper}
08-09 15:31:52.823 W/NetworkManagementSocketTagger(  374): setKernelCountSet(10029, 1) failed with errno -13
08-09 15:31:52.893 I/dalvikvm( 1823): ignoring registerObject request in thread=1
08-09 15:31:52.893 I/dalvikvm( 1823): ignoring registerObject request in thread=1
08-09 15:31:53.043 I/dalvikvm( 1823): Could not find method android.view.Window.setStatusBarColor, referenced from method com.lib.Rock.setStatusColor
08-09 15:31:53.043 W/dalvikvm( 1823): VFY: unable to resolve virtual method 853: Landroid/view/Window;.setStatusBarColor (I)V
08-09 15:31:53.043 D/dalvikvm( 1823): VFY: replacing opcode 0x6e at 0x001a
08-09 15:31:53.123 D/dalvikvm( 1823): JIT code cache reset in 0 ms (0 bytes 1/0)
08-09 15:31:53.123 D/dalvikvm( 1823): GC_FOR_ALLOC freed 79K, 5% free 3239K/3380K, paused 17ms, total 19ms
08-09 15:31:53.143 I/dalvikvm-heap( 1823): Grow heap (frag case) to 4.291MB for 1127532-byte allocation
08-09 15:31:53.163 D/dalvikvm( 1823): GC_FOR_ALLOC freed 1K, 4% free 4339K/4484K, paused 18ms, total 18ms
08-09 15:31:53.183 D/dalvikvm( 1823): GC_CONCURRENT freed <1K, 4% free 4339K/4484K, paused 7ms+1ms, total 20ms
08-09 15:31:53.243 D/dalvikvm( 1823): GC_CONCURRENT freed 11K, 3% free 4737K/4860K, paused 4ms+3ms, total 35ms
08-09 15:31:53.423 D/dalvikvm( 1823): GC_CONCURRENT freed 117K, 4% free 5137K/5316K, paused 20ms+1ms, total 52ms
08-09 15:31:53.803 D/dalvikvm( 1823): GC_CONCURRENT freed 406K, 9% free 5338K/5804K, paused 12ms+2ms, total 26ms
08-09 15:31:54.093 D/dalvikvm( 1823): GC_CONCURRENT freed 363K, 8% free 5650K/6080K, paused 5ms+0ms, total 13ms
08-09 15:31:54.273 V/xiaomi  ( 1577): [Thread:57] JOB: Handle intent action = com.xiaomi.mipush.CLEAR_NOTIFICATION
08-09 15:31:54.313 V/xiaomi  ( 1823): [Thread:75] ASSEMBLE_PUSH : assemble push register
08-09 15:31:54.373 V/xiaomi  ( 1823): [Thread:71] empty local vid
08-09 15:31:54.453 V/xiaomi  ( 1577): [Thread:57] JOB: Handle intent action = com.xiaomi.mipush.SEND_MESSAGE
08-09 15:31:54.463 V/xiaomi  ( 1577): [Thread:57] try send mi push message. packagename:com.rock.xinhuapk action:Command
08-09 15:31:54.483 W/ActivityManager(  374): Launch timeout has expired, giving up wake lock!
08-09 15:31:54.583 V/xiaomi  ( 1577): [Thread:57] JOB: Handle intent action = action_cr_config
08-09 15:31:54.593 D/dalvikvm( 1823): GC_FOR_ALLOC freed 890K, 15% free 5517K/6464K, paused 17ms, total 23ms
08-09 15:31:54.593 I/dalvikvm-heap( 1823): Grow heap (frag case) to 5.592MB for 160012-byte allocation
08-09 15:31:54.613 D/dalvikvm( 1823): GC_FOR_ALLOC freed 6K, 15% free 5666K/6624K, paused 21ms, total 21ms
08-09 15:31:55.843 I/Choreographer( 1823): Skipped 88 frames!  The application may be doing too much work on its main thread.
08-09 15:31:56.743 D/libEGL  ( 1823): loaded /system/lib/egl/libEGL_adreno.so
08-09 15:31:56.843 D/        ( 1823): HostConnection::get() New Host Connection established 0xb7be5650, tid 1823
08-09 15:31:56.853 D/libEGL  ( 1823): loaded /system/lib/egl/libGLESv1_CM_adreno.so
08-09 15:31:56.853 D/libEGL  ( 1823): loaded /system/lib/egl/libGLESv2_adreno.so
08-09 15:31:57.113 W/EGL_emulation( 1823): eglSurfaceAttrib not implemented 3093 12436
08-09 15:31:57.143 D/OpenGLRenderer( 1823): Enabling debug mode 0
08-09 15:31:57.233 I/Choreographer( 1823): Skipped 75 frames!  The application may be doing too much work on its main thread.
08-09 15:31:58.173 I/ActivityManager(  374): Displayed com.rock.xinhuapk/.IndexActivity: +7s615ms
08-09 15:31:58.303 W/ContextImpl(  374): Calling a method in the system process without a qualified user: android.app.ContextImpl.sendBroadcast:1123 com.android.server.InputMethodManagerService.hideCurrentInputLocked:1880 com.android.server.InputMethodManagerService.windowGainedFocus:1968 com.android.internal.view.IInputMethodManager$Stub.onTransact:221 com.android.server.InputMethodManagerService.onTransact:818 
08-09 15:31:58.343 W/InputMethodManagerService(  374): Got RemoteException sending setActive(false) notification to pid 1772 uid 10029
08-09 15:31:58.533 W/Binder  (  699): Caught a RuntimeException from the binder stub implementation.
08-09 15:31:58.533 W/Binder  (  699): java.lang.NullPointerException
08-09 15:31:58.533 W/Binder  (  699): 	at android.inputmethodservice.IInputMethodWrapper.setSessionEnabled(IInputMethodWrapper.java:280)
08-09 15:31:58.533 W/Binder  (  699): 	at com.android.internal.view.IInputMethod$Stub.onTransact(IInputMethod.java:129)
08-09 15:31:58.533 W/Binder  (  699): 	at android.os.Binder.execTransact(Binder.java:404)
08-09 15:31:58.533 W/Binder  (  699): 	at dalvik.system.NativeStart.run(Native Method)
08-09 15:32:12.183 D/dalvikvm( 1823): GC_FOR_ALLOC freed 592K, 13% free 5790K/6620K, paused 38ms, total 41ms
08-09 15:32:12.253 D/dalvikvm( 1823): GC_FOR_ALLOC freed 37K, 12% free 5887K/6620K, paused 12ms, total 13ms
08-09 15:32:12.333 D/dalvikvm( 1823): GC_CONCURRENT freed 221K, 4% free 6647K/6924K, paused 4ms+7ms, total 39ms
08-09 15:32:12.333 D/dalvikvm( 1823): WAIT_FOR_CONCURRENT_GC blocked 14ms
08-09 15:32:12.423 D/dalvikvm( 1823): GC_CONCURRENT freed 387K, 6% free 7493K/7936K, paused 4ms+2ms, total 30ms
08-09 15:32:12.423 D/dalvikvm( 1823): WAIT_FOR_CONCURRENT_GC blocked 10ms
08-09 15:32:12.613 D/dalvikvm( 1823): GC_CONCURRENT freed 508K, 7% free 8392K/9012K, paused 7ms+2ms, total 39ms
08-09 15:32:12.613 D/dalvikvm( 1823): WAIT_FOR_CONCURRENT_GC blocked 22ms
08-09 15:32:17.053 D/dalvikvm( 1823): GC_FOR_ALLOC freed 1035K, 13% free 8991K/10248K, paused 49ms, total 50ms
08-09 15:32:18.003 D/dalvikvm( 1823): GC_FOR_ALLOC freed 500K, 8% free 10241K/11044K, paused 23ms, total 24ms
08-09 15:32:19.003 D/dalvikvm( 1823): GC_FOR_ALLOC freed 632K, 7% free 11855K/12728K, paused 39ms, total 40ms
08-09 15:32:20.683 D/dalvikvm( 1823): GC_FOR_ALLOC freed 786K, 7% free 13889K/14872K, paused 76ms, total 78ms
08-09 15:32:21.593 I/InputDispatcher(  374): Window 'Window{4a933158 u0 com.rock.xinhuapk/com.rock.xinhuapk.IndexActivity}' spent 5272.5ms processing the last input event: MotionEvent(deviceId=3, source=0x00001002, action=0, flags=0x00000000, metaState=0x00000000, buttonState=0x00000000, edgeFlags=0x00000000, xPrecision=1.0, yPrecision=1.0, displayId=0, pointers=[0: (288.7, 598.7)]), policyFlags=0x42000000
08-09 15:32:21.603 I/InputDispatcher(  374): Window 'Window{4a933158 u0 com.rock.xinhuapk/com.rock.xinhuapk.IndexActivity}' spent 5252.3ms processing the last input event: MotionEvent(deviceId=3, source=0x00001002, action=1, flags=0x00000000, metaState=0x00000000, buttonState=0x00000000, edgeFlags=0x00000000, xPrecision=1.0, yPrecision=1.0, displayId=0, pointers=[0: (288.7, 598.7)]), policyFlags=0x42000000
08-09 15:32:21.633 I/Choreographer( 1823): Skipped 315 frames!  The application may be doing too much work on its main thread.
08-09 15:32:24.943 I/ActivityManager(  374): START u0 {cmp=com.rock.xinhuapk/.UserActivity (has extras)} from pid 1823
08-09 15:32:25.203 I/ActivityManager(  374): START u0 {cmp=com.rock.xinhuapk/.UserActivity (has extras)} from pid 1823
08-09 15:32:25.683 D/dalvikvm( 1823): GC_FOR_ALLOC freed 1460K, 9% free 15921K/17440K, paused 78ms, total 87ms
08-09 15:32:25.723 W/ActivityManager(  374): Activity pause timeout for ActivityRecord{4a99f448 u0 com.rock.xinhuapk/.UserActivity t2}
08-09 15:32:27.453 D/dalvikvm( 1823): GC_CONCURRENT freed 3036K, 16% free 17173K/20240K, paused 62ms+42ms, total 409ms
08-09 15:32:27.843 I/Choreographer( 1823): Skipped 101 frames!  The application may be doing too much work on its main thread.
08-09 15:32:28.273 W/EGL_emulation( 1823): eglSurfaceAttrib not implemented 3093 12436
08-09 15:32:29.063 W/EGL_emulation( 1823): eglSurfaceAttrib not implemented 3093 12436
08-09 15:32:29.123 I/Choreographer( 1823): Skipped 46 frames!  The application may be doing too much work on its main thread.
08-09 15:32:32.483 W/ContextImpl(  374): Calling a method in the system process without a qualified user: android.app.ContextImpl.sendBroadcast:1123 com.android.server.InputMethodManagerService.hideCurrentInputLocked:1880 com.android.server.InputMethodManagerService.windowGainedFocus:1968 com.android.internal.view.IInputMethodManager$Stub.onTransact:221 com.android.server.InputMethodManagerService.onTransact:818 
08-09 15:32:32.553 I/ActivityManager(  374): Displayed com.rock.xinhuapk/.UserActivity: +6s831ms (total +7s560ms)
08-09 15:32:34.723 I/ActivityManager(  374): START u0 {act=android.intent.action.DIAL dat=tel:xxxxxxxxxxx flg=0x10000000} from pid 1823
08-09 15:32:34.773 D/AndroidRuntime( 1823): Shutting down VM
08-09 15:32:34.773 W/dalvikvm( 1823): threadid=1: thread exiting with uncaught exception (group=0x94c4db20)
08-09 15:32:34.773 E/AndroidRuntime( 1823): FATAL EXCEPTION: main
08-09 15:32:34.773 E/AndroidRuntime( 1823): Process: com.rock.xinhuapk, PID: 1823
08-09 15:32:34.773 E/AndroidRuntime( 1823): android.content.ActivityNotFoundException: No Activity found to handle Intent { act=android.intent.action.DIAL dat=tel:xxxxxxxxxxx flg=0x10000000 }
08-09 15:32:34.773 E/AndroidRuntime( 1823): 	at android.app.Instrumentation.checkStartActivityResult(Instrumentation.java:1649)
08-09 15:32:34.773 E/AndroidRuntime( 1823): 	at android.app.Instrumentation.execStartActivity(Instrumentation.java:1441)
08-09 15:32:34.773 E/AndroidRuntime( 1823): 	at android.app.Activity.startActivityForResult(Activity.java:3424)
08-09 15:32:34.773 E/AndroidRuntime( 1823): 	at android.app.Activity.startActivityForResult(Activity.java:3385)
08-09 15:32:34.773 E/AndroidRuntime( 1823): 	at android.app.Activity.startActivity(Activity.java:3627)
08-09 15:32:34.773 E/AndroidRuntime( 1823): 	at android.app.Activity.startActivity(Activity.java:3595)
08-09 15:32:34.773 E/AndroidRuntime( 1823): 	at com.rock.xinhuapk.UserActivity.call(UserActivity.java:133)
08-09 15:32:34.773 E/AndroidRuntime( 1823): 	at com.rock.xinhuapk.UserActivity.callmobile(UserActivity.java:141)
08-09 15:32:34.773 E/AndroidRuntime( 1823): 	at com.rock.xinhuapk.UserActivity.ViewClick(UserActivity.java:104)
08-09 15:32:34.773 E/AndroidRuntime( 1823): 	at com.lib.RockActivity$1.onClick(RockActivity.java:57)
08-09 15:32:34.773 E/AndroidRuntime( 1823): 	at android.view.View.performClick(View.java:4438)
08-09 15:32:34.773 E/AndroidRuntime( 1823): 	at android.view.View$PerformClick.run(View.java:18422)
08-09 15:32:34.773 E/AndroidRuntime( 1823): 	at android.os.Handler.handleCallback(Handler.java:733)
08-09 15:32:34.773 E/AndroidRuntime( 1823): 	at android.os.Handler.dispatchMessage(Handler.java:95)
08-09 15:32:34.773 E/AndroidRuntime( 1823): 	at android.os.Looper.loop(Looper.java:136)
08-09 15:32:34.773 E/AndroidRuntime( 1823): 	at android.app.ActivityThread.main(ActivityThread.java:5019)
08-09 15:32:34.773 E/AndroidRuntime( 1823): 	at java.lang.reflect.Method.invokeNative(Native Method)
08-09 15:32:34.773 E/AndroidRuntime( 1823): 	at java.lang.reflect.Method.invoke(Method.java:515)
08-09 15:32:34.773 E/AndroidRuntime( 1823): 	at com.android.internal.os.ZygoteInit$MethodAndArgsCaller.run(ZygoteInit.java:779)
08-09 15:32:34.773 E/AndroidRuntime( 1823): 	at com.android.internal.os.ZygoteInit.main(ZygoteInit.java:595)
08-09 15:32:34.773 E/AndroidRuntime( 1823): 	at dalvik.system.NativeStart.main(Native Method)
08-09 15:32:34.843 W/ActivityManager(  374):   Force finishing activity com.rock.xinhuapk/.UserActivity
08-09 15:32:34.923 W/WindowManager(  374): updateFocusedWindowLocked, focusedAppToken is null.
08-09 15:32:35.783 W/ActivityManager(  374): Activity pause timeout for ActivityRecord{4aa474e8 u0 com.rock.xinhuapk/.UserActivity t2 f}
08-09 15:32:38.623 W/ContextImpl(  374): Calling a method in the system process without a qualified user: android.app.ContextImpl.sendBroadcast:1123 com.android.server.am.ActivityManagerService.handleApplicationCrashInner:9670 com.android.server.am.ActivityManagerService.handleApplicationCrash:9644 android.app.ActivityManagerNative.onTransact:1311 com.android.server.am.ActivityManagerService.onTransact:2071 
08-09 15:32:38.873 I/Process ( 1823): Sending signal. PID: 1823 SIG: 9
08-09 15:32:40.353 F/libc    ( 1861): Fatal signal 13 (SIGPIPE) at 0x00000745 (code=0), thread 1861 (busybox)
08-09 15:32:40.403 I/ActivityManager(  374): Process com.rock.xinhuapk (pid 1823) has died.
08-09 15:32:40.423 W/NetworkManagementSocketTagger(  374): setKernelCountSet(10029, 0) failed with errno -13
08-09 15:32:40.423 W/InputDispatcher(  374): channel '4a933158 com.rock.xinhuapk/com.rock.xinhuapk.IndexActivity (server)' ~ Consumer closed input channel or an error occurred.  events=0x9
08-09 15:32:40.423 E/InputDispatcher(  374): channel '4a933158 com.rock.xinhuapk/com.rock.xinhuapk.IndexActivity (server)' ~ Channel is unrecoverably broken and will be disposed!
08-09 15:32:40.423 W/InputDispatcher(  374): channel '4aad5958 com.rock.xinhuapk/com.rock.xinhuapk.UserActivity (server)' ~ Consumer closed input channel or an error occurred.  events=0x9
08-09 15:32:40.423 E/InputDispatcher(  374): channel '4aad5958 com.rock.xinhuapk/com.rock.xinhuapk.UserActivity (server)' ~ Channel is unrecoverably broken and will be disposed!
08-09 15:32:40.423 W/InputDispatcher(  374): channel '4a936138 com.rock.xinhuapk/com.rock.xinhuapk.UserActivity (server)' ~ Consumer closed input channel or an error occurred.  events=0xd
08-09 15:32:40.423 E/InputDispatcher(  374): channel '4a936138 com.rock.xinhuapk/com.rock.xinhuapk.UserActivity (server)' ~ Channel is unrecoverably broken and will be disposed!
08-09 15:32:40.513 I/DEBUG   (  166): *** *** *** *** *** *** *** *** *** *** *** *** *** *** *** ***
08-09 15:32:40.523 I/DEBUG   (  166): Build fingerprint: 'samsung/SM-G955N/dream2lteks:4.4.2/NRD90M/381181018:user/release-keys'
08-09 15:32:40.523 I/DEBUG   (  166): Revision: '0'
08-09 15:32:40.523 I/DEBUG   (  166): pid: 1861, tid: 1861, name: busybox  >>> busybox <<<
08-09 15:32:40.523 I/DEBUG   (  166): signal 13 (SIGPIPE), code -6 (SI_TKILL), fault addr --------
08-09 15:32:40.533 I/Choreographer(  374): Skipped 94 frames!  The application may be doing too much work on its main thread.
08-09 15:32:40.533 W/NativeCrashListener(  374): Couldn't find ProcessRecord for pid 1861
08-09 15:32:40.543 W/InputDispatcher(  374): Attempted to unregister already unregistered input channel '4a933158 com.rock.xinhuapk/com.rock.xinhuapk.IndexActivity (server)'
08-09 15:32:40.543 I/WindowState(  374): WIN DEATH: Window{4a933158 u0 com.rock.xinhuapk/com.rock.xinhuapk.IndexActivity}
08-09 15:32:40.553 W/InputDispatcher(  374): Attempted to unregister already unregistered input channel '4aad5958 com.rock.xinhuapk/com.rock.xinhuapk.UserActivity (server)'
08-09 15:32:40.553 I/WindowState(  374): WIN DEATH: Window{4aad5958 u0 com.rock.xinhuapk/com.rock.xinhuapk.UserActivity}
08-09 15:32:40.573 W/InputDispatcher(  374): Attempted to unregister already unregistered input channel '4a936138 com.rock.xinhuapk/com.rock.xinhuapk.UserActivity (server)'
08-09 15:32:40.573 I/WindowState(  374): WIN DEATH: Window{4a936138 u0 com.rock.xinhuapk/com.rock.xinhuapk.UserActivity}
08-09 15:32:40.683 I/DEBUG   (  166):     eax ffffffe0  ebx 00000001  ecx b7da9fd0  edx 00000002
08-09 15:32:40.683 I/DEBUG   (  166): AM write failure (32 / Broken pipe)
08-09 15:32:40.683 I/DEBUG   (  166):     esi b761a214  edi b7da9fd0
08-09 15:32:40.683 I/DEBUG   (  166):     xcs 00000073  xds 0000007b  xes 0000007b  xfs 00000000  xss 0000007b
08-09 15:32:40.683 I/DEBUG   (  166):     eip b75b5456  ebp b761a214  esp bf9968e0  flags 00010202
08-09 15:32:40.723 I/DEBUG   (  166): 
08-09 15:32:40.723 I/DEBUG   (  166): backtrace:
08-09 15:32:40.723 I/DEBUG   (  166):     #00  pc 0003c456  /system/lib/libc.so (write+22)
08-09 15:32:40.723 I/DEBUG   (  166):     #01  pc 0000bab7  <unknown>
08-09 15:32:40.723 I/DEBUG   (  166): 
08-09 15:32:40.723 I/DEBUG   (  166): stack:
08-09 15:32:40.723 I/DEBUG   (  166):          bf9968a0  b7597fd7  /system/lib/libc.so (__swsetup+7)
08-09 15:32:40.723 I/DEBUG   (  166):          bf9968a4  b761a214  /system/lib/libc.so
08-09 15:32:40.723 I/DEBUG   (  166):          bf9968a8  00000888  
08-09 15:32:40.723 I/DEBUG   (  166):          bf9968ac  b75c06e7  /system/lib/libc.so
08-09 15:32:40.723 I/DEBUG   (  166):          bf9968b0  b7da9fd1  [heap]
08-09 15:32:40.723 I/DEBUG   (  166):          bf9968b4  b7da8920  [heap]
08-09 15:32:40.723 I/DEBUG   (  166):          bf9968b8  00000001  
08-09 15:32:40.723 I/DEBUG   (  166):          bf9968bc  b758bd4f  /system/lib/libc.so (dlmalloc+351)
08-09 15:32:40.723 I/DEBUG   (  166):          bf9968c0  00000000  
08-09 15:32:40.723 I/DEBUG   (  166):          bf9968c4  00000000  
08-09 15:32:40.723 I/DEBUG   (  166):          bf9968c8  b776db90  /system/bin/busybox
08-09 15:32:40.723 I/DEBUG   (  166):          bf9968cc  b7696cc7  /system/bin/busybox (next_token+359)
08-09 15:32:40.723 I/DEBUG   (  166):          bf9968d0  b7da8921  [heap]
08-09 15:32:40.723 I/DEBUG   (  166):          bf9968d4  00000001  
08-09 15:32:40.733 I/DEBUG   (  166):          bf9968d8  bf996934  [stack]
08-09 15:32:40.733 I/DEBUG   (  166):          bf9968dc  b7619fcc  /system/lib/libc.so
08-09 15:32:40.733 I/DEBUG   (  166):     #00  bf9968e0  b7628ab8  
08-09 15:32:40.733 I/DEBUG   (  166):          bf9968e4  00001000  
08-09 15:32:40.733 I/DEBUG   (  166):          bf9968e8  b7619fcc  /system/lib/libc.so
08-09 15:32:40.733 I/DEBUG   (  166):          bf9968ec  b75c0f17  /system/lib/libc.so (__swrite+103)
08-09 15:32:40.733 I/DEBUG   (  166):          bf9968f0  00000001  
08-09 15:32:40.733 I/DEBUG   (  166):          bf9968f4  b7da9fd0  [heap]
08-09 15:32:40.733 I/DEBUG   (  166):          bf9968f8  00000002  
08-09 15:32:40.733 I/DEBUG   (  166):          bf9968fc  b7596b33  /system/lib/libc.so (fputs+99)
08-09 15:32:40.733 I/DEBUG   (  166):          bf996900  b761a214  /system/lib/libc.so
08-09 15:32:40.733 I/DEBUG   (  166):          bf996904  b7619fcc  /system/lib/libc.so
08-09 15:32:40.793 I/DEBUG   (  166):          bf996908  00000002  
08-09 15:32:40.793 I/DEBUG   (  166):          bf99690c  b75bf0e9  /system/lib/libc.so (fflush+185)
08-09 15:32:40.793 I/DEBUG   (  166):          bf996910  b761a214  /system/lib/libc.so
08-09 15:32:40.793 I/DEBUG   (  166):          bf996914  b7da9fd0  [heap]
08-09 15:32:40.793 I/DEBUG   (  166):          bf996918  00000002  
08-09 15:32:40.793 I/DEBUG   (  166):          bf99691c  b7da9980  [heap]
08-09 15:32:40.833 I/BootReceiver(  374): Copying /data/tombstones/tombstone_03 to DropBox (SYSTEM_TOMBSTONE)
08-09 15:32:41.133 D/dalvikvm( 1863): Late-enabling CheckJNI
08-09 15:32:41.173 I/ActivityManager(  374): Start proc com.rock.xinhuapk for activity com.rock.xinhuapk/.UserActivity: pid=1863 uid=10029 gids={50029, 3003, 1028, 1015, 1023}
08-09 15:32:42.143 I/Choreographer(  374): Skipped 42 frames!  The application may be doing too much work on its main thread.
08-09 15:32:42.283 W/NetworkManagementSocketTagger(  374): setKernelCountSet(10029, 1) failed with errno -13
08-09 15:32:42.463 I/dalvikvm( 1863): ignoring registerObject request in thread=1
08-09 15:32:42.463 I/dalvikvm( 1863): ignoring registerObject request in thread=1
08-09 15:32:42.893 I/dalvikvm( 1863): Could not find method android.view.Window.setStatusBarColor, referenced from method com.lib.Rock.setStatusColor
08-09 15:32:42.893 W/dalvikvm( 1863): VFY: unable to resolve virtual method 853: Landroid/view/Window;.setStatusBarColor (I)V
08-09 15:32:42.893 D/dalvikvm( 1863): VFY: replacing opcode 0x6e at 0x001a
08-09 15:32:43.053 D/dalvikvm( 1863): JIT code cache reset in 0 ms (0 bytes 1/0)
08-09 15:32:43.053 D/dalvikvm( 1863): GC_CONCURRENT freed 93K, 5% free 3268K/3420K, paused 19ms+11ms, total 44ms
08-09 15:32:43.113 D/dalvikvm( 1863): GC_CONCURRENT freed 81K, 4% free 3700K/3836K, paused 11ms+8ms, total 28ms
08-09 15:32:43.113 D/dalvikvm( 1863): WAIT_FOR_CONCURRENT_GC blocked 11ms
08-09 15:32:43.183 D/dalvikvm( 1863): GC_CONCURRENT freed 160K, 6% free 4052K/4268K, paused 21ms+3ms, total 33ms
08-09 15:32:43.183 D/dalvikvm( 1863): WAIT_FOR_CONCURRENT_GC blocked 8ms
08-09 15:32:43.263 D/dalvikvm( 1863): GC_CONCURRENT freed 134K, 5% free 4430K/4620K, paused 10ms+9ms, total 30ms
08-09 15:32:43.263 D/dalvikvm( 1863): WAIT_FOR_CONCURRENT_GC blocked 4ms
08-09 15:32:43.313 D/dalvikvm( 1863): GC_CONCURRENT freed 163K, 5% free 4781K/5000K, paused 14ms+8ms, total 31ms
08-09 15:32:43.313 D/dalvikvm( 1863): WAIT_FOR_CONCURRENT_GC blocked 3ms
08-09 15:32:43.393 D/dalvikvm( 1863): GC_CONCURRENT freed 152K, 3% free 5338K/5452K, paused 10ms+1ms, total 41ms
08-09 15:32:43.893 D/libEGL  ( 1863): loaded /system/lib/egl/libEGL_adreno.so
08-09 15:32:43.973 D/        ( 1863): HostConnection::get() New Host Connection established 0xb7be9c30, tid 1863
08-09 15:32:44.003 D/libEGL  ( 1863): loaded /system/lib/egl/libGLESv1_CM_adreno.so
08-09 15:32:44.013 D/libEGL  ( 1863): loaded /system/lib/egl/libGLESv2_adreno.so
08-09 15:32:44.093 W/EGL_emulation( 1863): eglSurfaceAttrib not implemented 3093 12436
08-09 15:32:44.113 D/OpenGLRenderer( 1863): Enabling debug mode 0
08-09 15:32:44.133 W/ContextImpl(  374): Calling a method in the system process without a qualified user: android.app.ContextImpl.sendBroadcast:1123 com.android.server.InputMethodManagerService.hideCurrentInputLocked:1880 com.android.server.InputMethodManagerService.windowGainedFocus:1968 com.android.internal.view.IInputMethodManager$Stub.onTransact:221 com.android.server.InputMethodManagerService.onTransact:818 
08-09 15:32:44.153 W/InputMethodManagerService(  374): Got RemoteException sending setActive(false) notification to pid 1823 uid 10029
08-09 15:32:44.173 W/Binder  (  699): Caught a RuntimeException from the binder stub implementation.
08-09 15:32:44.173 W/Binder  (  699): java.lang.NullPointerException
08-09 15:32:44.173 W/Binder  (  699): 	at android.inputmethodservice.IInputMethodWrapper.setSessionEnabled(IInputMethodWrapper.java:280)
08-09 15:32:44.173 W/Binder  (  699): 	at com.android.internal.view.IInputMethod$Stub.onTransact(IInputMethod.java:129)
08-09 15:32:44.173 W/Binder  (  699): 	at android.os.Binder.execTransact(Binder.java:404)
08-09 15:32:44.173 W/Binder  (  699): 	at dalvik.system.NativeStart.run(Native Method)
08-09 15:32:44.733 I/ActivityManager(  374): Displayed com.rock.xinhuapk/.UserActivity: +4s59ms
08-09 15:34:20.633 D/dalvikvm( 1863): GC_FOR_ALLOC freed 2192K, 40% free 3517K/5772K, paused 83ms, total 86ms
08-09 15:34:20.633 I/dalvikvm-heap( 1863): Grow heap (frag case) to 4.563MB for 1127532-byte allocation
08-09 15:34:20.723 D/dalvikvm( 1863): GC_CONCURRENT freed 2K, 33% free 4616K/6876K, paused 21ms+1ms, total 89ms
08-09 15:34:20.733 I/Choreographer(  374): Skipped 41 frames!  The application may be doing too much work on its main thread.
08-09 15:34:21.303 D/dalvikvm( 1863): GC_CONCURRENT freed 17K, 27% free 5031K/6876K, paused 15ms+1ms, total 33ms
08-09 15:34:21.303 D/dalvikvm( 1863): WAIT_FOR_CONCURRENT_GC blocked 18ms
08-09 15:34:21.553 D/dalvikvm( 1863): GC_CONCURRENT freed 302K, 22% free 5400K/6876K, paused 21ms+11ms, total 46ms
08-09 15:34:22.133 D/dalvikvm( 1863): GC_CONCURRENT freed 353K, 16% free 5801K/6876K, paused 4ms+1ms, total 42ms
08-09 15:34:22.403 V/xiaomi  ( 1577): [Thread:57] JOB: Handle intent action = com.xiaomi.mipush.CLEAR_NOTIFICATION
08-09 15:34:22.663 V/xiaomi  ( 1863): [Thread:78] ASSEMBLE_PUSH : assemble push register
08-09 15:34:22.893 V/xiaomi  ( 1863): [Thread:74] empty local vid
08-09 15:34:22.963 D/dalvikvm( 1863): GC_FOR_ALLOC freed 915K, 18% free 5699K/6876K, paused 20ms, total 26ms
08-09 15:34:22.963 I/dalvikvm-heap( 1863): Grow heap (frag case) to 5.770MB for 160012-byte allocation
08-09 15:34:22.993 D/dalvikvm( 1863): GC_FOR_ALLOC freed 11K, 17% free 5843K/7036K, paused 29ms, total 29ms
08-09 15:34:23.053 V/xiaomi  ( 1577): [Thread:57] JOB: Handle intent action = com.xiaomi.mipush.SEND_MESSAGE
08-09 15:34:23.053 V/xiaomi  ( 1577): [Thread:57] try send mi push message. packagename:com.rock.xinhuapk action:Command
08-09 15:34:23.143 V/xiaomi  ( 1577): [Thread:57] JOB: Handle intent action = action_cr_config
08-09 15:34:23.383 I/Choreographer( 1863): Skipped 56 frames!  The application may be doing too much work on its main thread.
08-09 15:34:23.603 W/EGL_emulation( 1863): eglSurfaceAttrib not implemented 3093 12436
08-09 15:34:23.953 I/Choreographer( 1863): Skipped 32 frames!  The application may be doing too much work on its main thread.
08-09 15:34:24.493 I/ActivityManager(  374): Displayed com.rock.xinhuapk/.IndexActivity: +5s122ms
08-09 15:34:25.363 W/ContextImpl(  374): Calling a method in the system process without a qualified user: android.app.ContextImpl.sendBroadcast:1123 com.android.server.InputMethodManagerService.hideCurrentInputLocked:1880 com.android.server.InputMethodManagerService.windowGainedFocus:1968 com.android.internal.view.IInputMethodManager$Stub.onTransact:221 com.android.server.InputMethodManagerService.onTransact:818 
08-09 15:34:27.563 D/dalvikvm( 1863): GC_CONCURRENT freed 696K, 14% free 6050K/7028K, paused 16ms+1ms, total 39ms
08-09 15:34:27.563 D/dalvikvm( 1863): WAIT_FOR_CONCURRENT_GC blocked 24ms
08-09 15:34:30.943 D/dalvikvm( 1863): GC_FOR_ALLOC freed 423K, 16% free 5970K/7096K, paused 16ms, total 29ms
08-09 15:34:30.943 I/dalvikvm-heap( 1863): Grow heap (frag case) to 6.134MB for 263504-byte allocation
08-09 15:34:30.963 D/dalvikvm( 1863): GC_FOR_ALLOC freed <1K, 16% free 6227K/7356K, paused 20ms, total 20ms
08-09 15:34:31.043 D/dalvikvm( 1863): GC_CONCURRENT freed 344K, 6% free 6976K/7376K, paused 7ms+1ms, total 37ms
08-09 15:34:31.043 D/dalvikvm( 1863): WAIT_FOR_CONCURRENT_GC blocked 9ms
08-09 15:34:31.273 D/dalvikvm( 1863): GC_CONCURRENT freed 356K, 5% free 7909K/8324K, paused 24ms+6ms, total 102ms
08-09 15:34:31.273 D/dalvikvm( 1863): WAIT_FOR_CONCURRENT_GC blocked 3ms
08-09 15:34:31.403 I/Choreographer( 1863): Skipped 33 frames!  The application may be doing too much work on its main thread.
08-09 15:34:32.703 D/dalvikvm( 1863): GC_FOR_ALLOC freed 1121K, 14% free 8313K/9608K, paused 18ms, total 21ms
08-09 15:34:33.173 D/dalvikvm( 1863): GC_FOR_ALLOC freed 388K, 10% free 9174K/10148K, paused 98ms, total 103ms
08-09 15:34:33.883 D/dalvikvm( 1863): GC_FOR_ALLOC freed 466K, 9% free 10377K/11292K, paused 21ms, total 23ms
08-09 15:34:34.843 D/dalvikvm( 1863): GC_FOR_ALLOC freed 597K, 8% free 11913K/12880K, paused 63ms, total 76ms
08-09 15:34:35.963 D/dalvikvm( 1863): GC_FOR_ALLOC freed 766K, 8% free 13866K/14952K, paused 67ms, total 68ms
08-09 15:34:36.803 I/InputDispatcher(  374): Window 'Window{4aa7cd30 u0 com.rock.xinhuapk/com.rock.xinhuapk.IndexActivity}' spent 4289.0ms processing the last input event: MotionEvent(deviceId=3, source=0x00001002, action=0, flags=0x00000000, metaState=0x00000000, buttonState=0x00000000, edgeFlags=0x00000000, xPrecision=1.0, yPrecision=1.0, displayId=0, pointers=[0: (418.6, 609.7)]), policyFlags=0x42000000
08-09 15:34:36.803 I/InputDispatcher(  374): Window 'Window{4aa7cd30 u0 com.rock.xinhuapk/com.rock.xinhuapk.IndexActivity}' spent 4208.7ms processing the last input event: MotionEvent(deviceId=3, source=0x00001002, action=1, flags=0x00000000, metaState=0x00000000, buttonState=0x00000000, edgeFlags=0x00000000, xPrecision=1.0, yPrecision=1.0, displayId=0, pointers=[0: (418.6, 609.7)]), policyFlags=0x42000000
08-09 15:34:36.803 I/Choreographer( 1863): Skipped 256 frames!  The application may be doing too much work on its main thread.
08-09 15:34:39.433 D/dalvikvm( 1863): GC_CONCURRENT freed 1644K, 10% free 15793K/17500K, paused 44ms+5ms, total 77ms
08-09 15:34:39.433 D/dalvikvm( 1863): WAIT_FOR_CONCURRENT_GC blocked 34ms
08-09 15:35:03.253 I/ActivityManager(  374): START u0 {cmp=com.rock.xinhuapk/.UserActivity (has extras)} from pid 1863
08-09 15:35:04.503 D/dalvikvm( 1863): GC_CONCURRENT freed 10250K, 52% free 9826K/20132K, paused 73ms+5ms, total 243ms
08-09 15:35:04.503 D/dalvikvm( 1863): WAIT_FOR_CONCURRENT_GC blocked 157ms
08-09 15:35:05.603 W/EGL_emulation( 1863): eglSurfaceAttrib not implemented 3093 12436
08-09 15:35:05.873 V/xiaomi  ( 1577): [Thread:57] JOB: Handle intent action = com.xiaomi.push.timer
08-09 15:35:05.873 V/xiaomi  ( 1577): [Thread:57] Service called on timer
08-09 15:35:06.373 W/ContextImpl(  374): Calling a method in the system process without a qualified user: android.app.ContextImpl.sendBroadcast:1123 com.android.server.InputMethodManagerService.hideCurrentInputLocked:1880 com.android.server.InputMethodManagerService.windowGainedFocus:1968 com.android.internal.view.IInputMethodManager$Stub.onTransact:221 com.android.server.InputMethodManagerService.onTransact:818 
08-09 15:35:06.473 I/Choreographer( 1863): Skipped 49 frames!  The application may be doing too much work on its main thread.
08-09 15:35:08.143 I/Choreographer(  374): Skipped 31 frames!  The application may be doing too much work on its main thread.
08-09 15:35:09.203 I/ActivityManager(  374): Displayed com.rock.xinhuapk/.UserActivity: +5s851ms
08-09 15:35:09.723 V/xiaomi  ( 1577): [Thread:57] [Slim] SND ping id=0
08-09 15:35:10.133 V/xiaomi  ( 1577): [Thread:67] [Slim] RCV ping id=0
08-09 15:35:10.263 V/xiaomi  ( 1577): [Thread:57] TinyData TinyDataCacheProcessor.pingFollowUpAction ts:1596958510275
08-09 15:35:10.273 V/xiaomi  ( 1577): [Thread:57] TinyData TinyDataCacheProcessor.pingFollowUpAction !canUpload(uploader) ts:1596958510278
08-09 15:35:11.613 I/ActivityManager(  374): START u0 {act=android.intent.action.DIAL dat=tel:xxxxxxxxxxx flg=0x10000000} from pid 1863
08-09 15:35:11.653 D/AndroidRuntime( 1863): Shutting down VM
08-09 15:35:11.653 W/dalvikvm( 1863): threadid=1: thread exiting with uncaught exception (group=0x94c4db20)
08-09 15:35:11.653 E/AndroidRuntime( 1863): FATAL EXCEPTION: main
08-09 15:35:11.653 E/AndroidRuntime( 1863): Process: com.rock.xinhuapk, PID: 1863
08-09 15:35:11.653 E/AndroidRuntime( 1863): android.content.ActivityNotFoundException: No Activity found to handle Intent { act=android.intent.action.DIAL dat=tel:xxxxxxxxxxx flg=0x10000000 }
08-09 15:35:11.653 E/AndroidRuntime( 1863): 	at android.app.Instrumentation.checkStartActivityResult(Instrumentation.java:1649)
08-09 15:35:11.653 E/AndroidRuntime( 1863): 	at android.app.Instrumentation.execStartActivity(Instrumentation.java:1441)
08-09 15:35:11.653 E/AndroidRuntime( 1863): 	at android.app.Activity.startActivityForResult(Activity.java:3424)
08-09 15:35:11.653 E/AndroidRuntime( 1863): 	at android.app.Activity.startActivityForResult(Activity.java:3385)
08-09 15:35:11.653 E/AndroidRuntime( 1863): 	at android.app.Activity.startActivity(Activity.java:3627)
08-09 15:35:11.653 E/AndroidRuntime( 1863): 	at android.app.Activity.startActivity(Activity.java:3595)
08-09 15:35:11.653 E/AndroidRuntime( 1863): 	at com.rock.xinhuapk.UserActivity.call(UserActivity.java:133)
08-09 15:35:11.653 E/AndroidRuntime( 1863): 	at com.rock.xinhuapk.UserActivity.callmobile(UserActivity.java:141)
08-09 15:35:11.653 E/AndroidRuntime( 1863): 	at com.rock.xinhuapk.UserActivity.ViewClick(UserActivity.java:104)
08-09 15:35:11.653 E/AndroidRuntime( 1863): 	at com.lib.RockActivity$1.onClick(RockActivity.java:57)
08-09 15:35:11.653 E/AndroidRuntime( 1863): 	at android.view.View.performClick(View.java:4438)
08-09 15:35:11.653 E/AndroidRuntime( 1863): 	at android.view.View$PerformClick.run(View.java:18422)
08-09 15:35:11.653 E/AndroidRuntime( 1863): 	at android.os.Handler.handleCallback(Handler.java:733)
08-09 15:35:11.653 E/AndroidRuntime( 1863): 	at android.os.Handler.dispatchMessage(Handler.java:95)
08-09 15:35:11.653 E/AndroidRuntime( 1863): 	at android.os.Looper.loop(Looper.java:136)
08-09 15:35:11.653 E/AndroidRuntime( 1863): 	at android.app.ActivityThread.main(ActivityThread.java:5019)
08-09 15:35:11.653 E/AndroidRuntime( 1863): 	at java.lang.reflect.Method.invokeNative(Native Method)
08-09 15:35:11.653 E/AndroidRuntime( 1863): 	at java.lang.reflect.Method.invoke(Method.java:515)
08-09 15:35:11.653 E/AndroidRuntime( 1863): 	at com.android.internal.os.ZygoteInit$MethodAndArgsCaller.run(ZygoteInit.java:779)
08-09 15:35:11.653 E/AndroidRuntime( 1863): 	at com.android.internal.os.ZygoteInit.main(ZygoteInit.java:595)
08-09 15:35:11.653 E/AndroidRuntime( 1863): 	at dalvik.system.NativeStart.main(Native Method)
08-09 15:35:11.663 W/ActivityManager(  374):   Force finishing activity com.rock.xinhuapk/.UserActivity
08-09 15:35:11.763 W/WindowManager(  374): updateFocusedWindowLocked, focusedAppToken is null.
08-09 15:35:12.603 W/ActivityManager(  374): Activity pause timeout for ActivityRecord{4aa89460 u0 com.rock.xinhuapk/.UserActivity t2 f}
08-09 15:35:13.823 I/Choreographer(  374): Skipped 72 frames!  The application may be doing too much work on its main thread.
08-09 15:35:15.633 W/ContextImpl(  374): Calling a method in the system process without a qualified user: android.app.ContextImpl.sendBroadcast:1123 com.android.server.am.ActivityManagerService.handleApplicationCrashInner:9670 com.android.server.am.ActivityManagerService.handleApplicationCrash:9644 android.app.ActivityManagerNative.onTransact:1311 com.android.server.am.ActivityManagerService.onTransact:2071 
08-09 15:35:15.653 I/Process ( 1863): Sending signal. PID: 1863 SIG: 9
08-09 15:35:17.393 F/libc    ( 1911): Fatal signal 13 (SIGPIPE) at 0x00000777 (code=0), thread 1911 (busybox)
08-09 15:35:17.413 I/ActivityManager(  374): Process com.rock.xinhuapk (pid 1863) has died.
08-09 15:35:17.433 W/NetworkManagementSocketTagger(  374): setKernelCountSet(10029, 0) failed with errno -13
08-09 15:35:17.493 I/WindowState(  374): WIN DEATH: Window{4aa7cd30 u0 com.rock.xinhuapk/com.rock.xinhuapk.IndexActivity}
08-09 15:35:17.503 I/DEBUG   (  166): *** *** *** *** *** *** *** *** *** *** *** *** *** *** *** ***
08-09 15:35:17.513 I/DEBUG   (  166): Build fingerprint: 'samsung/SM-G955N/dream2lteks:4.4.2/NRD90M/381181018:user/release-keys'
08-09 15:35:17.513 I/DEBUG   (  166): AM write failure (32 / Broken pipe)
08-09 15:35:17.513 I/DEBUG   (  166): Revision: '0'
08-09 15:35:17.513 I/DEBUG   (  166): pid: 1911, tid: 1911, name: busybox  >>> busybox <<<
08-09 15:35:17.513 I/DEBUG   (  166): signal 13 (SIGPIPE), code -6 (SI_TKILL), fault addr --------
08-09 15:35:17.513 W/NativeCrashListener(  374): Couldn't find ProcessRecord for pid 1911
08-09 15:35:17.553 I/WindowState(  374): WIN DEATH: Window{4aa8a280 u0 com.rock.xinhuapk/com.rock.xinhuapk.UserActivity}
08-09 15:35:17.623 I/DEBUG   (  166):     eax ffffffe0  ebx 00000001  ecx b7964fd0  edx 00000002
08-09 15:35:17.623 I/DEBUG   (  166):     esi b763e214  edi b7964fd0
08-09 15:35:17.623 I/DEBUG   (  166):     xcs 00000073  xds 0000007b  xes 0000007b  xfs 00000000  xss 0000007b
08-09 15:35:17.623 I/DEBUG   (  166):     eip b75d9456  ebp b763e214  esp bf832e70  flags 00010202
08-09 15:35:17.633 I/DEBUG   (  166): 
08-09 15:35:17.633 I/DEBUG   (  166): backtrace:
08-09 15:35:17.633 I/DEBUG   (  166):     #00  pc 0003c456  /system/lib/libc.so (write+22)
08-09 15:35:17.633 I/DEBUG   (  166):     #01  pc 0000bab7  <unknown>
08-09 15:35:17.633 I/DEBUG   (  166): 
08-09 15:35:17.633 I/DEBUG   (  166): stack:
08-09 15:35:17.633 I/DEBUG   (  166):          bf832e30  b75bbfd7  /system/lib/libc.so (__swsetup+7)
08-09 15:35:17.633 I/DEBUG   (  166):          bf832e34  b763e214  /system/lib/libc.so
08-09 15:35:17.633 I/DEBUG   (  166):          bf832e38  00000888  
08-09 15:35:17.633 I/DEBUG   (  166):          bf832e3c  b75e46e7  /system/lib/libc.so
08-09 15:35:17.633 I/DEBUG   (  166):          bf832e40  b7964fd1  [heap]
08-09 15:35:17.633 I/DEBUG   (  166):          bf832e44  b7963920  [heap]
08-09 15:35:17.633 I/DEBUG   (  166):          bf832e48  00000001  
08-09 15:35:17.633 I/DEBUG   (  166):          bf832e4c  b75afd4f  /system/lib/libc.so (dlmalloc+351)
08-09 15:35:17.633 I/DEBUG   (  166):          bf832e50  00000000  
08-09 15:35:17.633 I/DEBUG   (  166):          bf832e54  00000000  
08-09 15:35:17.633 I/DEBUG   (  166):          bf832e58  b7791b90  /system/bin/busybox
08-09 15:35:17.633 I/DEBUG   (  166):          bf832e5c  b76bacc7  /system/bin/busybox (next_token+359)
08-09 15:35:17.633 I/DEBUG   (  166):          bf832e60  b7963921  [heap]
08-09 15:35:17.633 I/DEBUG   (  166):          bf832e64  00000001  
08-09 15:35:17.633 I/DEBUG   (  166):          bf832e68  bf832ec4  [stack]
08-09 15:35:17.633 I/DEBUG   (  166):          bf832e6c  b763dfcc  /system/lib/libc.so
08-09 15:35:17.633 I/DEBUG   (  166):     #00  bf832e70  b764cab8  
08-09 15:35:17.633 I/DEBUG   (  166):          bf832e74  00001000  
08-09 15:35:17.633 I/DEBUG   (  166):          bf832e78  b763dfcc  /system/lib/libc.so
08-09 15:35:17.633 I/DEBUG   (  166):          bf832e7c  b75e4f17  /system/lib/libc.so (__swrite+103)
08-09 15:35:17.633 I/DEBUG   (  166):          bf832e80  00000001  
08-09 15:35:17.633 I/DEBUG   (  166):          bf832e84  b7964fd0  [heap]
08-09 15:35:17.633 I/DEBUG   (  166):          bf832e88  00000002  
08-09 15:35:17.633 I/DEBUG   (  166):          bf832e8c  b75bab33  /system/lib/libc.so (fputs+99)
08-09 15:35:17.633 I/DEBUG   (  166):          bf832e90  b763e214  /system/lib/libc.so
08-09 15:35:17.643 I/DEBUG   (  166):          bf832e94  b763dfcc  /system/lib/libc.so
08-09 15:35:17.643 I/DEBUG   (  166):          bf832e98  00000002  
08-09 15:35:17.693 I/DEBUG   (  166):          bf832e9c  b75e30e9  /system/lib/libc.so (fflush+185)
08-09 15:35:17.693 I/DEBUG   (  166):          bf832ea0  b763e214  /system/lib/libc.so
08-09 15:35:17.693 I/DEBUG   (  166):          bf832ea4  b7964fd0  [heap]
08-09 15:35:17.693 I/DEBUG   (  166):          bf832ea8  00000002  
08-09 15:35:17.693 I/DEBUG   (  166):          bf832eac  b7964980  [heap]
08-09 15:35:17.733 I/BootReceiver(  374): Copying /data/tombstones/tombstone_04 to DropBox (SYSTEM_TOMBSTONE)
08-09 15:35:18.183 D/dalvikvm(  374): GC_CONCURRENT freed 1130K, 12% free 9006K/10196K, paused 13ms+125ms, total 668ms
08-09 15:35:18.323 I/ActivityManager(  374): Start proc com.rock.xinhuapk for activity com.rock.xinhuapk/.IndexActivity: pid=1913 uid=10029 gids={50029, 3003, 1028, 1015, 1023}
08-09 15:35:18.473 D/dalvikvm(  169): GC_EXPLICIT freed 42K, 4% free 2952K/3052K, paused 4ms+1ms, total 162ms
08-09 15:35:18.523 D/dalvikvm(  169): GC_EXPLICIT freed <1K, 4% free 2952K/3052K, paused 4ms+3ms, total 33ms
08-09 15:35:18.643 D/dalvikvm(  169): GC_EXPLICIT freed <1K, 4% free 2952K/3052K, paused 3ms+1ms, total 107ms
08-09 15:35:18.793 D/dalvikvm( 1913): Late-enabling CheckJNI
08-09 15:35:18.933 W/WindowManager(  374): Rebuild removed 3 windows but added 2
08-09 15:35:18.933 W/WindowManager(  374): java.lang.RuntimeException: here
08-09 15:35:18.933 W/WindowManager(  374): 	at com.android.server.wm.WindowManagerService.rebuildAppWindowListLocked(WindowManagerService.java:8199)
08-09 15:35:18.933 W/WindowManager(  374): 	at com.android.server.wm.WindowManagerService.rebuildAppWindowListLocked(WindowManagerService.java:8135)
08-09 15:35:18.933 W/WindowManager(  374): 	at com.android.server.wm.WindowManagerService.handleAnimatingStoppedAndTransitionLocked(WindowManagerService.java:8879)
08-09 15:35:18.933 W/WindowManager(  374): 	at com.android.server.wm.WindowManagerService.performLayoutAndPlaceSurfacesLockedInner(WindowManagerService.java:9393)
08-09 15:35:18.933 W/WindowManager(  374): 	at com.android.server.wm.WindowManagerService.performLayoutAndPlaceSurfacesLockedLoop(WindowManagerService.java:8351)
08-09 15:35:18.933 W/WindowManager(  374): 	at com.android.server.wm.WindowManagerService.performLayoutAndPlaceSurfacesLocked(WindowManagerService.java:8293)
08-09 15:35:18.933 W/WindowManager(  374): 	at com.android.server.wm.WindowManagerService.relayoutWindow(WindowManagerService.java:3179)
08-09 15:35:18.933 W/WindowManager(  374): 	at com.android.server.wm.Session.relayout(Session.java:190)
08-09 15:35:18.933 W/WindowManager(  374): 	at android.view.ViewRootImpl.relayoutWindow(ViewRootImpl.java:5173)
08-09 15:35:18.933 W/WindowManager(  374): 	at android.view.ViewRootImpl.performTraversals(ViewRootImpl.java:1438)
08-09 15:35:18.933 W/WindowManager(  374): 	at android.view.ViewRootImpl.doTraversal(ViewRootImpl.java:1024)
08-09 15:35:18.933 W/WindowManager(  374): 	at android.view.ViewRootImpl$TraversalRunnable.run(ViewRootImpl.java:5694)
08-09 15:35:18.933 W/WindowManager(  374): 	at android.view.Choreographer$CallbackRecord.run(Choreographer.java:761)
08-09 15:35:18.933 W/WindowManager(  374): 	at android.view.Choreographer.doCallbacks(Choreographer.java:574)
08-09 15:35:18.933 W/WindowManager(  374): 	at android.view.Choreographer.doFrame(Choreographer.java:544)
08-09 15:35:18.933 W/WindowManager(  374): 	at android.view.Choreographer$FrameDisplayEventReceiver.run(Choreographer.java:747)
08-09 15:35:18.933 W/WindowManager(  374): 	at android.os.Handler.handleCallback(Handler.java:733)
08-09 15:35:18.933 W/WindowManager(  374): 	at android.os.Handler.dispatchMessage(Handler.java:95)
08-09 15:35:18.933 W/WindowManager(  374): 	at android.os.Looper.loop(Looper.java:136)
08-09 15:35:18.933 W/WindowManager(  374): 	at android.os.HandlerThread.run(HandlerThread.java:61)
08-09 15:35:18.933 W/WindowManager(  374): This window was lost: Window{4aa8a280 u0 com.rock.xinhuapk/com.rock.xinhuapk.UserActivity}
